
===========================================================================
report_checks -unconstrained
===========================================================================
======================= nom_ss_100C_1v60 Corner ===================================

Startpoint: reset (input port clocked by clk)
Endpoint: _1562_ (recovery check against rising-edge clock clk)
Path Group: asynchronous
Path Type: max

Fanout         Cap        Slew       Delay        Time   Description
---------------------------------------------------------------------------------------------
                                  0.000000    0.000000   clock clk (rise edge)
                                  0.000000    0.000000   clock network delay (propagated)
                                  2.000000    2.000000 v input external delay
     3    0.122426    0.525852    0.421728    2.421728 v reset (in)
                                                         reset (net)
                      0.541020    0.000000    2.421728 v _1826_/A (sky130_fd_sc_hd__buf_2)
     5    0.036259    0.175794    0.602735    3.024462 v _1826_/X (sky130_fd_sc_hd__buf_2)
                                                         _0629_ (net)
                      0.175826    0.002453    3.026916 v _1090_/A (sky130_fd_sc_hd__inv_2)
     4    0.049921    0.364726    0.368774    3.395689 ^ _1090_/Y (sky130_fd_sc_hd__inv_2)
                                                         _0291_ (net)
                      0.364733    0.001418    3.397107 ^ fanout64/A (sky130_fd_sc_hd__clkdlybuf4s25_1)
     9    0.027917    0.455486    0.903053    4.300160 ^ fanout64/X (sky130_fd_sc_hd__clkdlybuf4s25_1)
                                                         net64 (net)
                      0.455486    0.000977    4.301138 ^ _1983_/A (sky130_fd_sc_hd__buf_2)
     1    0.004316    0.061642    0.355616    4.656754 ^ _1983_/X (sky130_fd_sc_hd__buf_2)
                                                         _0877_ (net)
                      0.061642    0.000105    4.656858 ^ _1562_/RESET_B (sky130_fd_sc_hd__dfrtp_2)
                                              4.656858   data arrival time

                                 10.000000   10.000000   clock clk (rise edge)
                                  0.000000   10.000000   clock source latency
     2    0.157321    1.138872    0.793148   10.793148 ^ clk (in)
                                                         clk (net)
                      1.154477    0.000000   10.793148 ^ clkbuf_regs_0_clk/A (sky130_fd_sc_hd__clkbuf_16)
     1    0.008569    0.076270    0.545937   11.339085 ^ clkbuf_regs_0_clk/X (sky130_fd_sc_hd__clkbuf_16)
                                                         clk_regs (net)
                      0.076271    0.000255   11.339339 ^ clkbuf_0_clk_regs/A (sky130_fd_sc_hd__clkbuf_16)
     8    0.078792    0.146453    0.280000   11.619340 ^ clkbuf_0_clk_regs/X (sky130_fd_sc_hd__clkbuf_16)
                                                         clknet_0_clk_regs (net)
                      0.146515    0.002666   11.622005 ^ clkbuf_3_2_0_clk_regs/A (sky130_fd_sc_hd__clkbuf_8)
     2    0.018941    0.080956    0.254842   11.876848 ^ clkbuf_3_2_0_clk_regs/X (sky130_fd_sc_hd__clkbuf_8)
                                                         clknet_3_2_0_clk_regs (net)
                      0.080958    0.000526   11.877374 ^ clkbuf_4_4__f_clk_regs/A (sky130_fd_sc_hd__clkbuf_16)
     9    0.028472    0.078326    0.226583   12.103957 ^ clkbuf_4_4__f_clk_regs/X (sky130_fd_sc_hd__clkbuf_16)
                                                         clknet_4_4__leaf_clk_regs (net)
                      0.078327    0.000389   12.104346 ^ _1562_/CLK (sky130_fd_sc_hd__dfrtp_2)
                                 -0.100000   12.004346   clock uncertainty
                                  0.000000   12.004346   clock reconvergence pessimism
                                  0.450909   12.455255   library recovery time
                                             12.455255   data required time
---------------------------------------------------------------------------------------------
                                             12.455255   data required time
                                             -4.656858   data arrival time
---------------------------------------------------------------------------------------------
                                              7.798397   slack (MET)


Startpoint: _1542_ (rising edge-triggered flip-flop clocked by clk)
Endpoint: gpio[3] (output port clocked by clk)
Path Group: clk
Path Type: max

Fanout         Cap        Slew       Delay        Time   Description
---------------------------------------------------------------------------------------------
                                  0.000000    0.000000   clock clk (rise edge)
                                  0.000000    0.000000   clock source latency
     2    0.157321    1.138872    0.876637    0.876637 ^ clk (in)
                                                         clk (net)
                      1.154477    0.000000    0.876637 ^ clkbuf_regs_0_clk/A (sky130_fd_sc_hd__clkbuf_16)
     1    0.008569    0.076270    0.603404    1.480040 ^ clkbuf_regs_0_clk/X (sky130_fd_sc_hd__clkbuf_16)
                                                         clk_regs (net)
                      0.076271    0.000282    1.480322 ^ clkbuf_0_clk_regs/A (sky130_fd_sc_hd__clkbuf_16)
     8    0.078792    0.146453    0.309474    1.789796 ^ clkbuf_0_clk_regs/X (sky130_fd_sc_hd__clkbuf_16)
                                                         clknet_0_clk_regs (net)
                      0.146515    0.002954    1.792750 ^ clkbuf_3_5_0_clk_regs/A (sky130_fd_sc_hd__clkbuf_8)
     2    0.019206    0.081558    0.282362    2.075112 ^ clkbuf_3_5_0_clk_regs/X (sky130_fd_sc_hd__clkbuf_8)
                                                         clknet_3_5_0_clk_regs (net)
                      0.081559    0.000431    2.075543 ^ clkbuf_4_11__f_clk_regs/A (sky130_fd_sc_hd__clkbuf_16)
     8    0.027288    0.076763    0.248782    2.324325 ^ clkbuf_4_11__f_clk_regs/X (sky130_fd_sc_hd__clkbuf_16)
                                                         clknet_4_11__leaf_clk_regs (net)
                      0.076764    0.000539    2.324863 ^ _1542_/CLK (sky130_fd_sc_hd__dfxtp_4)
     3    0.024440    0.094544    0.738457    3.063320 v _1542_/Q (sky130_fd_sc_hd__dfxtp_4)
                                                         u_top.RV32I_Logic.Single_Cycle_Datapath.pcREG.q[12] (net)
                      0.094579    0.001414    3.064734 v rebuffer183/A (sky130_fd_sc_hd__buf_2)
     2    0.014517    0.091212    0.303711    3.368445 v rebuffer183/X (sky130_fd_sc_hd__buf_2)
                                                         net182 (net)
                      0.091217    0.000816    3.369261 v _1128_/A_N (sky130_fd_sc_hd__nand2b_2)
     2    0.013330    0.148904    0.448151    3.817411 v _1128_/Y (sky130_fd_sc_hd__nand2b_2)
                                                         _0464_ (net)
                      0.148904    0.000500    3.817911 v fanout49/A (sky130_fd_sc_hd__buf_6)
    10    0.043036    0.087581    0.308808    4.126719 v fanout49/X (sky130_fd_sc_hd__buf_6)
                                                         net49 (net)
                      0.087642    0.002256    4.128975 v _1198_/A (sky130_fd_sc_hd__or3b_4)
     1    0.008046    0.131059    0.823894    4.952870 v _1198_/X (sky130_fd_sc_hd__or3b_4)
                                                         _0534_ (net)
                      0.131059    0.000327    4.953197 v _1201_/B1 (sky130_fd_sc_hd__o31ai_2)
     1    0.008103    0.392655    0.153427    5.106624 ^ _1201_/Y (sky130_fd_sc_hd__o31ai_2)
                                                         _0537_ (net)
                      0.392655    0.000363    5.106987 ^ _1202_/B (sky130_fd_sc_hd__or2_4)
     1    0.004818    0.058398    0.348188    5.455174 ^ _1202_/X (sky130_fd_sc_hd__or2_4)
                                                         _0538_ (net)
                      0.058398    0.000170    5.455344 ^ _1204_/B1 (sky130_fd_sc_hd__o211a_2)
     2    0.009499    0.131290    0.433892    5.889236 ^ _1204_/X (sky130_fd_sc_hd__o211a_2)
                                                         _0540_ (net)
                      0.131290    0.000384    5.889620 ^ _1252_/A (sky130_fd_sc_hd__and4_2)
     1    0.004457    0.110882    0.472795    6.362415 ^ _1252_/X (sky130_fd_sc_hd__and4_2)
                                                         _0567_ (net)
                      0.110882    0.000155    6.362570 ^ _1258_/C (sky130_fd_sc_hd__and4b_2)
     2    0.023190    0.249182    0.671971    7.034541 ^ _1258_/X (sky130_fd_sc_hd__and4b_2)
                                                         _0573_ (net)
                      0.249182    0.000689    7.035230 ^ rebuffer170/A (sky130_fd_sc_hd__buf_6)
     1    0.009483    0.055103    0.254894    7.290124 ^ rebuffer170/X (sky130_fd_sc_hd__buf_6)
                                                         net169 (net)
                      0.055103    0.000290    7.290415 ^ _1259_/D (sky130_fd_sc_hd__nor4_4)
     3    0.026424    0.136366    0.092305    7.382720 v _1259_/Y (sky130_fd_sc_hd__nor4_4)
                                                         _0574_ (net)
                      0.136379    0.002590    7.385310 v _1262_/A (sky130_fd_sc_hd__nor2_4)
     1    0.069422    0.696216    0.658569    8.043880 ^ _1262_/Y (sky130_fd_sc_hd__nor2_4)
                                                         _0694_ (net)
                      0.697248    0.023244    8.067123 ^ wire3/A (sky130_fd_sc_hd__buf_8)
     1    0.034189    0.111625    0.442602    8.509725 ^ wire3/X (sky130_fd_sc_hd__buf_8)
                                                         gpio[3] (net)
                      0.111627    0.000713    8.510438 ^ gpio[3] (out)
                                              8.510438   data arrival time

                                 10.000000   10.000000   clock clk (rise edge)
                                  0.000000   10.000000   clock network delay (propagated)
                                 -0.100000    9.900001   clock uncertainty
                                  0.000000    9.900001   clock reconvergence pessimism
                                 -2.000000    7.900000   output external delay
                                              7.900000   data required time
---------------------------------------------------------------------------------------------
                                              7.900000   data required time
                                             -8.510438   data arrival time
---------------------------------------------------------------------------------------------
                                             -0.610438   slack (VIOLATED)




===========================================================================
report_checks --slack_max -0.01
============================================================================
======================= nom_ss_100C_1v60 Corner ===================================

Startpoint: _1542_ (rising edge-triggered flip-flop clocked by clk)
Endpoint: gpio[3] (output port clocked by clk)
Path Group: clk
Path Type: max

Fanout         Cap        Slew       Delay        Time   Description
---------------------------------------------------------------------------------------------
                                  0.000000    0.000000   clock clk (rise edge)
                                  0.000000    0.000000   clock source latency
     2    0.157321    1.138872    0.876637    0.876637 ^ clk (in)
                                                         clk (net)
                      1.154477    0.000000    0.876637 ^ clkbuf_regs_0_clk/A (sky130_fd_sc_hd__clkbuf_16)
     1    0.008569    0.076270    0.603404    1.480040 ^ clkbuf_regs_0_clk/X (sky130_fd_sc_hd__clkbuf_16)
                                                         clk_regs (net)
                      0.076271    0.000282    1.480322 ^ clkbuf_0_clk_regs/A (sky130_fd_sc_hd__clkbuf_16)
     8    0.078792    0.146453    0.309474    1.789796 ^ clkbuf_0_clk_regs/X (sky130_fd_sc_hd__clkbuf_16)
                                                         clknet_0_clk_regs (net)
                      0.146515    0.002954    1.792750 ^ clkbuf_3_5_0_clk_regs/A (sky130_fd_sc_hd__clkbuf_8)
     2    0.019206    0.081558    0.282362    2.075112 ^ clkbuf_3_5_0_clk_regs/X (sky130_fd_sc_hd__clkbuf_8)
                                                         clknet_3_5_0_clk_regs (net)
                      0.081559    0.000431    2.075543 ^ clkbuf_4_11__f_clk_regs/A (sky130_fd_sc_hd__clkbuf_16)
     8    0.027288    0.076763    0.248782    2.324325 ^ clkbuf_4_11__f_clk_regs/X (sky130_fd_sc_hd__clkbuf_16)
                                                         clknet_4_11__leaf_clk_regs (net)
                      0.076764    0.000539    2.324863 ^ _1542_/CLK (sky130_fd_sc_hd__dfxtp_4)
     3    0.024440    0.094544    0.738457    3.063320 v _1542_/Q (sky130_fd_sc_hd__dfxtp_4)
                                                         u_top.RV32I_Logic.Single_Cycle_Datapath.pcREG.q[12] (net)
                      0.094579    0.001414    3.064734 v rebuffer183/A (sky130_fd_sc_hd__buf_2)
     2    0.014517    0.091212    0.303711    3.368445 v rebuffer183/X (sky130_fd_sc_hd__buf_2)
                                                         net182 (net)
                      0.091217    0.000816    3.369261 v _1128_/A_N (sky130_fd_sc_hd__nand2b_2)
     2    0.013330    0.148904    0.448151    3.817411 v _1128_/Y (sky130_fd_sc_hd__nand2b_2)
                                                         _0464_ (net)
                      0.148904    0.000500    3.817911 v fanout49/A (sky130_fd_sc_hd__buf_6)
    10    0.043036    0.087581    0.308808    4.126719 v fanout49/X (sky130_fd_sc_hd__buf_6)
                                                         net49 (net)
                      0.087642    0.002256    4.128975 v _1198_/A (sky130_fd_sc_hd__or3b_4)
     1    0.008046    0.131059    0.823894    4.952870 v _1198_/X (sky130_fd_sc_hd__or3b_4)
                                                         _0534_ (net)
                      0.131059    0.000327    4.953197 v _1201_/B1 (sky130_fd_sc_hd__o31ai_2)
     1    0.008103    0.392655    0.153427    5.106624 ^ _1201_/Y (sky130_fd_sc_hd__o31ai_2)
                                                         _0537_ (net)
                      0.392655    0.000363    5.106987 ^ _1202_/B (sky130_fd_sc_hd__or2_4)
     1    0.004818    0.058398    0.348188    5.455174 ^ _1202_/X (sky130_fd_sc_hd__or2_4)
                                                         _0538_ (net)
                      0.058398    0.000170    5.455344 ^ _1204_/B1 (sky130_fd_sc_hd__o211a_2)
     2    0.009499    0.131290    0.433892    5.889236 ^ _1204_/X (sky130_fd_sc_hd__o211a_2)
                                                         _0540_ (net)
                      0.131290    0.000384    5.889620 ^ _1252_/A (sky130_fd_sc_hd__and4_2)
     1    0.004457    0.110882    0.472795    6.362415 ^ _1252_/X (sky130_fd_sc_hd__and4_2)
                                                         _0567_ (net)
                      0.110882    0.000155    6.362570 ^ _1258_/C (sky130_fd_sc_hd__and4b_2)
     2    0.023190    0.249182    0.671971    7.034541 ^ _1258_/X (sky130_fd_sc_hd__and4b_2)
                                                         _0573_ (net)
                      0.249182    0.000689    7.035230 ^ rebuffer170/A (sky130_fd_sc_hd__buf_6)
     1    0.009483    0.055103    0.254894    7.290124 ^ rebuffer170/X (sky130_fd_sc_hd__buf_6)
                                                         net169 (net)
                      0.055103    0.000290    7.290415 ^ _1259_/D (sky130_fd_sc_hd__nor4_4)
     3    0.026424    0.136366    0.092305    7.382720 v _1259_/Y (sky130_fd_sc_hd__nor4_4)
                                                         _0574_ (net)
                      0.136379    0.002590    7.385310 v _1262_/A (sky130_fd_sc_hd__nor2_4)
     1    0.069422    0.696216    0.658569    8.043880 ^ _1262_/Y (sky130_fd_sc_hd__nor2_4)
                                                         _0694_ (net)
                      0.697248    0.023244    8.067123 ^ wire3/A (sky130_fd_sc_hd__buf_8)
     1    0.034189    0.111625    0.442602    8.509725 ^ wire3/X (sky130_fd_sc_hd__buf_8)
                                                         gpio[3] (net)
                      0.111627    0.000713    8.510438 ^ gpio[3] (out)
                                              8.510438   data arrival time

                                 10.000000   10.000000   clock clk (rise edge)
                                  0.000000   10.000000   clock network delay (propagated)
                                 -0.100000    9.900001   clock uncertainty
                                  0.000000    9.900001   clock reconvergence pessimism
                                 -2.000000    7.900000   output external delay
                                              7.900000   data required time
---------------------------------------------------------------------------------------------
                                              7.900000   data required time
                                             -8.510438   data arrival time
---------------------------------------------------------------------------------------------
                                             -0.610438   slack (VIOLATED)




===========================================================================
 report_check_types -max_slew -max_cap -max_fanout -violators
============================================================================
======================= nom_ss_100C_1v60 Corner ===================================

max slew

Pin                                        Limit        Slew       Slack
------------------------------------------------------------------------
u_top.dataMemory.sram_odd_words/wmask0[3]    0.040000    0.223933   -0.183933 (VIOLATED)
u_top.dataMemory.sram_odd_words/addr0[0]    0.040000    0.221098   -0.181098 (VIOLATED)
u_top.dataMemory.sram_odd_words/addr0[3]    0.040000    0.219843   -0.179843 (VIOLATED)
u_top.dataMemory.sram_even_words/wmask0[3]    0.040000    0.218720   -0.178720 (VIOLATED)
u_top.dataMemory.sram_odd_words/wmask0[2]    0.040000    0.218639   -0.178639 (VIOLATED)
u_top.dataMemory.sram_even_words/addr0[4]    0.040000    0.215973   -0.175973 (VIOLATED)
u_top.dataMemory.sram_odd_words/addr0[8]    0.040000    0.215030   -0.175030 (VIOLATED)
u_top.dataMemory.sram_even_words/addr0[2]    0.040000    0.214401   -0.174401 (VIOLATED)
u_top.dataMemory.sram_odd_words/wmask0[1]    0.040000    0.213900   -0.173900 (VIOLATED)
u_top.dataMemory.sram_even_words/addr0[6]    0.040000    0.212417   -0.172417 (VIOLATED)
u_top.dataMemory.sram_odd_words/addr0[7]    0.040000    0.212209   -0.172209 (VIOLATED)
u_top.dataMemory.sram_even_words/wmask0[1]    0.040000    0.212145   -0.172145 (VIOLATED)
u_top.dataMemory.sram_even_words/addr0[8]    0.040000    0.210691   -0.170691 (VIOLATED)
u_top.dataMemory.sram_odd_words/addr0[1]    0.040000    0.210028   -0.170028 (VIOLATED)
u_top.dataMemory.sram_even_words/addr0[7]    0.040000    0.208648   -0.168648 (VIOLATED)
u_top.dataMemory.sram_odd_words/addr0[6]    0.040000    0.208033   -0.168033 (VIOLATED)
u_top.dataMemory.sram_even_words/wmask0[2]    0.040000    0.207776   -0.167776 (VIOLATED)
u_top.dataMemory.sram_odd_words/addr0[5]    0.040000    0.206719   -0.166719 (VIOLATED)
u_top.dataMemory.sram_even_words/addr0[5]    0.040000    0.206505   -0.166505 (VIOLATED)
u_top.dataMemory.sram_even_words/addr0[0]    0.040000    0.206384   -0.166384 (VIOLATED)
u_top.dataMemory.sram_odd_words/addr0[4]    0.040000    0.205970   -0.165970 (VIOLATED)
u_top.dataMemory.sram_even_words/addr0[3]    0.040000    0.205897   -0.165897 (VIOLATED)
u_top.dataMemory.sram_odd_words/addr0[2]    0.040000    0.204877   -0.164877 (VIOLATED)
u_top.dataMemory.sram_even_words/addr0[1]    0.040000    0.204448   -0.164448 (VIOLATED)
u_top.dataMemory.sram_even_words/wmask0[0]    0.040000    0.204265   -0.164265 (VIOLATED)
u_top.dataMemory.sram_odd_words/wmask0[0]    0.040000    0.203602   -0.163602 (VIOLATED)

max fanout

Pin                                   Limit Fanout  Slack
---------------------------------------------------------
_1573_/Q                                 10     14     -4 (VIOLATED)



===========================================================================
report_parasitic_annotation -report_unannotated
============================================================================
Found 250 unannotated drivers.
 _1667_/X
 _1667__154/HI
 _1668_/X
 _1668__155/HI
 _1669_/X
 _1669__156/HI
 _1670_/X
 _1670__157/HI
 _1671__163/LO
 _1673__158/HI
 _1675_/X
 _1676_/X
 _1677_/X
 _1678_/X
 _1679_/X
 _1680_/X
 _1681_/X
 _1682_/X
 _1683_/X
 _1684_/X
 _1684__159/HI
 _1685_/X
 _1686_/X
 _1687_/X
 _1688_/X
 _1688__160/HI
 _1689_/X
 _1690_/X
 _1691_/X
 _1692_/X
 _1692__161/HI
 _1693_/X
 _1694_/X
 _1695_/X
 _1696_/X
 _1696__162/HI
 _1697__164/LO
 clkload0/X
 clkload1/X
 clkload2/X
 u_top.dataMemory.sram_even_words/dout0[0]
 u_top.dataMemory.sram_even_words/dout0[10]
 u_top.dataMemory.sram_even_words/dout0[11]
 u_top.dataMemory.sram_even_words/dout0[12]
 u_top.dataMemory.sram_even_words/dout0[13]
 u_top.dataMemory.sram_even_words/dout0[14]
 u_top.dataMemory.sram_even_words/dout0[15]
 u_top.dataMemory.sram_even_words/dout0[16]
 u_top.dataMemory.sram_even_words/dout0[17]
 u_top.dataMemory.sram_even_words/dout0[18]
 u_top.dataMemory.sram_even_words/dout0[19]
 u_top.dataMemory.sram_even_words/dout0[1]
 u_top.dataMemory.sram_even_words/dout0[20]
 u_top.dataMemory.sram_even_words/dout0[21]
 u_top.dataMemory.sram_even_words/dout0[22]
 u_top.dataMemory.sram_even_words/dout0[23]
 u_top.dataMemory.sram_even_words/dout0[24]
 u_top.dataMemory.sram_even_words/dout0[25]
 u_top.dataMemory.sram_even_words/dout0[26]
 u_top.dataMemory.sram_even_words/dout0[27]
 u_top.dataMemory.sram_even_words/dout0[28]
 u_top.dataMemory.sram_even_words/dout0[29]
 u_top.dataMemory.sram_even_words/dout0[2]
 u_top.dataMemory.sram_even_words/dout0[30]
 u_top.dataMemory.sram_even_words/dout0[31]
 u_top.dataMemory.sram_even_words/dout0[3]
 u_top.dataMemory.sram_even_words/dout0[4]
 u_top.dataMemory.sram_even_words/dout0[5]
 u_top.dataMemory.sram_even_words/dout0[6]
 u_top.dataMemory.sram_even_words/dout0[7]
 u_top.dataMemory.sram_even_words/dout0[8]
 u_top.dataMemory.sram_even_words/dout0[9]
 u_top.dataMemory.sram_even_words/dout1[0]
 u_top.dataMemory.sram_even_words/dout1[10]
 u_top.dataMemory.sram_even_words/dout1[11]
 u_top.dataMemory.sram_even_words/dout1[12]
 u_top.dataMemory.sram_even_words/dout1[13]
 u_top.dataMemory.sram_even_words/dout1[14]
 u_top.dataMemory.sram_even_words/dout1[15]
 u_top.dataMemory.sram_even_words/dout1[16]
 u_top.dataMemory.sram_even_words/dout1[17]
 u_top.dataMemory.sram_even_words/dout1[18]
 u_top.dataMemory.sram_even_words/dout1[19]
 u_top.dataMemory.sram_even_words/dout1[1]
 u_top.dataMemory.sram_even_words/dout1[20]
 u_top.dataMemory.sram_even_words/dout1[21]
 u_top.dataMemory.sram_even_words/dout1[22]
 u_top.dataMemory.sram_even_words/dout1[23]
 u_top.dataMemory.sram_even_words/dout1[24]
 u_top.dataMemory.sram_even_words/dout1[25]
 u_top.dataMemory.sram_even_words/dout1[26]
 u_top.dataMemory.sram_even_words/dout1[27]
 u_top.dataMemory.sram_even_words/dout1[28]
 u_top.dataMemory.sram_even_words/dout1[29]
 u_top.dataMemory.sram_even_words/dout1[2]
 u_top.dataMemory.sram_even_words/dout1[30]
 u_top.dataMemory.sram_even_words/dout1[31]
 u_top.dataMemory.sram_even_words/dout1[3]
 u_top.dataMemory.sram_even_words/dout1[4]
 u_top.dataMemory.sram_even_words/dout1[5]
 u_top.dataMemory.sram_even_words/dout1[6]
 u_top.dataMemory.sram_even_words/dout1[7]
 u_top.dataMemory.sram_even_words/dout1[8]
 u_top.dataMemory.sram_even_words/dout1[9]
 u_top.dataMemory.sram_even_words_100/HI
 u_top.dataMemory.sram_even_words_101/HI
 u_top.dataMemory.sram_even_words_102/HI
 u_top.dataMemory.sram_even_words_103/HI
 u_top.dataMemory.sram_even_words_104/HI
 u_top.dataMemory.sram_even_words_105/HI
 u_top.dataMemory.sram_even_words_106/HI
 u_top.dataMemory.sram_even_words_107/HI
 u_top.dataMemory.sram_even_words_108/HI
 u_top.dataMemory.sram_even_words_109/HI
 u_top.dataMemory.sram_even_words_110/HI
 u_top.dataMemory.sram_even_words_111/HI
 u_top.dataMemory.sram_even_words_112/HI
 u_top.dataMemory.sram_even_words_72/HI
 u_top.dataMemory.sram_even_words_73/HI
 u_top.dataMemory.sram_even_words_74/HI
 u_top.dataMemory.sram_even_words_75/HI
 u_top.dataMemory.sram_even_words_76/HI
 u_top.dataMemory.sram_even_words_77/HI
 u_top.dataMemory.sram_even_words_78/HI
 u_top.dataMemory.sram_even_words_79/HI
 u_top.dataMemory.sram_even_words_80/HI
 u_top.dataMemory.sram_even_words_81/HI
 u_top.dataMemory.sram_even_words_82/HI
 u_top.dataMemory.sram_even_words_83/HI
 u_top.dataMemory.sram_even_words_84/HI
 u_top.dataMemory.sram_even_words_85/HI
 u_top.dataMemory.sram_even_words_86/HI
 u_top.dataMemory.sram_even_words_87/HI
 u_top.dataMemory.sram_even_words_88/HI
 u_top.dataMemory.sram_even_words_89/HI
 u_top.dataMemory.sram_even_words_90/HI
 u_top.dataMemory.sram_even_words_91/HI
 u_top.dataMemory.sram_even_words_92/HI
 u_top.dataMemory.sram_even_words_93/HI
 u_top.dataMemory.sram_even_words_94/HI
 u_top.dataMemory.sram_even_words_95/HI
 u_top.dataMemory.sram_even_words_96/HI
 u_top.dataMemory.sram_even_words_97/HI
 u_top.dataMemory.sram_even_words_98/HI
 u_top.dataMemory.sram_even_words_99/HI
 u_top.dataMemory.sram_odd_words/dout0[0]
 u_top.dataMemory.sram_odd_words/dout0[10]
 u_top.dataMemory.sram_odd_words/dout0[11]
 u_top.dataMemory.sram_odd_words/dout0[12]
 u_top.dataMemory.sram_odd_words/dout0[13]
 u_top.dataMemory.sram_odd_words/dout0[14]
 u_top.dataMemory.sram_odd_words/dout0[15]
 u_top.dataMemory.sram_odd_words/dout0[16]
 u_top.dataMemory.sram_odd_words/dout0[17]
 u_top.dataMemory.sram_odd_words/dout0[18]
 u_top.dataMemory.sram_odd_words/dout0[19]
 u_top.dataMemory.sram_odd_words/dout0[1]
 u_top.dataMemory.sram_odd_words/dout0[20]
 u_top.dataMemory.sram_odd_words/dout0[21]
 u_top.dataMemory.sram_odd_words/dout0[22]
 u_top.dataMemory.sram_odd_words/dout0[23]
 u_top.dataMemory.sram_odd_words/dout0[24]
 u_top.dataMemory.sram_odd_words/dout0[25]
 u_top.dataMemory.sram_odd_words/dout0[26]
 u_top.dataMemory.sram_odd_words/dout0[27]
 u_top.dataMemory.sram_odd_words/dout0[28]
 u_top.dataMemory.sram_odd_words/dout0[29]
 u_top.dataMemory.sram_odd_words/dout0[2]
 u_top.dataMemory.sram_odd_words/dout0[30]
 u_top.dataMemory.sram_odd_words/dout0[31]
 u_top.dataMemory.sram_odd_words/dout0[3]
 u_top.dataMemory.sram_odd_words/dout0[4]
 u_top.dataMemory.sram_odd_words/dout0[5]
 u_top.dataMemory.sram_odd_words/dout0[6]
 u_top.dataMemory.sram_odd_words/dout0[7]
 u_top.dataMemory.sram_odd_words/dout0[8]
 u_top.dataMemory.sram_odd_words/dout0[9]
 u_top.dataMemory.sram_odd_words/dout1[0]
 u_top.dataMemory.sram_odd_words/dout1[10]
 u_top.dataMemory.sram_odd_words/dout1[11]
 u_top.dataMemory.sram_odd_words/dout1[12]
 u_top.dataMemory.sram_odd_words/dout1[13]
 u_top.dataMemory.sram_odd_words/dout1[14]
 u_top.dataMemory.sram_odd_words/dout1[15]
 u_top.dataMemory.sram_odd_words/dout1[16]
 u_top.dataMemory.sram_odd_words/dout1[17]
 u_top.dataMemory.sram_odd_words/dout1[18]
 u_top.dataMemory.sram_odd_words/dout1[19]
 u_top.dataMemory.sram_odd_words/dout1[1]
 u_top.dataMemory.sram_odd_words/dout1[20]
 u_top.dataMemory.sram_odd_words/dout1[21]
 u_top.dataMemory.sram_odd_words/dout1[22]
 u_top.dataMemory.sram_odd_words/dout1[23]
 u_top.dataMemory.sram_odd_words/dout1[24]
 u_top.dataMemory.sram_odd_words/dout1[25]
 u_top.dataMemory.sram_odd_words/dout1[26]
 u_top.dataMemory.sram_odd_words/dout1[27]
 u_top.dataMemory.sram_odd_words/dout1[28]
 u_top.dataMemory.sram_odd_words/dout1[29]
 u_top.dataMemory.sram_odd_words/dout1[2]
 u_top.dataMemory.sram_odd_words/dout1[30]
 u_top.dataMemory.sram_odd_words/dout1[31]
 u_top.dataMemory.sram_odd_words/dout1[3]
 u_top.dataMemory.sram_odd_words/dout1[4]
 u_top.dataMemory.sram_odd_words/dout1[5]
 u_top.dataMemory.sram_odd_words/dout1[6]
 u_top.dataMemory.sram_odd_words/dout1[7]
 u_top.dataMemory.sram_odd_words/dout1[8]
 u_top.dataMemory.sram_odd_words/dout1[9]
 u_top.dataMemory.sram_odd_words_113/HI
 u_top.dataMemory.sram_odd_words_114/HI
 u_top.dataMemory.sram_odd_words_115/HI
 u_top.dataMemory.sram_odd_words_116/HI
 u_top.dataMemory.sram_odd_words_117/HI
 u_top.dataMemory.sram_odd_words_118/HI
 u_top.dataMemory.sram_odd_words_119/HI
 u_top.dataMemory.sram_odd_words_120/HI
 u_top.dataMemory.sram_odd_words_121/HI
 u_top.dataMemory.sram_odd_words_122/HI
 u_top.dataMemory.sram_odd_words_123/HI
 u_top.dataMemory.sram_odd_words_124/HI
 u_top.dataMemory.sram_odd_words_125/HI
 u_top.dataMemory.sram_odd_words_126/HI
 u_top.dataMemory.sram_odd_words_127/HI
 u_top.dataMemory.sram_odd_words_128/HI
 u_top.dataMemory.sram_odd_words_129/HI
 u_top.dataMemory.sram_odd_words_130/HI
 u_top.dataMemory.sram_odd_words_131/HI
 u_top.dataMemory.sram_odd_words_132/HI
 u_top.dataMemory.sram_odd_words_133/HI
 u_top.dataMemory.sram_odd_words_134/HI
 u_top.dataMemory.sram_odd_words_135/HI
 u_top.dataMemory.sram_odd_words_136/HI
 u_top.dataMemory.sram_odd_words_137/HI
 u_top.dataMemory.sram_odd_words_138/HI
 u_top.dataMemory.sram_odd_words_139/HI
 u_top.dataMemory.sram_odd_words_140/HI
 u_top.dataMemory.sram_odd_words_141/HI
 u_top.dataMemory.sram_odd_words_142/HI
 u_top.dataMemory.sram_odd_words_143/HI
 u_top.dataMemory.sram_odd_words_144/HI
 u_top.dataMemory.sram_odd_words_145/HI
 u_top.dataMemory.sram_odd_words_146/HI
 u_top.dataMemory.sram_odd_words_147/HI
 u_top.dataMemory.sram_odd_words_148/HI
 u_top.dataMemory.sram_odd_words_149/HI
 u_top.dataMemory.sram_odd_words_150/HI
 u_top.dataMemory.sram_odd_words_151/HI
 u_top.dataMemory.sram_odd_words_152/HI
 u_top.dataMemory.sram_odd_words_153/HI
Found 0 partially unannotated drivers.

===========================================================================
max slew violation count 26
max fanout violation count 1
max cap violation count 0
============================================================================

===========================================================================
check_setup -verbose -unconstrained_endpoints -multiple_clock -no_clock -no_input_delay -loops -generated_clocks
===========================================================================
