Clock: clk
Sources: clk 
Generated: no
Virtual: yes
Propagated: no
Period: 10.000000

===========================================================================
report_clock_properties
============================================================================
Clock                   Period          Waveform
----------------------------------------------------
clk                  10.000000    0.000000  5.000000

===========================================================================
report_clock_latency
============================================================================
Clock clk
rise -> rise
    min     max
0.000000 0.000000 source latency
1.735318         network latency u_top.dataMemory.sram_even_words/clk1
        2.331920 network latency _1567_/CLK
---------------
1.735318 2.331920 latency
        0.596602 skew

fall -> fall
    min     max
0.000000 0.000000 source latency
1.364477         network latency u_top.dataMemory.sram_even_words/clk1
        1.980856 network latency _1567_/CLK
---------------
1.364477 1.980856 latency
        0.616379 skew



===========================================================================
report_clock_min_period
============================================================================
clk period_min = 9.07 fmax = 110.20
