
===========================================================================
 report_power
============================================================================
======================= nom_ss_100C_1v60 Corner ===================================

Group                    Internal    Switching      Leakage        Total
                            Power        Power        Power        Power (Watts)
------------------------------------------------------------------------
Sequential           4.037261e-04 3.615023e-07 1.995596e-06 4.060832e-04   3.3%
Combinational        1.555469e-05 2.276077e-05 4.437559e-06 4.275301e-05   0.4%
Clock                3.665802e-04 2.516537e-04 1.136217e-06 6.193702e-04   5.1%
Macro                1.104672e-02 0.000000e+00 3.545200e-05 1.108217e-02  91.2%
Pad                  0.000000e+00 0.000000e+00 0.000000e+00 0.000000e+00   0.0%
------------------------------------------------------------------------
Total                1.183258e-02 2.747761e-04 4.302142e-05 1.215038e-02 100.0%
                            97.4%         2.3%         0.4%

