Netgen 1.5.316 compiled on Tue Feb 10 11:09:08 UTC 2026
Warning: netgen command 'format' use fully-qualified name '::netgen::format'
Warning: netgen command 'global' use fully-qualified name '::netgen::global'
Warning:  A case-insensitive file has been read and so the	verilog file must be treated case-insensitive to match.
Reading SPICE netlist file '/home/ayesha/.ciel/ciel/sky130/versions/8afc8346a57fe1ab7934ba5a6056ea8b43078e71/sky130A/libs.ref/sky130_fd_sc_hd/spice/sky130_ef_sc_hd__decap_12.spice'...
Call to undefined subcircuit sky130_fd_pr__pfet_01v8_hvt
Creating placeholder cell definition.
Call to undefined subcircuit sky130_fd_pr__nfet_01v8
Creating placeholder cell definition.
Reading SPICE netlist file '/home/ayesha/.ciel/ciel/sky130/versions/8afc8346a57fe1ab7934ba5a6056ea8b43078e71/sky130A/libs.ref/sky130_fd_sc_hd/spice/sky130_ef_sc_hd__decap_20_12.spice'...
Reading SPICE netlist file '/home/ayesha/.ciel/ciel/sky130/versions/8afc8346a57fe1ab7934ba5a6056ea8b43078e71/sky130A/libs.ref/sky130_fd_sc_hd/spice/sky130_ef_sc_hd__decap_40_12.spice'...
Reading SPICE netlist file '/home/ayesha/.ciel/ciel/sky130/versions/8afc8346a57fe1ab7934ba5a6056ea8b43078e71/sky130A/libs.ref/sky130_fd_sc_hd/spice/sky130_ef_sc_hd__decap_60_12.spice'...
Reading SPICE netlist file '/home/ayesha/.ciel/ciel/sky130/versions/8afc8346a57fe1ab7934ba5a6056ea8b43078e71/sky130A/libs.ref/sky130_fd_sc_hd/spice/sky130_ef_sc_hd__decap_80_12.spice'...
Reading SPICE netlist file '/home/ayesha/.ciel/ciel/sky130/versions/8afc8346a57fe1ab7934ba5a6056ea8b43078e71/sky130A/libs.ref/sky130_fd_sc_hd/spice/sky130_ef_sc_hd__fill_12.spice'...
Reading SPICE netlist file '/home/ayesha/.ciel/ciel/sky130/versions/8afc8346a57fe1ab7934ba5a6056ea8b43078e71/sky130A/libs.ref/sky130_fd_sc_hd/spice/sky130_ef_sc_hd__fill_2.spice'...
Reading SPICE netlist file '/home/ayesha/.ciel/ciel/sky130/versions/8afc8346a57fe1ab7934ba5a6056ea8b43078e71/sky130A/libs.ref/sky130_fd_sc_hd/spice/sky130_ef_sc_hd__fill_4.spice'...
Reading SPICE netlist file '/home/ayesha/.ciel/ciel/sky130/versions/8afc8346a57fe1ab7934ba5a6056ea8b43078e71/sky130A/libs.ref/sky130_fd_sc_hd/spice/sky130_ef_sc_hd__fill_8.spice'...
Reading SPICE netlist file '/home/ayesha/.ciel/ciel/sky130/versions/8afc8346a57fe1ab7934ba5a6056ea8b43078e71/sky130A/libs.ref/sky130_fd_sc_hd/spice/sky130_fd_sc_hd.spice'...
Call to undefined subcircuit sky130_fd_pr__res_generic_po
Creating placeholder cell definition.
Call to undefined subcircuit sky130_fd_pr__special_nfet_01v8
Creating placeholder cell definition.
Call to undefined subcircuit sky130_fd_pr__diode_pw2nd_05v5
Creating placeholder cell definition.
Call to undefined subcircuit sky130_fd_pr__special_pfet_01v8_hvt
Creating placeholder cell definition.
Call to undefined subcircuit sky130_fd_sc_hd__nand2_2
Creating placeholder cell definition.
Call to undefined subcircuit sky130_fd_sc_hd__nor2_2
Creating placeholder cell definition.
Reading Verilog netlist file '/home/ayesha/Downloads/riscv_mmu_fast_synthesis_project_an/riscv_mmu_fast_synthesis_project/runs/RUN_2026-09-13_10-44-24/54-openroad-fillinsertion/SoC_Hardened.pnl.v'...
Warning:  A case-insensitive file has been read and so the	verilog file must be treated case-insensitive to match.
Note:  Implicit pin HI in instance _1667__154 of sky130_fd_sc_hd__conb_1 in cell SoC_Hardened
Note:  Implicit pin HI in instance _1668__155 of sky130_fd_sc_hd__conb_1 in cell SoC_Hardened
Note:  Implicit pin HI in instance _1669__156 of sky130_fd_sc_hd__conb_1 in cell SoC_Hardened
Note:  Implicit pin HI in instance _1670__157 of sky130_fd_sc_hd__conb_1 in cell SoC_Hardened
Note:  Implicit pin LO in instance _1671__163 of sky130_fd_sc_hd__conb_1 in cell SoC_Hardened
Note:  Implicit pin HI in instance _1673__158 of sky130_fd_sc_hd__conb_1 in cell SoC_Hardened
Note:  Implicit pin HI in instance _1684__159 of sky130_fd_sc_hd__conb_1 in cell SoC_Hardened
Note:  Implicit pin HI in instance _1688__160 of sky130_fd_sc_hd__conb_1 in cell SoC_Hardened
Note:  Implicit pin HI in instance _1692__161 of sky130_fd_sc_hd__conb_1 in cell SoC_Hardened
Note:  Implicit pin HI in instance _1696__162 of sky130_fd_sc_hd__conb_1 in cell SoC_Hardened
Note:  Implicit pin LO in instance _1697__164 of sky130_fd_sc_hd__conb_1 in cell SoC_Hardened
Note:  Implicit pin X in instance clkload0 of sky130_fd_sc_hd__clkbuf_4 in cell SoC_Hardened
Note:  Implicit pin X in instance clkload1 of sky130_fd_sc_hd__clkbuf_4 in cell SoC_Hardened
Note:  Implicit pin X in instance clkload2 of sky130_fd_sc_hd__clkbuf_4 in cell SoC_Hardened
Creating placeholder cell definition for module sky130_sram_2kbyte_1rw1r_32x512_8.
Note:  Implicit pin HI in instance \u_top.dataMemory.sram_even_words_100  of sky130_fd_sc_hd__conb_1 in cell SoC_Hardened
Note:  Implicit pin HI in instance \u_top.dataMemory.sram_even_words_101  of sky130_fd_sc_hd__conb_1 in cell SoC_Hardened
Note:  Implicit pin HI in instance \u_top.dataMemory.sram_even_words_102  of sky130_fd_sc_hd__conb_1 in cell SoC_Hardened
Note:  Implicit pin HI in instance \u_top.dataMemory.sram_even_words_103  of sky130_fd_sc_hd__conb_1 in cell SoC_Hardened
Note:  Implicit pin HI in instance \u_top.dataMemory.sram_even_words_104  of sky130_fd_sc_hd__conb_1 in cell SoC_Hardened
Note:  Implicit pin HI in instance \u_top.dataMemory.sram_even_words_105  of sky130_fd_sc_hd__conb_1 in cell SoC_Hardened
Note:  Implicit pin HI in instance \u_top.dataMemory.sram_even_words_106  of sky130_fd_sc_hd__conb_1 in cell SoC_Hardened
Note:  Implicit pin HI in instance \u_top.dataMemory.sram_even_words_107  of sky130_fd_sc_hd__conb_1 in cell SoC_Hardened
Note:  Implicit pin HI in instance \u_top.dataMemory.sram_even_words_108  of sky130_fd_sc_hd__conb_1 in cell SoC_Hardened
Note:  Implicit pin HI in instance \u_top.dataMemory.sram_even_words_109  of sky130_fd_sc_hd__conb_1 in cell SoC_Hardened
Note:  Implicit pin HI in instance \u_top.dataMemory.sram_even_words_110  of sky130_fd_sc_hd__conb_1 in cell SoC_Hardened
Note:  Implicit pin HI in instance \u_top.dataMemory.sram_even_words_111  of sky130_fd_sc_hd__conb_1 in cell SoC_Hardened
Note:  Implicit pin HI in instance \u_top.dataMemory.sram_even_words_112  of sky130_fd_sc_hd__conb_1 in cell SoC_Hardened
Note:  Implicit pin HI in instance \u_top.dataMemory.sram_even_words_72  of sky130_fd_sc_hd__conb_1 in cell SoC_Hardened
Note:  Implicit pin HI in instance \u_top.dataMemory.sram_even_words_73  of sky130_fd_sc_hd__conb_1 in cell SoC_Hardened
Note:  Implicit pin HI in instance \u_top.dataMemory.sram_even_words_74  of sky130_fd_sc_hd__conb_1 in cell SoC_Hardened
Note:  Implicit pin HI in instance \u_top.dataMemory.sram_even_words_75  of sky130_fd_sc_hd__conb_1 in cell SoC_Hardened
Note:  Implicit pin HI in instance \u_top.dataMemory.sram_even_words_76  of sky130_fd_sc_hd__conb_1 in cell SoC_Hardened
Note:  Implicit pin HI in instance \u_top.dataMemory.sram_even_words_77  of sky130_fd_sc_hd__conb_1 in cell SoC_Hardened
Note:  Implicit pin HI in instance \u_top.dataMemory.sram_even_words_78  of sky130_fd_sc_hd__conb_1 in cell SoC_Hardened
Note:  Implicit pin HI in instance \u_top.dataMemory.sram_even_words_79  of sky130_fd_sc_hd__conb_1 in cell SoC_Hardened
Note:  Implicit pin HI in instance \u_top.dataMemory.sram_even_words_80  of sky130_fd_sc_hd__conb_1 in cell SoC_Hardened
Note:  Implicit pin HI in instance \u_top.dataMemory.sram_even_words_81  of sky130_fd_sc_hd__conb_1 in cell SoC_Hardened
Note:  Implicit pin HI in instance \u_top.dataMemory.sram_even_words_82  of sky130_fd_sc_hd__conb_1 in cell SoC_Hardened
Note:  Implicit pin HI in instance \u_top.dataMemory.sram_even_words_83  of sky130_fd_sc_hd__conb_1 in cell SoC_Hardened
Note:  Implicit pin HI in instance \u_top.dataMemory.sram_even_words_84  of sky130_fd_sc_hd__conb_1 in cell SoC_Hardened
Note:  Implicit pin HI in instance \u_top.dataMemory.sram_even_words_85  of sky130_fd_sc_hd__conb_1 in cell SoC_Hardened
Note:  Implicit pin HI in instance \u_top.dataMemory.sram_even_words_86  of sky130_fd_sc_hd__conb_1 in cell SoC_Hardened
Note:  Implicit pin HI in instance \u_top.dataMemory.sram_even_words_87  of sky130_fd_sc_hd__conb_1 in cell SoC_Hardened
Note:  Implicit pin HI in instance \u_top.dataMemory.sram_even_words_88  of sky130_fd_sc_hd__conb_1 in cell SoC_Hardened
Note:  Implicit pin HI in instance \u_top.dataMemory.sram_even_words_89  of sky130_fd_sc_hd__conb_1 in cell SoC_Hardened
Note:  Implicit pin HI in instance \u_top.dataMemory.sram_even_words_90  of sky130_fd_sc_hd__conb_1 in cell SoC_Hardened
Note:  Implicit pin HI in instance \u_top.dataMemory.sram_even_words_91  of sky130_fd_sc_hd__conb_1 in cell SoC_Hardened
Note:  Implicit pin HI in instance \u_top.dataMemory.sram_even_words_92  of sky130_fd_sc_hd__conb_1 in cell SoC_Hardened
Note:  Implicit pin HI in instance \u_top.dataMemory.sram_even_words_93  of sky130_fd_sc_hd__conb_1 in cell SoC_Hardened
Note:  Implicit pin HI in instance \u_top.dataMemory.sram_even_words_94  of sky130_fd_sc_hd__conb_1 in cell SoC_Hardened
Note:  Implicit pin HI in instance \u_top.dataMemory.sram_even_words_95  of sky130_fd_sc_hd__conb_1 in cell SoC_Hardened
Note:  Implicit pin HI in instance \u_top.dataMemory.sram_even_words_96  of sky130_fd_sc_hd__conb_1 in cell SoC_Hardened
Note:  Implicit pin HI in instance \u_top.dataMemory.sram_even_words_97  of sky130_fd_sc_hd__conb_1 in cell SoC_Hardened
Note:  Implicit pin HI in instance \u_top.dataMemory.sram_even_words_98  of sky130_fd_sc_hd__conb_1 in cell SoC_Hardened
Note:  Implicit pin HI in instance \u_top.dataMemory.sram_even_words_99  of sky130_fd_sc_hd__conb_1 in cell SoC_Hardened
Note:  Implicit pin HI in instance \u_top.dataMemory.sram_odd_words_113  of sky130_fd_sc_hd__conb_1 in cell SoC_Hardened
Note:  Implicit pin HI in instance \u_top.dataMemory.sram_odd_words_114  of sky130_fd_sc_hd__conb_1 in cell SoC_Hardened
Note:  Implicit pin HI in instance \u_top.dataMemory.sram_odd_words_115  of sky130_fd_sc_hd__conb_1 in cell SoC_Hardened
Note:  Implicit pin HI in instance \u_top.dataMemory.sram_odd_words_116  of sky130_fd_sc_hd__conb_1 in cell SoC_Hardened
Note:  Implicit pin HI in instance \u_top.dataMemory.sram_odd_words_117  of sky130_fd_sc_hd__conb_1 in cell SoC_Hardened
Note:  Implicit pin HI in instance \u_top.dataMemory.sram_odd_words_118  of sky130_fd_sc_hd__conb_1 in cell SoC_Hardened
Note:  Implicit pin HI in instance \u_top.dataMemory.sram_odd_words_119  of sky130_fd_sc_hd__conb_1 in cell SoC_Hardened
Note:  Implicit pin HI in instance \u_top.dataMemory.sram_odd_words_120  of sky130_fd_sc_hd__conb_1 in cell SoC_Hardened
Note:  Implicit pin HI in instance \u_top.dataMemory.sram_odd_words_121  of sky130_fd_sc_hd__conb_1 in cell SoC_Hardened
Note:  Implicit pin HI in instance \u_top.dataMemory.sram_odd_words_122  of sky130_fd_sc_hd__conb_1 in cell SoC_Hardened
Note:  Implicit pin HI in instance \u_top.dataMemory.sram_odd_words_123  of sky130_fd_sc_hd__conb_1 in cell SoC_Hardened
Note:  Implicit pin HI in instance \u_top.dataMemory.sram_odd_words_124  of sky130_fd_sc_hd__conb_1 in cell SoC_Hardened
Note:  Implicit pin HI in instance \u_top.dataMemory.sram_odd_words_125  of sky130_fd_sc_hd__conb_1 in cell SoC_Hardened
Note:  Implicit pin HI in instance \u_top.dataMemory.sram_odd_words_126  of sky130_fd_sc_hd__conb_1 in cell SoC_Hardened
Note:  Implicit pin HI in instance \u_top.dataMemory.sram_odd_words_127  of sky130_fd_sc_hd__conb_1 in cell SoC_Hardened
Note:  Implicit pin HI in instance \u_top.dataMemory.sram_odd_words_128  of sky130_fd_sc_hd__conb_1 in cell SoC_Hardened
Note:  Implicit pin HI in instance \u_top.dataMemory.sram_odd_words_129  of sky130_fd_sc_hd__conb_1 in cell SoC_Hardened
Note:  Implicit pin HI in instance \u_top.dataMemory.sram_odd_words_130  of sky130_fd_sc_hd__conb_1 in cell SoC_Hardened
Note:  Implicit pin HI in instance \u_top.dataMemory.sram_odd_words_131  of sky130_fd_sc_hd__conb_1 in cell SoC_Hardened
Note:  Implicit pin HI in instance \u_top.dataMemory.sram_odd_words_132  of sky130_fd_sc_hd__conb_1 in cell SoC_Hardened
Note:  Implicit pin HI in instance \u_top.dataMemory.sram_odd_words_133  of sky130_fd_sc_hd__conb_1 in cell SoC_Hardened
Note:  Implicit pin HI in instance \u_top.dataMemory.sram_odd_words_134  of sky130_fd_sc_hd__conb_1 in cell SoC_Hardened
Note:  Implicit pin HI in instance \u_top.dataMemory.sram_odd_words_135  of sky130_fd_sc_hd__conb_1 in cell SoC_Hardened
Note:  Implicit pin HI in instance \u_top.dataMemory.sram_odd_words_136  of sky130_fd_sc_hd__conb_1 in cell SoC_Hardened
Note:  Implicit pin HI in instance \u_top.dataMemory.sram_odd_words_137  of sky130_fd_sc_hd__conb_1 in cell SoC_Hardened
Note:  Implicit pin HI in instance \u_top.dataMemory.sram_odd_words_138  of sky130_fd_sc_hd__conb_1 in cell SoC_Hardened
Note:  Implicit pin HI in instance \u_top.dataMemory.sram_odd_words_139  of sky130_fd_sc_hd__conb_1 in cell SoC_Hardened
Note:  Implicit pin HI in instance \u_top.dataMemory.sram_odd_words_140  of sky130_fd_sc_hd__conb_1 in cell SoC_Hardened
Note:  Implicit pin HI in instance \u_top.dataMemory.sram_odd_words_141  of sky130_fd_sc_hd__conb_1 in cell SoC_Hardened
Note:  Implicit pin HI in instance \u_top.dataMemory.sram_odd_words_142  of sky130_fd_sc_hd__conb_1 in cell SoC_Hardened
Note:  Implicit pin HI in instance \u_top.dataMemory.sram_odd_words_143  of sky130_fd_sc_hd__conb_1 in cell SoC_Hardened
Note:  Implicit pin HI in instance \u_top.dataMemory.sram_odd_words_144  of sky130_fd_sc_hd__conb_1 in cell SoC_Hardened
Note:  Implicit pin HI in instance \u_top.dataMemory.sram_odd_words_145  of sky130_fd_sc_hd__conb_1 in cell SoC_Hardened
Note:  Implicit pin HI in instance \u_top.dataMemory.sram_odd_words_146  of sky130_fd_sc_hd__conb_1 in cell SoC_Hardened
Note:  Implicit pin HI in instance \u_top.dataMemory.sram_odd_words_147  of sky130_fd_sc_hd__conb_1 in cell SoC_Hardened
Note:  Implicit pin HI in instance \u_top.dataMemory.sram_odd_words_148  of sky130_fd_sc_hd__conb_1 in cell SoC_Hardened
Note:  Implicit pin HI in instance \u_top.dataMemory.sram_odd_words_149  of sky130_fd_sc_hd__conb_1 in cell SoC_Hardened
Note:  Implicit pin HI in instance \u_top.dataMemory.sram_odd_words_150  of sky130_fd_sc_hd__conb_1 in cell SoC_Hardened
Note:  Implicit pin HI in instance \u_top.dataMemory.sram_odd_words_151  of sky130_fd_sc_hd__conb_1 in cell SoC_Hardened
Note:  Implicit pin HI in instance \u_top.dataMemory.sram_odd_words_152  of sky130_fd_sc_hd__conb_1 in cell SoC_Hardened
Note:  Implicit pin HI in instance \u_top.dataMemory.sram_odd_words_153  of sky130_fd_sc_hd__conb_1 in cell SoC_Hardened
Treating empty subcircuits as black-box cells
Generating JSON file result

Reading setup file /nix/store/12xiaihfchrdf58aincnv40j4mb80k7x-python3-3.13.9-env/lib/python3.13/site-packages/librelane/scripts/netgen/setup.tcl

Model sky130_fd_pr__res_generic_po pin 1 == 2
No property value found for device sky130_fd_pr__res_generic_po
No property mult found for device sky130_fd_pr__res_generic_po
Model sky130_fd_pr__nfet_01v8 pin 1 == 3
No property mult found for device sky130_fd_pr__nfet_01v8
No property sa found for device sky130_fd_pr__nfet_01v8
No property sb found for device sky130_fd_pr__nfet_01v8
No property sd found for device sky130_fd_pr__nfet_01v8
No property nf found for device sky130_fd_pr__nfet_01v8
No property nrd found for device sky130_fd_pr__nfet_01v8
No property nrs found for device sky130_fd_pr__nfet_01v8
No property area found for device sky130_fd_pr__nfet_01v8
No property perim found for device sky130_fd_pr__nfet_01v8
No property topography found for device sky130_fd_pr__nfet_01v8
Model sky130_fd_pr__pfet_01v8_hvt pin 1 == 3
No property mult found for device sky130_fd_pr__pfet_01v8_hvt
No property sa found for device sky130_fd_pr__pfet_01v8_hvt
No property sb found for device sky130_fd_pr__pfet_01v8_hvt
No property sd found for device sky130_fd_pr__pfet_01v8_hvt
No property nf found for device sky130_fd_pr__pfet_01v8_hvt
No property nrd found for device sky130_fd_pr__pfet_01v8_hvt
No property nrs found for device sky130_fd_pr__pfet_01v8_hvt
No property area found for device sky130_fd_pr__pfet_01v8_hvt
No property perim found for device sky130_fd_pr__pfet_01v8_hvt
No property topography found for device sky130_fd_pr__pfet_01v8_hvt
Model sky130_fd_pr__special_nfet_01v8 pin 1 == 3
No property as found for device sky130_fd_pr__special_nfet_01v8
No property ad found for device sky130_fd_pr__special_nfet_01v8
No property ps found for device sky130_fd_pr__special_nfet_01v8
No property pd found for device sky130_fd_pr__special_nfet_01v8
No property mult found for device sky130_fd_pr__special_nfet_01v8
No property sa found for device sky130_fd_pr__special_nfet_01v8
No property sb found for device sky130_fd_pr__special_nfet_01v8
No property sd found for device sky130_fd_pr__special_nfet_01v8
No property nf found for device sky130_fd_pr__special_nfet_01v8
No property nrd found for device sky130_fd_pr__special_nfet_01v8
No property nrs found for device sky130_fd_pr__special_nfet_01v8
No property area found for device sky130_fd_pr__special_nfet_01v8
No property perim found for device sky130_fd_pr__special_nfet_01v8
No property topography found for device sky130_fd_pr__special_nfet_01v8
Model sky130_fd_pr__special_pfet_01v8_hvt pin 1 == 3
No property as found for device sky130_fd_pr__special_pfet_01v8_hvt
No property ad found for device sky130_fd_pr__special_pfet_01v8_hvt
No property ps found for device sky130_fd_pr__special_pfet_01v8_hvt
No property pd found for device sky130_fd_pr__special_pfet_01v8_hvt
No property mult found for device sky130_fd_pr__special_pfet_01v8_hvt
No property sa found for device sky130_fd_pr__special_pfet_01v8_hvt
No property sb found for device sky130_fd_pr__special_pfet_01v8_hvt
No property sd found for device sky130_fd_pr__special_pfet_01v8_hvt
No property nf found for device sky130_fd_pr__special_pfet_01v8_hvt
No property nrd found for device sky130_fd_pr__special_pfet_01v8_hvt
No property nrs found for device sky130_fd_pr__special_pfet_01v8_hvt
No property area found for device sky130_fd_pr__special_pfet_01v8_hvt
No property perim found for device sky130_fd_pr__special_pfet_01v8_hvt
No property topography found for device sky130_fd_pr__special_pfet_01v8_hvt
No property value found for device sky130_fd_pr__diode_pw2nd_05v5
No property mult found for device sky130_fd_pr__diode_pw2nd_05v5
Comparison output logged to file /home/ayesha/Downloads/riscv_mmu_fast_synthesis_project_an/riscv_mmu_fast_synthesis_project/runs/RUN_2026-09-13_10-44-24/67-netgen-lvs/reports/lvs.netgen.rpt
Logging to file "/home/ayesha/Downloads/riscv_mmu_fast_synthesis_project_an/riscv_mmu_fast_synthesis_project/runs/RUN_2026-09-13_10-44-24/67-netgen-lvs/reports/lvs.netgen.rpt" enabled

Contents of circuit 1:  Circuit: 'sky130_fd_sc_hd__decap_3'
Circuit sky130_fd_sc_hd__decap_3 contains 0 device instances.
Circuit contains 0 nets, and 4 disconnected pins.
Contents of circuit 2:  Circuit: 'sky130_fd_sc_hd__decap_3'
Circuit sky130_fd_sc_hd__decap_3 contains 2 device instances.
  Class: sky130_fd_pr__nfet_01v8 instances:   1
  Class: sky130_fd_pr__pfet_01v8_hvt instances:   1
Circuit contains 4 nets.

Circuit sky130_fd_sc_hd__decap_3 contains no devices.

Contents of circuit 1:  Circuit: 'sky130_fd_sc_hd__fill_1'
Circuit sky130_fd_sc_hd__fill_1 contains 0 device instances.
Circuit contains 0 nets, and 4 disconnected pins.
Contents of circuit 2:  Circuit: 'sky130_fd_sc_hd__fill_1'
Circuit sky130_fd_sc_hd__fill_1 contains 0 device instances.
Circuit contains 0 nets, and 4 disconnected pins.

Circuit sky130_fd_sc_hd__fill_1 contains no devices.

Contents of circuit 1:  Circuit: 'sky130_fd_sc_hd__tapvpwrvgnd_1'
Circuit sky130_fd_sc_hd__tapvpwrvgnd_1 contains 0 device instances.
Circuit contains 0 nets, and 2 disconnected pins.
Contents of circuit 2:  Circuit: 'sky130_fd_sc_hd__tapvpwrvgnd_1'
Circuit sky130_fd_sc_hd__tapvpwrvgnd_1 contains 0 device instances.
Circuit contains 0 nets, and 2 disconnected pins.

Circuit sky130_fd_sc_hd__tapvpwrvgnd_1 contains no devices.

Contents of circuit 1:  Circuit: 'sky130_fd_sc_hd__fill_2'
Circuit sky130_fd_sc_hd__fill_2 contains 0 device instances.
Circuit contains 0 nets, and 4 disconnected pins.
Contents of circuit 2:  Circuit: 'sky130_fd_sc_hd__fill_2'
Circuit sky130_fd_sc_hd__fill_2 contains 0 device instances.
Circuit contains 0 nets, and 4 disconnected pins.

Circuit sky130_fd_sc_hd__fill_2 contains no devices.

Contents of circuit 1:  Circuit: 'sky130_fd_sc_hd__conb_1'
Circuit sky130_fd_sc_hd__conb_1 contains 0 device instances.
Circuit contains 0 nets, and 6 disconnected pins.
Contents of circuit 2:  Circuit: 'sky130_fd_sc_hd__conb_1'
Circuit sky130_fd_sc_hd__conb_1 contains 2 device instances.
  Class: sky130_fd_pr__res_generic_po instances:   2
Circuit contains 4 nets, and 2 disconnected pins.

Circuit sky130_fd_sc_hd__conb_1 contains no devices.

Contents of circuit 1:  Circuit: 'sky130_fd_sc_hd__and2_2'
Circuit sky130_fd_sc_hd__and2_2 contains 0 device instances.
Circuit contains 0 nets, and 7 disconnected pins.
Contents of circuit 2:  Circuit: 'sky130_fd_sc_hd__and2_2'
Circuit sky130_fd_sc_hd__and2_2 contains 8 device instances.
  Class: sky130_fd_pr__nfet_01v8 instances:   4
  Class: sky130_fd_pr__pfet_01v8_hvt instances:   4
Circuit contains 9 nets.

Circuit sky130_fd_sc_hd__and2_2 contains no devices.

Contents of circuit 1:  Circuit: 'sky130_fd_sc_hd__clkdlybuf4s25_1'
Circuit sky130_fd_sc_hd__clkdlybuf4s25_1 contains 0 device instances.
Circuit contains 0 nets, and 6 disconnected pins.
Contents of circuit 2:  Circuit: 'sky130_fd_sc_hd__clkdlybuf4s25_1'
Circuit sky130_fd_sc_hd__clkdlybuf4s25_1 contains 8 device instances.
  Class: sky130_fd_pr__nfet_01v8 instances:   4
  Class: sky130_fd_pr__pfet_01v8_hvt instances:   4
Circuit contains 9 nets.

Circuit sky130_fd_sc_hd__clkdlybuf4s25_1 contains no devices.

Contents of circuit 1:  Circuit: 'sky130_fd_sc_hd__dfxtp_2'
Circuit sky130_fd_sc_hd__dfxtp_2 contains 0 device instances.
Circuit contains 0 nets, and 7 disconnected pins.
Contents of circuit 2:  Circuit: 'sky130_fd_sc_hd__dfxtp_2'
Circuit sky130_fd_sc_hd__dfxtp_2 contains 26 device instances.
  Class: sky130_fd_pr__nfet_01v8 instances:   9
  Class: sky130_fd_pr__pfet_01v8_hvt instances:  13
  Class: sky130_fd_pr__special_nfet_01v8 instances:   4
Circuit contains 18 nets.

Circuit sky130_fd_sc_hd__dfxtp_2 contains no devices.

Contents of circuit 1:  Circuit: 'sky130_fd_sc_hd__a21oi_2'
Circuit sky130_fd_sc_hd__a21oi_2 contains 0 device instances.
Circuit contains 0 nets, and 8 disconnected pins.
Contents of circuit 2:  Circuit: 'sky130_fd_sc_hd__a21oi_2'
Circuit sky130_fd_sc_hd__a21oi_2 contains 12 device instances.
  Class: sky130_fd_pr__nfet_01v8 instances:   6
  Class: sky130_fd_pr__pfet_01v8_hvt instances:   6
Circuit contains 11 nets.

Circuit sky130_fd_sc_hd__a21oi_2 contains no devices.

Contents of circuit 1:  Circuit: 'sky130_fd_sc_hd__o221a_2'
Circuit sky130_fd_sc_hd__o221a_2 contains 0 device instances.
Circuit contains 0 nets, and 10 disconnected pins.
Contents of circuit 2:  Circuit: 'sky130_fd_sc_hd__o221a_2'
Circuit sky130_fd_sc_hd__o221a_2 contains 14 device instances.
  Class: sky130_fd_pr__nfet_01v8 instances:   7
  Class: sky130_fd_pr__pfet_01v8_hvt instances:   7
Circuit contains 15 nets.

Circuit sky130_fd_sc_hd__o221a_2 contains no devices.

Contents of circuit 1:  Circuit: 'sky130_fd_sc_hd__o22a_2'
Circuit sky130_fd_sc_hd__o22a_2 contains 0 device instances.
Circuit contains 0 nets, and 9 disconnected pins.
Contents of circuit 2:  Circuit: 'sky130_fd_sc_hd__o22a_2'
Circuit sky130_fd_sc_hd__o22a_2 contains 12 device instances.
  Class: sky130_fd_pr__nfet_01v8 instances:   6
  Class: sky130_fd_pr__pfet_01v8_hvt instances:   6
Circuit contains 13 nets.

Circuit sky130_fd_sc_hd__o22a_2 contains no devices.

Contents of circuit 1:  Circuit: 'sky130_fd_sc_hd__buf_2'
Circuit sky130_fd_sc_hd__buf_2 contains 0 device instances.
Circuit contains 0 nets, and 6 disconnected pins.
Contents of circuit 2:  Circuit: 'sky130_fd_sc_hd__buf_2'
Circuit sky130_fd_sc_hd__buf_2 contains 6 device instances.
  Class: sky130_fd_pr__nfet_01v8 instances:   3
  Class: sky130_fd_pr__pfet_01v8_hvt instances:   3
Circuit contains 7 nets.

Circuit sky130_fd_sc_hd__buf_2 contains no devices.

Contents of circuit 1:  Circuit: 'sky130_fd_sc_hd__and2b_2'
Circuit sky130_fd_sc_hd__and2b_2 contains 0 device instances.
Circuit contains 0 nets, and 7 disconnected pins.
Contents of circuit 2:  Circuit: 'sky130_fd_sc_hd__and2b_2'
Circuit sky130_fd_sc_hd__and2b_2 contains 10 device instances.
  Class: sky130_fd_pr__nfet_01v8 instances:   5
  Class: sky130_fd_pr__pfet_01v8_hvt instances:   5
Circuit contains 10 nets.

Circuit sky130_fd_sc_hd__and2b_2 contains no devices.

Contents of circuit 1:  Circuit: 'sky130_fd_sc_hd__and3_2'
Circuit sky130_fd_sc_hd__and3_2 contains 0 device instances.
Circuit contains 0 nets, and 8 disconnected pins.
Contents of circuit 2:  Circuit: 'sky130_fd_sc_hd__and3_2'
Circuit sky130_fd_sc_hd__and3_2 contains 10 device instances.
  Class: sky130_fd_pr__nfet_01v8 instances:   5
  Class: sky130_fd_pr__pfet_01v8_hvt instances:   5
Circuit contains 11 nets.

Circuit sky130_fd_sc_hd__and3_2 contains no devices.

Contents of circuit 1:  Circuit: 'sky130_fd_sc_hd__buf_1'
Circuit sky130_fd_sc_hd__buf_1 contains 0 device instances.
Circuit contains 0 nets, and 6 disconnected pins.
Contents of circuit 2:  Circuit: 'sky130_fd_sc_hd__buf_1'
Circuit sky130_fd_sc_hd__buf_1 contains 4 device instances.
  Class: sky130_fd_pr__nfet_01v8 instances:   2
  Class: sky130_fd_pr__pfet_01v8_hvt instances:   2
Circuit contains 7 nets.

Circuit sky130_fd_sc_hd__buf_1 contains no devices.

Contents of circuit 1:  Circuit: 'sky130_fd_sc_hd__and4_4'
Circuit sky130_fd_sc_hd__and4_4 contains 0 device instances.
Circuit contains 0 nets, and 9 disconnected pins.
Contents of circuit 2:  Circuit: 'sky130_fd_sc_hd__and4_4'
Circuit sky130_fd_sc_hd__and4_4 contains 16 device instances.
  Class: sky130_fd_pr__nfet_01v8 instances:   8
  Class: sky130_fd_pr__pfet_01v8_hvt instances:   8
Circuit contains 13 nets.

Circuit sky130_fd_sc_hd__and4_4 contains no devices.

Contents of circuit 1:  Circuit: 'sky130_fd_sc_hd__diode_2'
Circuit sky130_fd_sc_hd__diode_2 contains 0 device instances.
Circuit contains 0 nets, and 5 disconnected pins.
Contents of circuit 2:  Circuit: 'sky130_fd_sc_hd__diode_2'
Circuit sky130_fd_sc_hd__diode_2 contains 1 device instances.
  Class: sky130_fd_pr__diode_pw2nd_05v5 instances:   1
Circuit contains 2 nets, and 3 disconnected pins.

Circuit sky130_fd_sc_hd__diode_2 contains no devices.

Contents of circuit 1:  Circuit: 'sky130_fd_sc_hd__dfrtp_2'
Circuit sky130_fd_sc_hd__dfrtp_2 contains 0 device instances.
Circuit contains 0 nets, and 8 disconnected pins.
Contents of circuit 2:  Circuit: 'sky130_fd_sc_hd__dfrtp_2'
Circuit sky130_fd_sc_hd__dfrtp_2 contains 30 device instances.
  Class: sky130_fd_pr__nfet_01v8 instances:  11
  Class: sky130_fd_pr__pfet_01v8_hvt instances:  15
  Class: sky130_fd_pr__special_nfet_01v8 instances:   4
Circuit contains 21 nets.

Circuit sky130_fd_sc_hd__dfrtp_2 contains no devices.

Contents of circuit 1:  Circuit: 'sky130_fd_sc_hd__o21ai_2'
Circuit sky130_fd_sc_hd__o21ai_2 contains 0 device instances.
Circuit contains 0 nets, and 8 disconnected pins.
Contents of circuit 2:  Circuit: 'sky130_fd_sc_hd__o21ai_2'
Circuit sky130_fd_sc_hd__o21ai_2 contains 12 device instances.
  Class: sky130_fd_pr__nfet_01v8 instances:   6
  Class: sky130_fd_pr__pfet_01v8_hvt instances:   6
Circuit contains 10 nets.

Circuit sky130_fd_sc_hd__o21ai_2 contains no devices.

Contents of circuit 1:  Circuit: 'sky130_fd_sc_hd__and4_2'
Circuit sky130_fd_sc_hd__and4_2 contains 0 device instances.
Circuit contains 0 nets, and 9 disconnected pins.
Contents of circuit 2:  Circuit: 'sky130_fd_sc_hd__and4_2'
Circuit sky130_fd_sc_hd__and4_2 contains 12 device instances.
  Class: sky130_fd_pr__nfet_01v8 instances:   6
  Class: sky130_fd_pr__pfet_01v8_hvt instances:   6
Circuit contains 13 nets.

Circuit sky130_fd_sc_hd__and4_2 contains no devices.

Contents of circuit 1:  Circuit: 'sky130_fd_sc_hd__xnor2_2'
Circuit sky130_fd_sc_hd__xnor2_2 contains 0 device instances.
Circuit contains 0 nets, and 7 disconnected pins.
Contents of circuit 2:  Circuit: 'sky130_fd_sc_hd__xnor2_2'
Circuit sky130_fd_sc_hd__xnor2_2 contains 20 device instances.
  Class: sky130_fd_pr__nfet_01v8 instances:  10
  Class: sky130_fd_pr__pfet_01v8_hvt instances:  10
Circuit contains 11 nets.

Circuit sky130_fd_sc_hd__xnor2_2 contains no devices.

Contents of circuit 1:  Circuit: 'sky130_fd_sc_hd__mux4_2'
Circuit sky130_fd_sc_hd__mux4_2 contains 0 device instances.
Circuit contains 0 nets, and 11 disconnected pins.
Contents of circuit 2:  Circuit: 'sky130_fd_sc_hd__mux4_2'
Circuit sky130_fd_sc_hd__mux4_2 contains 28 device instances.
  Class: sky130_fd_pr__nfet_01v8 instances:  10
  Class: sky130_fd_pr__pfet_01v8_hvt instances:  14
  Class: sky130_fd_pr__special_nfet_01v8 instances:   4
Circuit contains 24 nets.

Circuit sky130_fd_sc_hd__mux4_2 contains no devices.

Contents of circuit 1:  Circuit: 'sky130_fd_sc_hd__nand2_2'
Circuit sky130_fd_sc_hd__nand2_2 contains 0 device instances.
Circuit contains 0 nets, and 7 disconnected pins.
Contents of circuit 2:  Circuit: 'sky130_fd_sc_hd__nand2_2'
Circuit sky130_fd_sc_hd__nand2_2 contains 8 device instances.
  Class: sky130_fd_pr__nfet_01v8 instances:   4
  Class: sky130_fd_pr__pfet_01v8_hvt instances:   4
Circuit contains 8 nets.

Circuit sky130_fd_sc_hd__nand2_2 contains no devices.

Contents of circuit 1:  Circuit: 'sky130_fd_sc_hd__clkbuf_8'
Circuit sky130_fd_sc_hd__clkbuf_8 contains 0 device instances.
Circuit contains 0 nets, and 6 disconnected pins.
Contents of circuit 2:  Circuit: 'sky130_fd_sc_hd__clkbuf_8'
Circuit sky130_fd_sc_hd__clkbuf_8 contains 20 device instances.
  Class: sky130_fd_pr__nfet_01v8 instances:  10
  Class: sky130_fd_pr__pfet_01v8_hvt instances:  10
Circuit contains 7 nets.

Circuit sky130_fd_sc_hd__clkbuf_8 contains no devices.

Contents of circuit 1:  Circuit: 'sky130_fd_sc_hd__nor2_2'
Circuit sky130_fd_sc_hd__nor2_2 contains 0 device instances.
Circuit contains 0 nets, and 7 disconnected pins.
Contents of circuit 2:  Circuit: 'sky130_fd_sc_hd__nor2_2'
Circuit sky130_fd_sc_hd__nor2_2 contains 8 device instances.
  Class: sky130_fd_pr__nfet_01v8 instances:   4
  Class: sky130_fd_pr__pfet_01v8_hvt instances:   4
Circuit contains 8 nets.

Circuit sky130_fd_sc_hd__nor2_2 contains no devices.

Contents of circuit 1:  Circuit: 'sky130_fd_sc_hd__inv_2'
Circuit sky130_fd_sc_hd__inv_2 contains 0 device instances.
Circuit contains 0 nets, and 6 disconnected pins.
Contents of circuit 2:  Circuit: 'sky130_fd_sc_hd__inv_2'
Circuit sky130_fd_sc_hd__inv_2 contains 4 device instances.
  Class: sky130_fd_pr__nfet_01v8 instances:   2
  Class: sky130_fd_pr__pfet_01v8_hvt instances:   2
Circuit contains 6 nets.

Circuit sky130_fd_sc_hd__inv_2 contains no devices.

Contents of circuit 1:  Circuit: 'sky130_fd_sc_hd__buf_4'
Circuit sky130_fd_sc_hd__buf_4 contains 0 device instances.
Circuit contains 0 nets, and 6 disconnected pins.
Contents of circuit 2:  Circuit: 'sky130_fd_sc_hd__buf_4'
Circuit sky130_fd_sc_hd__buf_4 contains 10 device instances.
  Class: sky130_fd_pr__nfet_01v8 instances:   5
  Class: sky130_fd_pr__pfet_01v8_hvt instances:   5
Circuit contains 7 nets.

Circuit sky130_fd_sc_hd__buf_4 contains no devices.

Contents of circuit 1:  Circuit: 'sky130_fd_sc_hd__and4b_2'
Circuit sky130_fd_sc_hd__and4b_2 contains 0 device instances.
Circuit contains 0 nets, and 9 disconnected pins.
Contents of circuit 2:  Circuit: 'sky130_fd_sc_hd__and4b_2'
Circuit sky130_fd_sc_hd__and4b_2 contains 14 device instances.
  Class: sky130_fd_pr__nfet_01v8 instances:   7
  Class: sky130_fd_pr__pfet_01v8_hvt instances:   7
Circuit contains 14 nets.

Circuit sky130_fd_sc_hd__and4b_2 contains no devices.

Contents of circuit 1:  Circuit: 'sky130_fd_sc_hd__o211a_2'
Circuit sky130_fd_sc_hd__o211a_2 contains 0 device instances.
Circuit contains 0 nets, and 9 disconnected pins.
Contents of circuit 2:  Circuit: 'sky130_fd_sc_hd__o211a_2'
Circuit sky130_fd_sc_hd__o211a_2 contains 12 device instances.
  Class: sky130_fd_pr__nfet_01v8 instances:   6
  Class: sky130_fd_pr__pfet_01v8_hvt instances:   6
Circuit contains 13 nets.

Circuit sky130_fd_sc_hd__o211a_2 contains no devices.

Contents of circuit 1:  Circuit: 'sky130_fd_sc_hd__o2111a_2'
Circuit sky130_fd_sc_hd__o2111a_2 contains 0 device instances.
Circuit contains 0 nets, and 10 disconnected pins.
Contents of circuit 2:  Circuit: 'sky130_fd_sc_hd__o2111a_2'
Circuit sky130_fd_sc_hd__o2111a_2 contains 14 device instances.
  Class: sky130_fd_pr__nfet_01v8 instances:   7
  Class: sky130_fd_pr__pfet_01v8_hvt instances:   7
Circuit contains 15 nets.

Circuit sky130_fd_sc_hd__o2111a_2 contains no devices.

Contents of circuit 1:  Circuit: 'sky130_fd_sc_hd__o221a_4'
Circuit sky130_fd_sc_hd__o221a_4 contains 0 device instances.
Circuit contains 0 nets, and 10 disconnected pins.
Contents of circuit 2:  Circuit: 'sky130_fd_sc_hd__o221a_4'
Circuit sky130_fd_sc_hd__o221a_4 contains 28 device instances.
  Class: sky130_fd_pr__nfet_01v8 instances:  14
  Class: sky130_fd_pr__pfet_01v8_hvt instances:  14
Circuit contains 15 nets.

Circuit sky130_fd_sc_hd__o221a_4 contains no devices.

Contents of circuit 1:  Circuit: 'sky130_fd_sc_hd__clkbuf_4'
Circuit sky130_fd_sc_hd__clkbuf_4 contains 0 device instances.
Circuit contains 0 nets, and 6 disconnected pins.
Contents of circuit 2:  Circuit: 'sky130_fd_sc_hd__clkbuf_4'
Circuit sky130_fd_sc_hd__clkbuf_4 contains 10 device instances.
  Class: sky130_fd_pr__nfet_01v8 instances:   5
  Class: sky130_fd_pr__pfet_01v8_hvt instances:   5
Circuit contains 7 nets.

Circuit sky130_fd_sc_hd__clkbuf_4 contains no devices.

Contents of circuit 1:  Circuit: 'sky130_fd_sc_hd__nand3b_2'
Circuit sky130_fd_sc_hd__nand3b_2 contains 0 device instances.
Circuit contains 0 nets, and 8 disconnected pins.
Contents of circuit 2:  Circuit: 'sky130_fd_sc_hd__nand3b_2'
Circuit sky130_fd_sc_hd__nand3b_2 contains 14 device instances.
  Class: sky130_fd_pr__nfet_01v8 instances:   7
  Class: sky130_fd_pr__pfet_01v8_hvt instances:   7
Circuit contains 11 nets.

Circuit sky130_fd_sc_hd__nand3b_2 contains no devices.

Contents of circuit 1:  Circuit: 'sky130_fd_sc_hd__and3b_2'
Circuit sky130_fd_sc_hd__and3b_2 contains 0 device instances.
Circuit contains 0 nets, and 8 disconnected pins.
Contents of circuit 2:  Circuit: 'sky130_fd_sc_hd__and3b_2'
Circuit sky130_fd_sc_hd__and3b_2 contains 12 device instances.
  Class: sky130_fd_pr__nfet_01v8 instances:   6
  Class: sky130_fd_pr__pfet_01v8_hvt instances:   6
Circuit contains 12 nets.

Circuit sky130_fd_sc_hd__and3b_2 contains no devices.

Contents of circuit 1:  Circuit: 'sky130_fd_sc_hd__nand3_2'
Circuit sky130_fd_sc_hd__nand3_2 contains 0 device instances.
Circuit contains 0 nets, and 8 disconnected pins.
Contents of circuit 2:  Circuit: 'sky130_fd_sc_hd__nand3_2'
Circuit sky130_fd_sc_hd__nand3_2 contains 12 device instances.
  Class: sky130_fd_pr__nfet_01v8 instances:   6
  Class: sky130_fd_pr__pfet_01v8_hvt instances:   6
Circuit contains 10 nets.

Circuit sky130_fd_sc_hd__nand3_2 contains no devices.

Contents of circuit 1:  Circuit: 'sky130_fd_sc_hd__clkbuf_2'
Circuit sky130_fd_sc_hd__clkbuf_2 contains 0 device instances.
Circuit contains 0 nets, and 6 disconnected pins.
Contents of circuit 2:  Circuit: 'sky130_fd_sc_hd__clkbuf_2'
Circuit sky130_fd_sc_hd__clkbuf_2 contains 6 device instances.
  Class: sky130_fd_pr__nfet_01v8 instances:   3
  Class: sky130_fd_pr__pfet_01v8_hvt instances:   3
Circuit contains 7 nets.

Circuit sky130_fd_sc_hd__clkbuf_2 contains no devices.

Contents of circuit 1:  Circuit: 'sky130_fd_sc_hd__nor2_4'
Circuit sky130_fd_sc_hd__nor2_4 contains 0 device instances.
Circuit contains 0 nets, and 7 disconnected pins.
Contents of circuit 2:  Circuit: 'sky130_fd_sc_hd__nor2_4'
Circuit sky130_fd_sc_hd__nor2_4 contains 16 device instances.
  Class: sky130_fd_pr__nfet_01v8 instances:   8
  Class: sky130_fd_pr__pfet_01v8_hvt instances:   8
Circuit contains 8 nets.

Circuit sky130_fd_sc_hd__nor2_4 contains no devices.

Contents of circuit 1:  Circuit: 'sky130_fd_sc_hd__nand4_4'
Circuit sky130_fd_sc_hd__nand4_4 contains 0 device instances.
Circuit contains 0 nets, and 9 disconnected pins.
Contents of circuit 2:  Circuit: 'sky130_fd_sc_hd__nand4_4'
Circuit sky130_fd_sc_hd__nand4_4 contains 32 device instances.
  Class: sky130_fd_pr__nfet_01v8 instances:  16
  Class: sky130_fd_pr__pfet_01v8_hvt instances:  16
Circuit contains 12 nets.

Circuit sky130_fd_sc_hd__nand4_4 contains no devices.

Contents of circuit 1:  Circuit: 'sky130_fd_sc_hd__nand2b_2'
Circuit sky130_fd_sc_hd__nand2b_2 contains 0 device instances.
Circuit contains 0 nets, and 7 disconnected pins.
Contents of circuit 2:  Circuit: 'sky130_fd_sc_hd__nand2b_2'
Circuit sky130_fd_sc_hd__nand2b_2 contains 10 device instances.
  Class: sky130_fd_pr__nfet_01v8 instances:   5
  Class: sky130_fd_pr__pfet_01v8_hvt instances:   5
Circuit contains 9 nets.

Circuit sky130_fd_sc_hd__nand2b_2 contains no devices.

Contents of circuit 1:  Circuit: 'sky130_fd_sc_hd__a2111oi_2'
Circuit sky130_fd_sc_hd__a2111oi_2 contains 0 device instances.
Circuit contains 0 nets, and 10 disconnected pins.
Contents of circuit 2:  Circuit: 'sky130_fd_sc_hd__a2111oi_2'
Circuit sky130_fd_sc_hd__a2111oi_2 contains 20 device instances.
  Class: sky130_fd_pr__nfet_01v8 instances:  10
  Class: sky130_fd_pr__pfet_01v8_hvt instances:  10
Circuit contains 16 nets.

Circuit sky130_fd_sc_hd__a2111oi_2 contains no devices.

Contents of circuit 1:  Circuit: 'sky130_fd_sc_hd__a21o_2'
Circuit sky130_fd_sc_hd__a21o_2 contains 0 device instances.
Circuit contains 0 nets, and 8 disconnected pins.
Contents of circuit 2:  Circuit: 'sky130_fd_sc_hd__a21o_2'
Circuit sky130_fd_sc_hd__a21o_2 contains 10 device instances.
  Class: sky130_fd_pr__nfet_01v8 instances:   5
  Class: sky130_fd_pr__pfet_01v8_hvt instances:   5
Circuit contains 11 nets.

Circuit sky130_fd_sc_hd__a21o_2 contains no devices.

Contents of circuit 1:  Circuit: 'sky130_fd_sc_hd__or3b_4'
Circuit sky130_fd_sc_hd__or3b_4 contains 0 device instances.
Circuit contains 0 nets, and 8 disconnected pins.
Contents of circuit 2:  Circuit: 'sky130_fd_sc_hd__or3b_4'
Circuit sky130_fd_sc_hd__or3b_4 contains 16 device instances.
  Class: sky130_fd_pr__nfet_01v8 instances:   8
  Class: sky130_fd_pr__pfet_01v8_hvt instances:   8
Circuit contains 12 nets.

Circuit sky130_fd_sc_hd__or3b_4 contains no devices.

Contents of circuit 1:  Circuit: 'sky130_sram_2kbyte_1rw1r_32x512_8'
Circuit sky130_sram_2kbyte_1rw1r_32x512_8 contains 0 device instances.
Circuit contains 0 nets, and 125 disconnected pins.
Contents of circuit 2:  Circuit: 'sky130_sram_2kbyte_1rw1r_32x512_8'
Circuit sky130_sram_2kbyte_1rw1r_32x512_8 contains 0 device instances.
Circuit contains 0 nets.

Circuit sky130_sram_2kbyte_1rw1r_32x512_8 contains no devices.

Contents of circuit 1:  Circuit: 'sky130_fd_sc_hd__buf_6'
Circuit sky130_fd_sc_hd__buf_6 contains 0 device instances.
Circuit contains 0 nets, and 6 disconnected pins.
Contents of circuit 2:  Circuit: 'sky130_fd_sc_hd__buf_6'
Circuit sky130_fd_sc_hd__buf_6 contains 16 device instances.
  Class: sky130_fd_pr__nfet_01v8 instances:   8
  Class: sky130_fd_pr__pfet_01v8_hvt instances:   8
Circuit contains 7 nets.

Circuit sky130_fd_sc_hd__buf_6 contains no devices.

Contents of circuit 1:  Circuit: 'sky130_fd_sc_hd__clkbuf_16'
Circuit sky130_fd_sc_hd__clkbuf_16 contains 0 device instances.
Circuit contains 0 nets, and 6 disconnected pins.
Contents of circuit 2:  Circuit: 'sky130_fd_sc_hd__clkbuf_16'
Circuit sky130_fd_sc_hd__clkbuf_16 contains 40 device instances.
  Class: sky130_fd_pr__nfet_01v8 instances:  20
  Class: sky130_fd_pr__pfet_01v8_hvt instances:  20
Circuit contains 7 nets.

Circuit sky130_fd_sc_hd__clkbuf_16 contains no devices.

Contents of circuit 1:  Circuit: 'sky130_fd_sc_hd__buf_8'
Circuit sky130_fd_sc_hd__buf_8 contains 0 device instances.
Circuit contains 0 nets, and 6 disconnected pins.
Contents of circuit 2:  Circuit: 'sky130_fd_sc_hd__buf_8'
Circuit sky130_fd_sc_hd__buf_8 contains 22 device instances.
  Class: sky130_fd_pr__nfet_01v8 instances:  11
  Class: sky130_fd_pr__pfet_01v8_hvt instances:  11
Circuit contains 7 nets.

Circuit sky130_fd_sc_hd__buf_8 contains no devices.

Contents of circuit 1:  Circuit: 'sky130_fd_sc_hd__or3_4'
Circuit sky130_fd_sc_hd__or3_4 contains 0 device instances.
Circuit contains 0 nets, and 8 disconnected pins.
Contents of circuit 2:  Circuit: 'sky130_fd_sc_hd__or3_4'
Circuit sky130_fd_sc_hd__or3_4 contains 14 device instances.
  Class: sky130_fd_pr__nfet_01v8 instances:   7
  Class: sky130_fd_pr__pfet_01v8_hvt instances:   7
Circuit contains 11 nets.

Circuit sky130_fd_sc_hd__or3_4 contains no devices.

Contents of circuit 1:  Circuit: 'sky130_fd_sc_hd__mux2_1'
Circuit sky130_fd_sc_hd__mux2_1 contains 0 device instances.
Circuit contains 0 nets, and 8 disconnected pins.
Contents of circuit 2:  Circuit: 'sky130_fd_sc_hd__mux2_1'
Circuit sky130_fd_sc_hd__mux2_1 contains 12 device instances.
  Class: sky130_fd_pr__nfet_01v8 instances:   6
  Class: sky130_fd_pr__pfet_01v8_hvt instances:   6
Circuit contains 14 nets.

Circuit sky130_fd_sc_hd__mux2_1 contains no devices.

Contents of circuit 1:  Circuit: 'sky130_fd_sc_hd__a22o_2'
Circuit sky130_fd_sc_hd__a22o_2 contains 0 device instances.
Circuit contains 0 nets, and 9 disconnected pins.
Contents of circuit 2:  Circuit: 'sky130_fd_sc_hd__a22o_2'
Circuit sky130_fd_sc_hd__a22o_2 contains 12 device instances.
  Class: sky130_fd_pr__nfet_01v8 instances:   6
  Class: sky130_fd_pr__pfet_01v8_hvt instances:   6
Circuit contains 13 nets.

Circuit sky130_fd_sc_hd__a22o_2 contains no devices.

Contents of circuit 1:  Circuit: 'sky130_fd_sc_hd__or2_4'
Circuit sky130_fd_sc_hd__or2_4 contains 0 device instances.
Circuit contains 0 nets, and 7 disconnected pins.
Contents of circuit 2:  Circuit: 'sky130_fd_sc_hd__or2_4'
Circuit sky130_fd_sc_hd__or2_4 contains 12 device instances.
  Class: sky130_fd_pr__nfet_01v8 instances:   6
  Class: sky130_fd_pr__pfet_01v8_hvt instances:   6
Circuit contains 9 nets.

Circuit sky130_fd_sc_hd__or2_4 contains no devices.

Contents of circuit 1:  Circuit: 'sky130_fd_sc_hd__a32o_2'
Circuit sky130_fd_sc_hd__a32o_2 contains 0 device instances.
Circuit contains 0 nets, and 10 disconnected pins.
Contents of circuit 2:  Circuit: 'sky130_fd_sc_hd__a32o_2'
Circuit sky130_fd_sc_hd__a32o_2 contains 14 device instances.
  Class: sky130_fd_pr__nfet_01v8 instances:   7
  Class: sky130_fd_pr__pfet_01v8_hvt instances:   7
Circuit contains 15 nets.

Circuit sky130_fd_sc_hd__a32o_2 contains no devices.

Contents of circuit 1:  Circuit: 'sky130_fd_sc_hd__or2_2'
Circuit sky130_fd_sc_hd__or2_2 contains 0 device instances.
Circuit contains 0 nets, and 7 disconnected pins.
Contents of circuit 2:  Circuit: 'sky130_fd_sc_hd__or2_2'
Circuit sky130_fd_sc_hd__or2_2 contains 8 device instances.
  Class: sky130_fd_pr__nfet_01v8 instances:   4
  Class: sky130_fd_pr__pfet_01v8_hvt instances:   4
Circuit contains 9 nets.

Circuit sky130_fd_sc_hd__or2_2 contains no devices.

Contents of circuit 1:  Circuit: 'sky130_fd_sc_hd__o21a_2'
Circuit sky130_fd_sc_hd__o21a_2 contains 0 device instances.
Circuit contains 0 nets, and 8 disconnected pins.
Contents of circuit 2:  Circuit: 'sky130_fd_sc_hd__o21a_2'
Circuit sky130_fd_sc_hd__o21a_2 contains 10 device instances.
  Class: sky130_fd_pr__nfet_01v8 instances:   5
  Class: sky130_fd_pr__pfet_01v8_hvt instances:   5
Circuit contains 11 nets.

Circuit sky130_fd_sc_hd__o21a_2 contains no devices.

Contents of circuit 1:  Circuit: 'sky130_fd_sc_hd__xor2_2'
Circuit sky130_fd_sc_hd__xor2_2 contains 0 device instances.
Circuit contains 0 nets, and 7 disconnected pins.
Contents of circuit 2:  Circuit: 'sky130_fd_sc_hd__xor2_2'
Circuit sky130_fd_sc_hd__xor2_2 contains 20 device instances.
  Class: sky130_fd_pr__nfet_01v8 instances:  10
  Class: sky130_fd_pr__pfet_01v8_hvt instances:  10
Circuit contains 11 nets.

Circuit sky130_fd_sc_hd__xor2_2 contains no devices.

Contents of circuit 1:  Circuit: 'sky130_fd_sc_hd__and3_4'
Circuit sky130_fd_sc_hd__and3_4 contains 0 device instances.
Circuit contains 0 nets, and 8 disconnected pins.
Contents of circuit 2:  Circuit: 'sky130_fd_sc_hd__and3_4'
Circuit sky130_fd_sc_hd__and3_4 contains 14 device instances.
  Class: sky130_fd_pr__nfet_01v8 instances:   7
  Class: sky130_fd_pr__pfet_01v8_hvt instances:   7
Circuit contains 11 nets.

Circuit sky130_fd_sc_hd__and3_4 contains no devices.

Contents of circuit 1:  Circuit: 'sky130_fd_sc_hd__o221ai_2'
Circuit sky130_fd_sc_hd__o221ai_2 contains 0 device instances.
Circuit contains 0 nets, and 10 disconnected pins.
Contents of circuit 2:  Circuit: 'sky130_fd_sc_hd__o221ai_2'
Circuit sky130_fd_sc_hd__o221ai_2 contains 20 device instances.
  Class: sky130_fd_pr__nfet_01v8 instances:  10
  Class: sky130_fd_pr__pfet_01v8_hvt instances:  10
Circuit contains 14 nets.

Circuit sky130_fd_sc_hd__o221ai_2 contains no devices.

Contents of circuit 1:  Circuit: 'sky130_fd_sc_hd__a2111o_2'
Circuit sky130_fd_sc_hd__a2111o_2 contains 0 device instances.
Circuit contains 0 nets, and 10 disconnected pins.
Contents of circuit 2:  Circuit: 'sky130_fd_sc_hd__a2111o_2'
Circuit sky130_fd_sc_hd__a2111o_2 contains 14 device instances.
  Class: sky130_fd_pr__nfet_01v8 instances:   7
  Class: sky130_fd_pr__pfet_01v8_hvt instances:   7
Circuit contains 15 nets.

Circuit sky130_fd_sc_hd__a2111o_2 contains no devices.

Contents of circuit 1:  Circuit: 'sky130_fd_sc_hd__a41o_2'
Circuit sky130_fd_sc_hd__a41o_2 contains 0 device instances.
Circuit contains 0 nets, and 10 disconnected pins.
Contents of circuit 2:  Circuit: 'sky130_fd_sc_hd__a41o_2'
Circuit sky130_fd_sc_hd__a41o_2 contains 14 device instances.
  Class: sky130_fd_pr__nfet_01v8 instances:   7
  Class: sky130_fd_pr__pfet_01v8_hvt instances:   7
Circuit contains 15 nets.

Circuit sky130_fd_sc_hd__a41o_2 contains no devices.

Contents of circuit 1:  Circuit: 'sky130_fd_sc_hd__a211o_2'
Circuit sky130_fd_sc_hd__a211o_2 contains 0 device instances.
Circuit contains 0 nets, and 9 disconnected pins.
Contents of circuit 2:  Circuit: 'sky130_fd_sc_hd__a211o_2'
Circuit sky130_fd_sc_hd__a211o_2 contains 12 device instances.
  Class: sky130_fd_pr__nfet_01v8 instances:   6
  Class: sky130_fd_pr__pfet_01v8_hvt instances:   6
Circuit contains 13 nets.

Circuit sky130_fd_sc_hd__a211o_2 contains no devices.

Contents of circuit 1:  Circuit: 'sky130_fd_sc_hd__o2bb2a_2'
Circuit sky130_fd_sc_hd__o2bb2a_2 contains 0 device instances.
Circuit contains 0 nets, and 9 disconnected pins.
Contents of circuit 2:  Circuit: 'sky130_fd_sc_hd__o2bb2a_2'
Circuit sky130_fd_sc_hd__o2bb2a_2 contains 14 device instances.
  Class: sky130_fd_pr__nfet_01v8 instances:   7
  Class: sky130_fd_pr__pfet_01v8_hvt instances:   7
Circuit contains 14 nets.

Circuit sky130_fd_sc_hd__o2bb2a_2 contains no devices.

Contents of circuit 1:  Circuit: 'sky130_fd_sc_hd__o21ba_2'
Circuit sky130_fd_sc_hd__o21ba_2 contains 0 device instances.
Circuit contains 0 nets, and 8 disconnected pins.
Contents of circuit 2:  Circuit: 'sky130_fd_sc_hd__o21ba_2'
Circuit sky130_fd_sc_hd__o21ba_2 contains 12 device instances.
  Class: sky130_fd_pr__nfet_01v8 instances:   6
  Class: sky130_fd_pr__pfet_01v8_hvt instances:   6
Circuit contains 12 nets.

Circuit sky130_fd_sc_hd__o21ba_2 contains no devices.

Contents of circuit 1:  Circuit: 'sky130_fd_sc_hd__dfxtp_4'
Circuit sky130_fd_sc_hd__dfxtp_4 contains 0 device instances.
Circuit contains 0 nets, and 7 disconnected pins.
Contents of circuit 2:  Circuit: 'sky130_fd_sc_hd__dfxtp_4'
Circuit sky130_fd_sc_hd__dfxtp_4 contains 30 device instances.
  Class: sky130_fd_pr__nfet_01v8 instances:  11
  Class: sky130_fd_pr__pfet_01v8_hvt instances:  15
  Class: sky130_fd_pr__special_nfet_01v8 instances:   4
Circuit contains 18 nets.

Circuit sky130_fd_sc_hd__dfxtp_4 contains no devices.

Contents of circuit 1:  Circuit: 'sky130_fd_sc_hd__a21boi_2'
Circuit sky130_fd_sc_hd__a21boi_2 contains 0 device instances.
Circuit contains 0 nets, and 8 disconnected pins.
Contents of circuit 2:  Circuit: 'sky130_fd_sc_hd__a21boi_2'
Circuit sky130_fd_sc_hd__a21boi_2 contains 14 device instances.
  Class: sky130_fd_pr__nfet_01v8 instances:   7
  Class: sky130_fd_pr__pfet_01v8_hvt instances:   7
Circuit contains 12 nets.

Circuit sky130_fd_sc_hd__a21boi_2 contains no devices.

Contents of circuit 1:  Circuit: 'sky130_fd_sc_hd__inv_4'
Circuit sky130_fd_sc_hd__inv_4 contains 0 device instances.
Circuit contains 0 nets, and 6 disconnected pins.
Contents of circuit 2:  Circuit: 'sky130_fd_sc_hd__inv_4'
Circuit sky130_fd_sc_hd__inv_4 contains 8 device instances.
  Class: sky130_fd_pr__nfet_01v8 instances:   4
  Class: sky130_fd_pr__pfet_01v8_hvt instances:   4
Circuit contains 6 nets.

Circuit sky130_fd_sc_hd__inv_4 contains no devices.

Contents of circuit 1:  Circuit: 'sky130_fd_sc_hd__nand2b_4'
Circuit sky130_fd_sc_hd__nand2b_4 contains 0 device instances.
Circuit contains 0 nets, and 7 disconnected pins.
Contents of circuit 2:  Circuit: 'sky130_fd_sc_hd__nand2b_4'
Circuit sky130_fd_sc_hd__nand2b_4 contains 18 device instances.
  Class: sky130_fd_pr__nfet_01v8 instances:   9
  Class: sky130_fd_pr__pfet_01v8_hvt instances:   9
Circuit contains 9 nets.

Circuit sky130_fd_sc_hd__nand2b_4 contains no devices.

Contents of circuit 1:  Circuit: 'sky130_fd_sc_hd__a31o_2'
Circuit sky130_fd_sc_hd__a31o_2 contains 0 device instances.
Circuit contains 0 nets, and 9 disconnected pins.
Contents of circuit 2:  Circuit: 'sky130_fd_sc_hd__a31o_2'
Circuit sky130_fd_sc_hd__a31o_2 contains 12 device instances.
  Class: sky130_fd_pr__nfet_01v8 instances:   6
  Class: sky130_fd_pr__pfet_01v8_hvt instances:   6
Circuit contains 13 nets.

Circuit sky130_fd_sc_hd__a31o_2 contains no devices.

Contents of circuit 1:  Circuit: 'sky130_fd_sc_hd__buf_12'
Circuit sky130_fd_sc_hd__buf_12 contains 0 device instances.
Circuit contains 0 nets, and 6 disconnected pins.
Contents of circuit 2:  Circuit: 'sky130_fd_sc_hd__buf_12'
Circuit sky130_fd_sc_hd__buf_12 contains 32 device instances.
  Class: sky130_fd_pr__nfet_01v8 instances:  16
  Class: sky130_fd_pr__pfet_01v8_hvt instances:  16
Circuit contains 7 nets.

Circuit sky130_fd_sc_hd__buf_12 contains no devices.

Contents of circuit 1:  Circuit: 'sky130_fd_sc_hd__o31ai_2'
Circuit sky130_fd_sc_hd__o31ai_2 contains 0 device instances.
Circuit contains 0 nets, and 9 disconnected pins.
Contents of circuit 2:  Circuit: 'sky130_fd_sc_hd__o31ai_2'
Circuit sky130_fd_sc_hd__o31ai_2 contains 16 device instances.
  Class: sky130_fd_pr__nfet_01v8 instances:   8
  Class: sky130_fd_pr__pfet_01v8_hvt instances:   8
Circuit contains 12 nets.

Circuit sky130_fd_sc_hd__o31ai_2 contains no devices.

Contents of circuit 1:  Circuit: 'sky130_fd_sc_hd__nor4_4'
Circuit sky130_fd_sc_hd__nor4_4 contains 0 device instances.
Circuit contains 0 nets, and 9 disconnected pins.
Contents of circuit 2:  Circuit: 'sky130_fd_sc_hd__nor4_4'
Circuit sky130_fd_sc_hd__nor4_4 contains 32 device instances.
  Class: sky130_fd_pr__nfet_01v8 instances:  16
  Class: sky130_fd_pr__pfet_01v8_hvt instances:  16
Circuit contains 12 nets.

Circuit sky130_fd_sc_hd__nor4_4 contains no devices.

Contents of circuit 1:  Circuit: 'sky130_fd_sc_hd__o211a_4'
Circuit sky130_fd_sc_hd__o211a_4 contains 0 device instances.
Circuit contains 0 nets, and 9 disconnected pins.
Contents of circuit 2:  Circuit: 'sky130_fd_sc_hd__o211a_4'
Circuit sky130_fd_sc_hd__o211a_4 contains 24 device instances.
  Class: sky130_fd_pr__nfet_01v8 instances:  12
  Class: sky130_fd_pr__pfet_01v8_hvt instances:  12
Circuit contains 15 nets.

Circuit sky130_fd_sc_hd__o211a_4 contains no devices.

Contents of circuit 1:  Circuit: 'sky130_fd_sc_hd__dfstp_4'
Circuit sky130_fd_sc_hd__dfstp_4 contains 0 device instances.
Circuit contains 0 nets, and 8 disconnected pins.
Contents of circuit 2:  Circuit: 'sky130_fd_sc_hd__dfstp_4'
Circuit sky130_fd_sc_hd__dfstp_4 contains 40 device instances.
  Class: sky130_fd_pr__nfet_01v8 instances:  18
  Class: sky130_fd_pr__pfet_01v8_hvt instances:  20
  Class: sky130_fd_pr__special_nfet_01v8 instances:   2
Circuit contains 24 nets.

Circuit sky130_fd_sc_hd__dfstp_4 contains no devices.

Contents of circuit 1:  Circuit: 'SoC_Hardened'
Circuit SoC_Hardened contains 233816 device instances.
  Class: sky130_fd_sc_hd__a41o_2 instances:   1
  Class: sky130_fd_sc_hd__clkdlybuf4s25_1 instances:  57
  Class: sky130_fd_sc_hd__a31o_2 instances:   2
  Class: sky130_fd_sc_hd__a21o_2 instances:  12
  Class: sky130_fd_sc_hd__clkbuf_16 instances:  21
  Class: sky130_fd_sc_hd__dfxtp_2 instances: 116
  Class: sky130_fd_sc_hd__dfxtp_4 instances:   2
  Class: sky130_fd_sc_hd__o31ai_2 instances:   1
  Class: sky130_fd_sc_hd__buf_1 instances:  16
  Class: sky130_fd_sc_hd__buf_2 instances: 339
  Class: sky130_fd_sc_hd__nand4_4 instances:   2
  Class: sky130_fd_sc_hd__buf_4 instances:   4
  Class: sky130_fd_sc_hd__buf_6 instances:   9
  Class: sky130_fd_sc_hd__buf_8 instances:   5
  Class: sky130_fd_sc_hd__and3b_2 instances:  10
  Class: sky130_fd_sc_hd__xor2_2 instances:   1
  Class: sky130_fd_sc_hd__o221ai_2 instances:   1
  Class: sky130_fd_sc_hd__mux4_2 instances:   7
  Class: sky130_fd_sc_hd__dfstp_4 instances:   1
  Class: sky130_fd_sc_hd__dfrtp_2 instances:  11
  Class: sky130_fd_sc_hd__and4_2 instances:  12
  Class: sky130_fd_sc_hd__and4_4 instances:   1
  Class: sky130_fd_sc_hd__inv_2 instances:  33
  Class: sky130_fd_sc_hd__inv_4 instances:   1
  Class: sky130_fd_sc_hd__clkbuf_2 instances:   2
  Class: sky130_fd_sc_hd__clkbuf_4 instances:   3
  Class: sky130_fd_sc_hd__clkbuf_8 instances:   8
  Class: sky130_fd_sc_hd__or3_4 instances:   2
  Class: sky130_fd_sc_hd__nand3_2 instances:   2
  Class: sky130_fd_sc_hd__o21ba_2 instances:   1
  Class: sky130_fd_sc_hd__and2b_2 instances:   5
  Class: sky130_fd_sc_hd__conb_1 instances:  93
  Class: sky130_fd_sc_hd__a21boi_2 instances:   1
  Class: sky130_fd_sc_hd__buf_12 instances:   2
  Class: sky130_sram_2kbyte_1rw1r_32x512_8 instances:   2
  Class: sky130_fd_sc_hd__and3_2 instances:  20
  Class: sky130_fd_sc_hd__and3_4 instances:   1
  Class: sky130_fd_sc_hd__a2111o_2 instances:   1
  Class: sky130_fd_sc_hd__decap_3 instances: 208402
  Class: sky130_fd_sc_hd__or2_2 instances:   6
  Class: sky130_fd_sc_hd__or2_4 instances:   4
  Class: sky130_fd_sc_hd__a2111oi_2 instances:   1
  Class: sky130_fd_sc_hd__nand2_2 instances:  10
  Class: sky130_fd_sc_hd__nand3b_2 instances:   4
  Class: sky130_fd_sc_hd__mux2_1 instances:   1
  Class: sky130_fd_sc_hd__and2_2 instances:  87
  Class: sky130_fd_sc_hd__nor4_4 instances:   1
  Class: sky130_fd_sc_hd__o22a_2 instances:  11
  Class: sky130_fd_sc_hd__xnor2_2 instances:   4
  Class: sky130_fd_sc_hd__o221a_2 instances:   7
  Class: sky130_fd_sc_hd__o221a_4 instances:   4
  Class: sky130_fd_sc_hd__o211a_2 instances:   3
  Class: sky130_fd_sc_hd__o211a_4 instances:   1
  Class: sky130_fd_sc_hd__nand2b_2 instances:   2
  Class: sky130_fd_sc_hd__nand2b_4 instances:   1
  Class: sky130_fd_sc_hd__diode_2 instances:  14
  Class: sky130_fd_sc_hd__a211o_2 instances:   1
  Class: sky130_fd_sc_hd__o2111a_2 instances:   7
  Class: sky130_fd_sc_hd__or3b_4 instances:   6
  Class: sky130_fd_sc_hd__a32o_2 instances:   8
  Class: sky130_fd_sc_hd__a22o_2 instances:  17
  Class: sky130_fd_sc_hd__o2bb2a_2 instances:   1
  Class: sky130_fd_sc_hd__o21a_2 instances:   3
  Class: sky130_fd_sc_hd__and4b_2 instances:   2
  Class: sky130_fd_sc_hd__o21ai_2 instances:  17
  Class: sky130_fd_sc_hd__tapvpwrvgnd_1 instances: 11929
  Class: sky130_fd_sc_hd__a21oi_2 instances:  12
  Class: sky130_fd_sc_hd__fill_1 instances: 11356
  Class: sky130_fd_sc_hd__fill_2 instances: 1061
  Class: sky130_fd_sc_hd__nor2_2 instances:  23
  Class: sky130_fd_sc_hd__nor2_4 instances:   2
Circuit contains 1277 nets.
Contents of circuit 2:  Circuit: 'SoC_Hardened'
Circuit SoC_Hardened contains 233816 device instances.
  Class: sky130_fd_sc_hd__a41o_2 instances:   1
  Class: sky130_fd_sc_hd__clkdlybuf4s25_1 instances:  57
  Class: sky130_fd_sc_hd__a31o_2 instances:   2
  Class: sky130_fd_sc_hd__a21o_2 instances:  12
  Class: sky130_fd_sc_hd__clkbuf_16 instances:  21
  Class: sky130_fd_sc_hd__dfxtp_2 instances: 116
  Class: sky130_fd_sc_hd__dfxtp_4 instances:   2
  Class: sky130_fd_sc_hd__o31ai_2 instances:   1
  Class: sky130_fd_sc_hd__buf_1 instances:  16
  Class: sky130_fd_sc_hd__buf_2 instances: 339
  Class: sky130_fd_sc_hd__nand4_4 instances:   2
  Class: sky130_fd_sc_hd__buf_4 instances:   4
  Class: sky130_fd_sc_hd__buf_6 instances:   9
  Class: sky130_fd_sc_hd__buf_8 instances:   5
  Class: sky130_fd_sc_hd__and3b_2 instances:  10
  Class: sky130_fd_sc_hd__xor2_2 instances:   1
  Class: sky130_fd_sc_hd__o221ai_2 instances:   1
  Class: sky130_fd_sc_hd__mux4_2 instances:   7
  Class: sky130_fd_sc_hd__dfstp_4 instances:   1
  Class: sky130_fd_sc_hd__dfrtp_2 instances:  11
  Class: sky130_fd_sc_hd__and4_2 instances:  12
  Class: sky130_fd_sc_hd__and4_4 instances:   1
  Class: sky130_fd_sc_hd__inv_2 instances:  33
  Class: sky130_fd_sc_hd__inv_4 instances:   1
  Class: sky130_fd_sc_hd__clkbuf_2 instances:   2
  Class: sky130_fd_sc_hd__clkbuf_4 instances:   3
  Class: sky130_fd_sc_hd__clkbuf_8 instances:   8
  Class: sky130_fd_sc_hd__or3_4 instances:   2
  Class: sky130_fd_sc_hd__nand3_2 instances:   2
  Class: sky130_fd_sc_hd__o21ba_2 instances:   1
  Class: sky130_fd_sc_hd__conb_1 instances:  93
  Class: sky130_fd_sc_hd__and2b_2 instances:   5
  Class: sky130_fd_sc_hd__a21boi_2 instances:   1
  Class: sky130_fd_sc_hd__buf_12 instances:   2
  Class: sky130_sram_2kbyte_1rw1r_32x512_8 instances:   2
  Class: sky130_fd_sc_hd__and3_2 instances:  20
  Class: sky130_fd_sc_hd__and3_4 instances:   1
  Class: sky130_fd_sc_hd__a2111o_2 instances:   1
  Class: sky130_fd_sc_hd__decap_3 instances: 208402
  Class: sky130_fd_sc_hd__or2_2 instances:   6
  Class: sky130_fd_sc_hd__or2_4 instances:   4
  Class: sky130_fd_sc_hd__a2111oi_2 instances:   1
  Class: sky130_fd_sc_hd__nand2_2 instances:  10
  Class: sky130_fd_sc_hd__nand3b_2 instances:   4
  Class: sky130_fd_sc_hd__mux2_1 instances:   1
  Class: sky130_fd_sc_hd__and2_2 instances:  87
  Class: sky130_fd_sc_hd__nor4_4 instances:   1
  Class: sky130_fd_sc_hd__o22a_2 instances:  11
  Class: sky130_fd_sc_hd__xnor2_2 instances:   4
  Class: sky130_fd_sc_hd__o221a_2 instances:   7
  Class: sky130_fd_sc_hd__o221a_4 instances:   4
  Class: sky130_fd_sc_hd__o211a_2 instances:   3
  Class: sky130_fd_sc_hd__o211a_4 instances:   1
  Class: sky130_fd_sc_hd__nand2b_2 instances:   2
  Class: sky130_fd_sc_hd__nand2b_4 instances:   1
  Class: sky130_fd_sc_hd__diode_2 instances:  14
  Class: sky130_fd_sc_hd__a211o_2 instances:   1
  Class: sky130_fd_sc_hd__o2111a_2 instances:   7
  Class: sky130_fd_sc_hd__or3b_4 instances:   6
  Class: sky130_fd_sc_hd__a32o_2 instances:   8
  Class: sky130_fd_sc_hd__a22o_2 instances:  17
  Class: sky130_fd_sc_hd__o2bb2a_2 instances:   1
  Class: sky130_fd_sc_hd__o21a_2 instances:   3
  Class: sky130_fd_sc_hd__and4b_2 instances:   2
  Class: sky130_fd_sc_hd__tapvpwrvgnd_1 instances: 11929
  Class: sky130_fd_sc_hd__o21ai_2 instances:  17
  Class: sky130_fd_sc_hd__a21oi_2 instances:  12
  Class: sky130_fd_sc_hd__fill_1 instances: 11356
  Class: sky130_fd_sc_hd__fill_2 instances: 1061
  Class: sky130_fd_sc_hd__nor2_2 instances:  23
  Class: sky130_fd_sc_hd__nor2_4 instances:   2
Circuit contains 1277 nets.

Circuit was modified by parallel/series device merging.
New circuit summary:

Contents of circuit 1:  Circuit: 'SoC_Hardened'
Circuit SoC_Hardened contains 1061 device instances.
  Class: sky130_fd_sc_hd__a41o_2 instances:   1
  Class: sky130_fd_sc_hd__clkdlybuf4s25_1 instances:  57
  Class: sky130_fd_sc_hd__a31o_2 instances:   2
  Class: sky130_fd_sc_hd__a21o_2 instances:  12
  Class: sky130_fd_sc_hd__clkbuf_16 instances:  21
  Class: sky130_fd_sc_hd__dfxtp_2 instances: 116
  Class: sky130_fd_sc_hd__dfxtp_4 instances:   2
  Class: sky130_fd_sc_hd__o31ai_2 instances:   1
  Class: sky130_fd_sc_hd__buf_1 instances:  16
  Class: sky130_fd_sc_hd__buf_2 instances: 339
  Class: sky130_fd_sc_hd__nand4_4 instances:   2
  Class: sky130_fd_sc_hd__buf_4 instances:   4
  Class: sky130_fd_sc_hd__buf_6 instances:   9
  Class: sky130_fd_sc_hd__buf_8 instances:   5
  Class: sky130_fd_sc_hd__and3b_2 instances:  10
  Class: sky130_fd_sc_hd__xor2_2 instances:   1
  Class: sky130_fd_sc_hd__o221ai_2 instances:   1
  Class: sky130_fd_sc_hd__mux4_2 instances:   7
  Class: sky130_fd_sc_hd__dfstp_4 instances:   1
  Class: sky130_fd_sc_hd__dfrtp_2 instances:  11
  Class: sky130_fd_sc_hd__and4_2 instances:  12
  Class: sky130_fd_sc_hd__and4_4 instances:   1
  Class: sky130_fd_sc_hd__inv_2 instances:  33
  Class: sky130_fd_sc_hd__inv_4 instances:   1
  Class: sky130_fd_sc_hd__clkbuf_2 instances:   2
  Class: sky130_fd_sc_hd__clkbuf_4 instances:   3
  Class: sky130_fd_sc_hd__clkbuf_8 instances:   8
  Class: sky130_fd_sc_hd__or3_4 instances:   2
  Class: sky130_fd_sc_hd__nand3_2 instances:   2
  Class: sky130_fd_sc_hd__o21ba_2 instances:   1
  Class: sky130_fd_sc_hd__and2b_2 instances:   5
  Class: sky130_fd_sc_hd__conb_1 instances:  93
  Class: sky130_fd_sc_hd__a21boi_2 instances:   1
  Class: sky130_fd_sc_hd__buf_12 instances:   2
  Class: sky130_sram_2kbyte_1rw1r_32x512_8 instances:   2
  Class: sky130_fd_sc_hd__and3_2 instances:  20
  Class: sky130_fd_sc_hd__and3_4 instances:   1
  Class: sky130_fd_sc_hd__a2111o_2 instances:   1
  Class: sky130_fd_sc_hd__decap_3 instances:   1
  Class: sky130_fd_sc_hd__or2_2 instances:   6
  Class: sky130_fd_sc_hd__or2_4 instances:   4
  Class: sky130_fd_sc_hd__a2111oi_2 instances:   1
  Class: sky130_fd_sc_hd__nand2_2 instances:  10
  Class: sky130_fd_sc_hd__nand3b_2 instances:   4
  Class: sky130_fd_sc_hd__mux2_1 instances:   1
  Class: sky130_fd_sc_hd__and2_2 instances:  87
  Class: sky130_fd_sc_hd__nor4_4 instances:   1
  Class: sky130_fd_sc_hd__o22a_2 instances:  11
  Class: sky130_fd_sc_hd__xnor2_2 instances:   4
  Class: sky130_fd_sc_hd__o221a_2 instances:   7
  Class: sky130_fd_sc_hd__o221a_4 instances:   4
  Class: sky130_fd_sc_hd__o211a_2 instances:   3
  Class: sky130_fd_sc_hd__o211a_4 instances:   1
  Class: sky130_fd_sc_hd__nand2b_2 instances:   2
  Class: sky130_fd_sc_hd__nand2b_4 instances:   1
  Class: sky130_fd_sc_hd__diode_2 instances:   3
  Class: sky130_fd_sc_hd__a211o_2 instances:   1
  Class: sky130_fd_sc_hd__o2111a_2 instances:   7
  Class: sky130_fd_sc_hd__or3b_4 instances:   6
  Class: sky130_fd_sc_hd__a32o_2 instances:   8
  Class: sky130_fd_sc_hd__a22o_2 instances:  17
  Class: sky130_fd_sc_hd__o2bb2a_2 instances:   1
  Class: sky130_fd_sc_hd__o21a_2 instances:   3
  Class: sky130_fd_sc_hd__and4b_2 instances:   2
  Class: sky130_fd_sc_hd__o21ai_2 instances:  17
  Class: sky130_fd_sc_hd__tapvpwrvgnd_1 instances:   1
  Class: sky130_fd_sc_hd__a21oi_2 instances:  12
  Class: sky130_fd_sc_hd__fill_1 instances:   1
  Class: sky130_fd_sc_hd__fill_2 instances:   1
  Class: sky130_fd_sc_hd__nor2_2 instances:  23
  Class: sky130_fd_sc_hd__nor2_4 instances:   2
Circuit contains 1277 nets.
Contents of circuit 2:  Circuit: 'SoC_Hardened'
Circuit SoC_Hardened contains 1061 device instances.
  Class: sky130_fd_sc_hd__a41o_2 instances:   1
  Class: sky130_fd_sc_hd__clkdlybuf4s25_1 instances:  57
  Class: sky130_fd_sc_hd__a31o_2 instances:   2
  Class: sky130_fd_sc_hd__a21o_2 instances:  12
  Class: sky130_fd_sc_hd__clkbuf_16 instances:  21
  Class: sky130_fd_sc_hd__dfxtp_2 instances: 116
  Class: sky130_fd_sc_hd__dfxtp_4 instances:   2
  Class: sky130_fd_sc_hd__o31ai_2 instances:   1
  Class: sky130_fd_sc_hd__buf_1 instances:  16
  Class: sky130_fd_sc_hd__buf_2 instances: 339
  Class: sky130_fd_sc_hd__nand4_4 instances:   2
  Class: sky130_fd_sc_hd__buf_4 instances:   4
  Class: sky130_fd_sc_hd__buf_6 instances:   9
  Class: sky130_fd_sc_hd__buf_8 instances:   5
  Class: sky130_fd_sc_hd__and3b_2 instances:  10
  Class: sky130_fd_sc_hd__xor2_2 instances:   1
  Class: sky130_fd_sc_hd__o221ai_2 instances:   1
  Class: sky130_fd_sc_hd__mux4_2 instances:   7
  Class: sky130_fd_sc_hd__dfstp_4 instances:   1
  Class: sky130_fd_sc_hd__dfrtp_2 instances:  11
  Class: sky130_fd_sc_hd__and4_2 instances:  12
  Class: sky130_fd_sc_hd__and4_4 instances:   1
  Class: sky130_fd_sc_hd__inv_2 instances:  33
  Class: sky130_fd_sc_hd__inv_4 instances:   1
  Class: sky130_fd_sc_hd__clkbuf_2 instances:   2
  Class: sky130_fd_sc_hd__clkbuf_4 instances:   3
  Class: sky130_fd_sc_hd__clkbuf_8 instances:   8
  Class: sky130_fd_sc_hd__or3_4 instances:   2
  Class: sky130_fd_sc_hd__nand3_2 instances:   2
  Class: sky130_fd_sc_hd__o21ba_2 instances:   1
  Class: sky130_fd_sc_hd__conb_1 instances:  93
  Class: sky130_fd_sc_hd__and2b_2 instances:   5
  Class: sky130_fd_sc_hd__a21boi_2 instances:   1
  Class: sky130_fd_sc_hd__buf_12 instances:   2
  Class: sky130_sram_2kbyte_1rw1r_32x512_8 instances:   2
  Class: sky130_fd_sc_hd__and3_2 instances:  20
  Class: sky130_fd_sc_hd__and3_4 instances:   1
  Class: sky130_fd_sc_hd__a2111o_2 instances:   1
  Class: sky130_fd_sc_hd__decap_3 instances:   1
  Class: sky130_fd_sc_hd__or2_2 instances:   6
  Class: sky130_fd_sc_hd__or2_4 instances:   4
  Class: sky130_fd_sc_hd__a2111oi_2 instances:   1
  Class: sky130_fd_sc_hd__nand2_2 instances:  10
  Class: sky130_fd_sc_hd__nand3b_2 instances:   4
  Class: sky130_fd_sc_hd__mux2_1 instances:   1
  Class: sky130_fd_sc_hd__and2_2 instances:  87
  Class: sky130_fd_sc_hd__nor4_4 instances:   1
  Class: sky130_fd_sc_hd__o22a_2 instances:  11
  Class: sky130_fd_sc_hd__xnor2_2 instances:   4
  Class: sky130_fd_sc_hd__o221a_2 instances:   7
  Class: sky130_fd_sc_hd__o221a_4 instances:   4
  Class: sky130_fd_sc_hd__o211a_2 instances:   3
  Class: sky130_fd_sc_hd__o211a_4 instances:   1
  Class: sky130_fd_sc_hd__nand2b_2 instances:   2
  Class: sky130_fd_sc_hd__nand2b_4 instances:   1
  Class: sky130_fd_sc_hd__diode_2 instances:   3
  Class: sky130_fd_sc_hd__a211o_2 instances:   1
  Class: sky130_fd_sc_hd__o2111a_2 instances:   7
  Class: sky130_fd_sc_hd__or3b_4 instances:   6
  Class: sky130_fd_sc_hd__a32o_2 instances:   8
  Class: sky130_fd_sc_hd__a22o_2 instances:  17
  Class: sky130_fd_sc_hd__o2bb2a_2 instances:   1
  Class: sky130_fd_sc_hd__o21a_2 instances:   3
  Class: sky130_fd_sc_hd__and4b_2 instances:   2
  Class: sky130_fd_sc_hd__tapvpwrvgnd_1 instances:   1
  Class: sky130_fd_sc_hd__o21ai_2 instances:  17
  Class: sky130_fd_sc_hd__a21oi_2 instances:  12
  Class: sky130_fd_sc_hd__fill_1 instances:   1
  Class: sky130_fd_sc_hd__fill_2 instances:   1
  Class: sky130_fd_sc_hd__nor2_2 instances:  23
  Class: sky130_fd_sc_hd__nor2_4 instances:   2
Circuit contains 1277 nets.

Circuit 1 contains 1061 devices, Circuit 2 contains 1061 devices.
Circuit 1 contains 1277 nets,    Circuit 2 contains 1277 nets.


Final result: 
Circuits match uniquely.
.
Logging to file "/home/ayesha/Downloads/riscv_mmu_fast_synthesis_project_an/riscv_mmu_fast_synthesis_project/runs/RUN_2026-09-13_10-44-24/67-netgen-lvs/reports/lvs.netgen.rpt" disabled
LVS Done.
