[WARNING ORD-0039] .openroad ignored with -python
Top-level design name: SoC_Hardened
Block boundaries: 0 0 1212070 1222790
Horizontal Tracks Origin: 340, Count: 1798, Step: 680
Vertical Tracks Origin: 230, Count: 2635, Step: 460
Placement details for the N side
Virtual pin count:  0
Actual pin count:  1
Total pin count:  1
Tracks count:  1318
Tracks per pin:  1318
Used tracks count:  1
Unused track count:  1317
Starting track index:  658
Placement details for the E side
Virtual pin count:  0
Actual pin count:  3
Total pin count:  3
Tracks count:  899
Tracks per pin:  299
Used tracks count:  599
Unused track count:  300
Starting track index:  150
Placement details for the W side
Virtual pin count:  0
Actual pin count:  2
Total pin count:  2
Tracks count:  899
Tracks per pin:  449
Used tracks count:  450
Unused track count:  449
Starting track index:  224
Placement details for the S side
Virtual pin count:  0
Actual pin count:  1
Total pin count:  1
Tracks count:  1318
Tracks per pin:  1318
Used tracks count:  1
Unused track count:  1317
Starting track index:  658
