257. Printing statistics.

=== SoC_Hardened ===

        +----------Local Count, excluding submodules.
        |        +-Local Area, excluding submodules.
        |        | 
      528        - wires
      840        - wire bits
       34        - public wires
      346        - public wire bits
        4        - ports
        7        - port bits
      681  2825.21 cells
       87        -   $_ANDNOT_
       21        -   $_AND_
      259        -   $_MUX_
       30        -   $_NAND_
        7        -   $_NOR_
       22        -   $_NOT_
       15        -   $_ORNOT_
       51        -   $_OR_
        4        -   $_XNOR_
       53        -   $_XOR_
       11  289.027   sky130_fd_sc_hd__dfrtp_2
        1   26.275   sky130_fd_sc_hd__dfstp_2
      118 2.51E+03   sky130_fd_sc_hd__dfxtp_2
        2        -   sky130_sram_2kbyte_1rw1r_32x512_8

   Area for cell type $_ANDNOT_ is unknown!
   Area for cell type $_AND_ is unknown!
   Area for cell type $_MUX_ is unknown!
   Area for cell type $_NAND_ is unknown!
   Area for cell type $_NOR_ is unknown!
   Area for cell type $_NOT_ is unknown!
   Area for cell type $_ORNOT_ is unknown!
   Area for cell type $_OR_ is unknown!
   Area for cell type $_XNOR_ is unknown!
   Area for cell type $_XOR_ is unknown!
   Area for cell type \sky130_sram_2kbyte_1rw1r_32x512_8 is unknown!

   Chip area for module '\SoC_Hardened': 2825.209600
     of which used for sequential elements: 2825.209600 (100.00%)

