
42. Executing CHECK pass (checking for obvious problems).
Checking module SoC_Hardened...
Checking module extend...
Checking module $paramod\mux2\WIDTH=s32'00000000000000000000000000100000...
Checking module alu32...
Checking module $paramod\mux4\WIDTH=s32'00000000000000000000000000100000...
Checking module $paramod\adder\WIDTH=s32'00000000000000000000000000100000...
Checking module tlb...
Checking module datapath...
Checking module control_logic...
Checking module Single_Cycle_RV32I...
Checking module mmu...
Checking module page_table...
Checking module $paramod\dmem\MEM_BYTES=s32'00000000000000000001000000000000...
Checking module $paramod$d65e6a6ebfcdfc0809037d6d537f25b1156fd078\imem...
Checking module fault_handler...
Checking module apb_mmu_control...
Checking module $paramod$9a211e3708711f77787f535dcfa1bcc78cc476b6\uart_tx...
Checking module gpio_debug...
Checking module $paramod$b677fad39eb3aaa48ea4b59df0880a1c7857c4b9\Top...
Checking module $paramod\flopr\WIDTH=s32'00000000000000000000000000100000...
Checking module regfile...
Found and reported 0 problems.
