251. Printing statistics.

=== SoC_Hardened ===

        +----------Local Count, excluding submodules.
        | 
      324 wires
      636 wire bits
       34 public wires
      346 public wire bits
        4 ports
        7 port bits
      477 cells
       87   $_ANDNOT_
       21   $_AND_
       11   $_DFFE_PP0P_
       25   $_DFFE_PP_
        1   $_DFF_PP1_
       67   $_MUX_
       30   $_NAND_
        7   $_NOR_
       10   $_NOT_
       15   $_ORNOT_
       51   $_OR_
       63   $_SDFFCE_PN0P_
       30   $_SDFF_PP0_
        4   $_XNOR_
       53   $_XOR_
        2   sky130_sram_2kbyte_1rw1r_32x512_8

   Area for cell type $_ANDNOT_ is unknown!
   Area for cell type $_AND_ is unknown!
   Area for cell type $_DFFE_PP0P_ is unknown!
   Area for cell type $_DFFE_PP_ is unknown!
   Area for cell type $_DFF_PP1_ is unknown!
   Area for cell type $_MUX_ is unknown!
   Area for cell type $_NAND_ is unknown!
   Area for cell type $_NOR_ is unknown!
   Area for cell type $_NOT_ is unknown!
   Area for cell type $_ORNOT_ is unknown!
   Area for cell type $_OR_ is unknown!
   Area for cell type $_SDFFCE_PN0P_ is unknown!
   Area for cell type $_SDFF_PP0_ is unknown!
   Area for cell type $_XNOR_ is unknown!
   Area for cell type $_XOR_ is unknown!
   Area for cell type \sky130_sram_2kbyte_1rw1r_32x512_8 is unknown!

