263. Printing statistics.

=== SoC_Hardened ===

        +----------Local Count, excluding submodules.
        |        +-Local Area, excluding submodules.
        |        | 
     1115        - wires
     1427        - wire bits
       34        - public wires
      346        - public wire bits
        4        - ports
        7        - port bits
      916 7.91E+03 cells
        1   12.512   sky130_fd_sc_hd__a2111o_2
        1   15.014   sky130_fd_sc_hd__a2111oi_2
        1    10.01   sky130_fd_sc_hd__a211o_2
        1   11.261   sky130_fd_sc_hd__a21boi_2
       12  105.101   sky130_fd_sc_hd__a21o_2
       12  105.101   sky130_fd_sc_hd__a21oi_2
       17  170.163   sky130_fd_sc_hd__a22o_2
        2   17.517   sky130_fd_sc_hd__a31o_2
        8   90.086   sky130_fd_sc_hd__a32o_2
        1   11.261   sky130_fd_sc_hd__a41o_2
       87  653.126   sky130_fd_sc_hd__and2_2
        5   43.792   sky130_fd_sc_hd__and2b_2
       21  157.651   sky130_fd_sc_hd__and3_2
       10  100.096   sky130_fd_sc_hd__and3b_2
       13  130.125   sky130_fd_sc_hd__and4_2
        2   22.522   sky130_fd_sc_hd__and4b_2
      328 1.64E+03   sky130_fd_sc_hd__buf_2
       93  349.085   sky130_fd_sc_hd__conb_1
       11  289.027   sky130_fd_sc_hd__dfrtp_2
        1   26.275   sky130_fd_sc_hd__dfstp_2
      118 2.51E+03   sky130_fd_sc_hd__dfxtp_2
       34  127.622   sky130_fd_sc_hd__inv_2
        1   11.261   sky130_fd_sc_hd__mux2_1
        7  157.651   sky130_fd_sc_hd__mux4_2
       10    62.56   sky130_fd_sc_hd__nand2_2
        3   26.275   sky130_fd_sc_hd__nand2b_2
        2   20.019   sky130_fd_sc_hd__nand3_2
        4   45.043   sky130_fd_sc_hd__nand3b_2
        2   25.024   sky130_fd_sc_hd__nand4_2
       25    156.4   sky130_fd_sc_hd__nor2_2
        1   12.512   sky130_fd_sc_hd__nor4_2
        7   87.584   sky130_fd_sc_hd__o2111a_2
        4   40.038   sky130_fd_sc_hd__o211a_2
        3   26.275   sky130_fd_sc_hd__o21a_2
       17  148.893   sky130_fd_sc_hd__o21ai_2
        1    10.01   sky130_fd_sc_hd__o21ba_2
       11  123.869   sky130_fd_sc_hd__o221a_2
        1   15.014   sky130_fd_sc_hd__o221ai_2
       11  110.106   sky130_fd_sc_hd__o22a_2
        1   11.261   sky130_fd_sc_hd__o2bb2a_2
        1   12.512   sky130_fd_sc_hd__o31ai_2
       10    62.56   sky130_fd_sc_hd__or2_2
        2   15.014   sky130_fd_sc_hd__or3_2
        6    52.55   sky130_fd_sc_hd__or3b_2
        4   65.062   sky130_fd_sc_hd__xnor2_2
        1   16.266   sky130_fd_sc_hd__xor2_2
        2        -   sky130_sram_2kbyte_1rw1r_32x512_8

   Area for cell type \sky130_sram_2kbyte_1rw1r_32x512_8 is unknown!

   Chip area for module '\SoC_Hardened': 7912.588800
     of which used for sequential elements: 2825.209600 (35.71%)

