
===========================================================================
 report_power
============================================================================
======================= nom_tt_025C_1v80 Corner ===================================

Group                    Internal    Switching      Leakage        Total
                            Power        Power        Power        Power (Watts)
------------------------------------------------------------------------
Sequential           5.206189e-04 4.678056e-07 1.158317e-09 5.210879e-04   4.2%
Combinational        1.917943e-05 2.906026e-05 3.797210e-09 4.824349e-05   0.4%
Clock                4.518730e-04 3.249433e-04 6.755682e-07 7.774918e-04   6.3%
Macro                1.104672e-02 0.000000e+00 3.545200e-05 1.108217e-02  89.2%
Pad                  0.000000e+00 0.000000e+00 0.000000e+00 0.000000e+00   0.0%
------------------------------------------------------------------------
Total                1.203839e-02 3.544714e-04 3.613260e-05 1.242899e-02 100.0%
                            96.9%         2.9%         0.3%

