Clock: clk
Sources: clk 
Generated: no
Virtual: yes
Propagated: no
Period: 10.000000

===========================================================================
report_clock_properties
============================================================================
Clock                   Period          Waveform
----------------------------------------------------
clk                  10.000000    0.000000  5.000000

===========================================================================
report_clock_latency
============================================================================
Clock clk
rise -> rise
    min     max
0.000000 0.000000 source latency
1.828142         network latency u_top.dataMemory.sram_even_words/clk1
        2.435791 network latency _1567_/CLK
---------------
1.828142 2.435791 latency
        0.607650 skew

fall -> fall
    min     max
0.000000 0.000000 source latency
1.432034         network latency u_top.dataMemory.sram_even_words/clk1
        2.056240 network latency _1567_/CLK
---------------
1.432034 2.056240 latency
        0.624206 skew



===========================================================================
report_clock_min_period
============================================================================
clk period_min = 9.23 fmax = 108.29
