
===========================================================================
 report_power
============================================================================
======================= max_ss_100C_1v60 Corner ===================================

Group                    Internal    Switching      Leakage        Total
                            Power        Power        Power        Power (Watts)
------------------------------------------------------------------------
Sequential           4.033942e-04 3.703496e-07 1.995596e-06 4.057601e-04   3.3%
Combinational        1.555390e-05 2.356349e-05 4.437559e-06 4.355495e-05   0.4%
Clock                3.671063e-04 2.611945e-04 1.136217e-06 6.294370e-04   5.2%
Macro                1.104672e-02 0.000000e+00 3.545200e-05 1.108217e-02  91.1%
Pad                  0.000000e+00 0.000000e+00 0.000000e+00 0.000000e+00   0.0%
------------------------------------------------------------------------
Total                1.183277e-02 2.851285e-04 4.302142e-05 1.216092e-02 100.0%
                            97.3%         2.3%         0.4%

