┏━━━━━━━━━━━━━━━━━━━━━━┳━━━━━━━━━━┳━━━━━━━━━━┳━━━━━━━━━━┳━━━━━━━━━━┳━━━━━━━━━━━┳━━━━━━━━━━┳━━━━━━━━━━━┳━━━━━━━━━━┳━━━━━━━━━━━┳━━━━━━━━━━┳━━━━━━━━━━━┳━━━━━━━━━━┓
┃                      ┃ Hold     ┃ Reg to   ┃          ┃          ┃ of which  ┃ Setup    ┃           ┃          ┃           ┃ of which ┃           ┃          ┃
┃                      ┃ Worst    ┃ Reg      ┃          ┃ Hold Vio ┃ reg to    ┃ Worst    ┃ Reg to    ┃ Setup    ┃ Setup Vio ┃ reg to   ┃ Max Cap   ┃ Max Slew ┃
┃ Corner/Group         ┃ Slack    ┃ Paths    ┃ Hold TNS ┃ Count    ┃ reg       ┃ Slack    ┃ Reg Paths ┃ TNS      ┃ Count     ┃ reg      ┃ Violatio… ┃ Violati… ┃
┡━━━━━━━━━━━━━━━━━━━━━━╇━━━━━━━━━━╇━━━━━━━━━━╇━━━━━━━━━━╇━━━━━━━━━━╇━━━━━━━━━━━╇━━━━━━━━━━╇━━━━━━━━━━━╇━━━━━━━━━━╇━━━━━━━━━━━╇━━━━━━━━━━╇━━━━━━━━━━━╇━━━━━━━━━━┩
│ Overall              │ 0.0619   │ 0.0619   │ 0.0000   │ 0        │ 0         │ 1.4653   │ 2.1008    │ 0.0000   │ 0         │ 0        │ 1         │ 155      │
│ nom_tt_025C_1v80     │ 0.2042   │ 0.2042   │ 0.0000   │ 0        │ 0         │ 4.7191   │ 6.1252    │ 0.0000   │ 0         │ 0        │ 0         │ 56       │
│ nom_ss_100C_1v60     │ 0.5579   │ 0.5579   │ 0.0000   │ 0        │ 0         │ 1.4653   │ 2.1008    │ 0.0000   │ 0         │ 0        │ 1         │ 155      │
│ nom_ff_n40C_1v95     │ 0.0619   │ 0.0619   │ 0.0000   │ 0        │ 0         │ 5.8557   │ 8.2851    │ 0.0000   │ 0         │ 0        │ 0         │ 26       │
└──────────────────────┴──────────┴──────────┴──────────┴──────────┴───────────┴──────────┴───────────┴──────────┴───────────┴──────────┴───────────┴──────────┘
