
===========================================================================
report_checks -unconstrained
===========================================================================
======================= nom_tt_025C_1v80 Corner ===================================

Startpoint: reset (input port clocked by clk)
Endpoint: _1562_ (recovery check against rising-edge clock clk)
Path Group: asynchronous
Path Type: max

Fanout         Cap        Slew       Delay        Time   Description
---------------------------------------------------------------------------------------------
                                  0.000000    0.000000   clock clk (rise edge)
                                  0.000000    0.000000   clock network delay (propagated)
                                  2.000000    2.000000 v input external delay
     1    0.091388    0.205750    0.173363    2.173363 v reset (in)
                                                         reset (net)
                      0.221562    0.000000    2.173363 v _1826_/A (sky130_fd_sc_hd__buf_2)
     5    0.030289    0.081976    0.263211    2.436575 v _1826_/X (sky130_fd_sc_hd__buf_2)
                                                         _0629_ (net)
                      0.082032    0.002052    2.438627 v _1090_/A (sky130_fd_sc_hd__inv_2)
     4    0.029448    0.137917    0.146443    2.585069 ^ _1090_/Y (sky130_fd_sc_hd__inv_2)
                                                         _0291_ (net)
                      0.137927    0.001031    2.586101 ^ fanout64/A (sky130_fd_sc_hd__clkdlybuf4s25_1)
     9    0.027211    0.277775    0.463541    3.049642 ^ fanout64/X (sky130_fd_sc_hd__clkdlybuf4s25_1)
                                                         net64 (net)
                      0.277775    0.001053    3.050695 ^ _1983_/A (sky130_fd_sc_hd__buf_2)
     1    0.004684    0.039607    0.176646    3.227341 ^ _1983_/X (sky130_fd_sc_hd__buf_2)
                                                         _0877_ (net)
                      0.039607    0.000094    3.227435 ^ _1562_/RESET_B (sky130_fd_sc_hd__dfrtp_2)
                                              3.227435   data arrival time

                                 10.000000   10.000000   clock clk (rise edge)
                                  0.000000   10.000000   clock source latency
     2    0.124676    0.566136    0.403602   10.403602 ^ clk (in)
                                                         clk (net)
                      0.584471    0.000000   10.403602 ^ clkbuf_regs_0_clk/A (sky130_fd_sc_hd__clkbuf_16)
     1    0.008633    0.045977    0.230257   10.633859 ^ clkbuf_regs_0_clk/X (sky130_fd_sc_hd__clkbuf_16)
                                                         clk_regs (net)
                      0.045978    0.000207   10.634066 ^ clkbuf_0_clk_regs/A (sky130_fd_sc_hd__clkbuf_16)
     8    0.061298    0.079426    0.149177   10.783242 ^ clkbuf_0_clk_regs/X (sky130_fd_sc_hd__clkbuf_16)
                                                         clknet_0_clk_regs (net)
                      0.079601    0.002339   10.785581 ^ clkbuf_3_2_0_clk_regs/A (sky130_fd_sc_hd__clkbuf_8)
     2    0.018549    0.049082    0.135217   10.920798 ^ clkbuf_3_2_0_clk_regs/X (sky130_fd_sc_hd__clkbuf_8)
                                                         clknet_3_2_0_clk_regs (net)
                      0.049092    0.000651   10.921449 ^ clkbuf_4_4__f_clk_regs/A (sky130_fd_sc_hd__clkbuf_16)
     9    0.027844    0.049156    0.127481   11.048930 ^ clkbuf_4_4__f_clk_regs/X (sky130_fd_sc_hd__clkbuf_16)
                                                         clknet_4_4__leaf_clk_regs (net)
                      0.049158    0.000580   11.049510 ^ _1562_/CLK (sky130_fd_sc_hd__dfrtp_2)
                                 -0.250000   10.799510   clock uncertainty
                                  0.000000   10.799510   clock reconvergence pessimism
                                  0.222068   11.021579   library recovery time
                                             11.021579   data required time
---------------------------------------------------------------------------------------------
                                             11.021579   data required time
                                             -3.227435   data arrival time
---------------------------------------------------------------------------------------------
                                              7.794144   slack (MET)


Startpoint: _1543_ (rising edge-triggered flip-flop clocked by clk)
Endpoint: gpio[3] (output port clocked by clk)
Path Group: clk
Path Type: max

Fanout         Cap        Slew       Delay        Time   Description
---------------------------------------------------------------------------------------------
                                  0.000000    0.000000   clock clk (rise edge)
                                  0.000000    0.000000   clock source latency
     2    0.124676    0.566136    0.446086    0.446086 ^ clk (in)
                                                         clk (net)
                      0.584471    0.000000    0.446086 ^ clkbuf_regs_0_clk/A (sky130_fd_sc_hd__clkbuf_16)
     1    0.008633    0.045977    0.254495    0.700581 ^ clkbuf_regs_0_clk/X (sky130_fd_sc_hd__clkbuf_16)
                                                         clk_regs (net)
                      0.045978    0.000228    0.700809 ^ clkbuf_0_clk_regs/A (sky130_fd_sc_hd__clkbuf_16)
     8    0.061298    0.079426    0.164880    0.865689 ^ clkbuf_0_clk_regs/X (sky130_fd_sc_hd__clkbuf_16)
                                                         clknet_0_clk_regs (net)
                      0.079643    0.002986    0.868675 ^ clkbuf_3_4_0_clk_regs/A (sky130_fd_sc_hd__clkbuf_8)
     2    0.018976    0.049740    0.150171    1.018846 ^ clkbuf_3_4_0_clk_regs/X (sky130_fd_sc_hd__clkbuf_8)
                                                         clknet_3_4_0_clk_regs (net)
                      0.049749    0.000684    1.019529 ^ clkbuf_4_9__f_clk_regs/A (sky130_fd_sc_hd__clkbuf_16)
     9    0.028796    0.049956    0.141857    1.161387 ^ clkbuf_4_9__f_clk_regs/X (sky130_fd_sc_hd__clkbuf_16)
                                                         clknet_4_9__leaf_clk_regs (net)
                      0.049963    0.001156    1.162543 ^ _1543_/CLK (sky130_fd_sc_hd__dfxtp_4)
     2    0.010754    0.038633    0.359766    1.522309 v _1543_/Q (sky130_fd_sc_hd__dfxtp_4)
                                                         u_top.RV32I_Logic.Single_Cycle_Datapath.pcREG.q[13] (net)
                      0.038633    0.000224    1.522533 v rebuffer180/A (sky130_fd_sc_hd__buf_4)
     4    0.016275    0.039785    0.152277    1.674811 v rebuffer180/X (sky130_fd_sc_hd__buf_4)
                                                         net179 (net)
                      0.039824    0.001165    1.675976 v _1133_/A (sky130_fd_sc_hd__or2_4)
     3    0.016242    0.063576    0.282123    1.958099 v _1133_/X (sky130_fd_sc_hd__or2_4)
                                                         _0469_ (net)
                      0.063576    0.000269    1.958368 v fanout48/A (sky130_fd_sc_hd__buf_4)
    10    0.044290    0.070535    0.196316    2.154684 v fanout48/X (sky130_fd_sc_hd__buf_4)
                                                         net48 (net)
                      0.070561    0.001338    2.156023 v _1163_/B1 (sky130_fd_sc_hd__o221a_4)
     4    0.019409    0.062399    0.287881    2.443904 v _1163_/X (sky130_fd_sc_hd__o221a_4)
                                                         _0499_ (net)
                      0.062444    0.000944    2.444848 v _1240_/B (sky130_fd_sc_hd__and2_2)
     1    0.003843    0.039441    0.204525    2.649374 v _1240_/X (sky130_fd_sc_hd__and2_2)
                                                         _0555_ (net)
                      0.039441    0.000144    2.649517 v _1253_/B1 (sky130_fd_sc_hd__o221a_2)
     1    0.006520    0.051939    0.264847    2.914365 v _1253_/X (sky130_fd_sc_hd__o221a_2)
                                                         _0568_ (net)
                      0.051940    0.000273    2.914638 v _1257_/B1 (sky130_fd_sc_hd__o211a_4)
     1    0.002508    0.034996    0.137695    3.052332 v _1257_/X (sky130_fd_sc_hd__o211a_4)
                                                         _0572_ (net)
                      0.034996    0.000063    3.052395 v _1258_/D (sky130_fd_sc_hd__and4b_2)
     2    0.016148    0.072727    0.284227    3.336623 v _1258_/X (sky130_fd_sc_hd__and4b_2)
                                                         _0573_ (net)
                      0.072729    0.000490    3.337113 v rebuffer170/A (sky130_fd_sc_hd__buf_6)
     1    0.008408    0.024252    0.132145    3.469258 v rebuffer170/X (sky130_fd_sc_hd__buf_6)
                                                         net169 (net)
                      0.024252    0.000214    3.469472 v _1259_/D (sky130_fd_sc_hd__nor4_4)
     3    0.022153    0.388321    0.298650    3.768122 ^ _1259_/Y (sky130_fd_sc_hd__nor4_4)
                                                         _0574_ (net)
                      0.388329    0.002339    3.770461 ^ _1262_/A (sky130_fd_sc_hd__nor2_4)
     1    0.056603    0.138161    0.167447    3.937908 v _1262_/Y (sky130_fd_sc_hd__nor2_4)
                                                         _0694_ (net)
                      0.142193    0.019400    3.957308 v wire3/A (sky130_fd_sc_hd__buf_8)
     1    0.035369    0.041104    0.187446    4.144754 v wire3/X (sky130_fd_sc_hd__buf_8)
                                                         gpio[3] (net)
                      0.041136    0.001081    4.145835 v gpio[3] (out)
                                              4.145835   data arrival time

                                 10.000000   10.000000   clock clk (rise edge)
                                  0.000000   10.000000   clock network delay (propagated)
                                 -0.250000    9.750000   clock uncertainty
                                  0.000000    9.750000   clock reconvergence pessimism
                                 -2.000000    7.750000   output external delay
                                              7.750000   data required time
---------------------------------------------------------------------------------------------
                                              7.750000   data required time
                                             -4.145835   data arrival time
---------------------------------------------------------------------------------------------
                                              3.604165   slack (MET)




===========================================================================
report_checks --slack_max -0.01
============================================================================
======================= nom_tt_025C_1v80 Corner ===================================

No paths found.


===========================================================================
 report_check_types -max_slew -max_cap -max_fanout -violators
============================================================================
======================= nom_tt_025C_1v80 Corner ===================================

max slew

Pin                                        Limit        Slew       Slack
------------------------------------------------------------------------
u_top.dataMemory.sram_odd_words/addr0[3]    0.040000    0.140978   -0.100978 (VIOLATED)
u_top.dataMemory.sram_odd_words/wmask0[3]    0.040000    0.140438   -0.100438 (VIOLATED)
u_top.dataMemory.sram_even_words/wmask0[3]    0.040000    0.140255   -0.100255 (VIOLATED)
u_top.dataMemory.sram_odd_words/wmask0[1]    0.040000    0.137605   -0.097605 (VIOLATED)
u_top.dataMemory.sram_even_words/wmask0[1]    0.040000    0.137420   -0.097420 (VIOLATED)
u_top.dataMemory.sram_odd_words/wmask0[2]    0.040000    0.133859   -0.093859 (VIOLATED)
u_top.dataMemory.sram_even_words/addr0[4]    0.040000    0.131690   -0.091690 (VIOLATED)
u_top.dataMemory.sram_odd_words/addr0[6]    0.040000    0.131405   -0.091405 (VIOLATED)
u_top.dataMemory.sram_odd_words/addr0[8]    0.040000    0.130300   -0.090300 (VIOLATED)
u_top.dataMemory.sram_odd_words/addr0[0]    0.040000    0.129639   -0.089639 (VIOLATED)
u_top.dataMemory.sram_even_words/addr0[2]    0.040000    0.129548   -0.089548 (VIOLATED)
u_top.dataMemory.sram_even_words/addr0[8]    0.040000    0.129546   -0.089546 (VIOLATED)
u_top.dataMemory.sram_odd_words/addr0[5]    0.040000    0.129474   -0.089474 (VIOLATED)
u_top.dataMemory.sram_odd_words/addr0[7]    0.040000    0.129313   -0.089313 (VIOLATED)
u_top.dataMemory.sram_even_words/addr0[7]    0.040000    0.129125   -0.089125 (VIOLATED)
u_top.dataMemory.sram_odd_words/addr0[4]    0.040000    0.128949   -0.088949 (VIOLATED)
u_top.dataMemory.sram_even_words/addr0[6]    0.040000    0.128817   -0.088817 (VIOLATED)
u_top.dataMemory.sram_even_words/wmask0[2]    0.040000    0.128685   -0.088685 (VIOLATED)
u_top.dataMemory.sram_even_words/addr0[0]    0.040000    0.128528   -0.088528 (VIOLATED)
u_top.dataMemory.sram_odd_words/addr0[1]    0.040000    0.128268   -0.088268 (VIOLATED)
u_top.dataMemory.sram_even_words/addr0[5]    0.040000    0.128119   -0.088119 (VIOLATED)
u_top.dataMemory.sram_odd_words/addr0[2]    0.040000    0.127899   -0.087899 (VIOLATED)
u_top.dataMemory.sram_even_words/addr0[3]    0.040000    0.127407   -0.087407 (VIOLATED)
u_top.dataMemory.sram_even_words/addr0[1]    0.040000    0.127158   -0.087158 (VIOLATED)
u_top.dataMemory.sram_odd_words/wmask0[0]    0.040000    0.126756   -0.086756 (VIOLATED)
u_top.dataMemory.sram_even_words/wmask0[0]    0.040000    0.126590   -0.086590 (VIOLATED)



===========================================================================
report_parasitic_annotation -report_unannotated
============================================================================
Found 250 unannotated drivers.
 _1667_/X
 _1667__154/HI
 _1668_/X
 _1668__155/HI
 _1669_/X
 _1669__156/HI
 _1670_/X
 _1670__157/HI
 _1671__163/LO
 _1673__158/HI
 _1675_/X
 _1676_/X
 _1677_/X
 _1678_/X
 _1679_/X
 _1680_/X
 _1681_/X
 _1682_/X
 _1683_/X
 _1684_/X
 _1684__159/HI
 _1685_/X
 _1686_/X
 _1687_/X
 _1688_/X
 _1688__160/HI
 _1689_/X
 _1690_/X
 _1691_/X
 _1692_/X
 _1692__161/HI
 _1693_/X
 _1694_/X
 _1695_/X
 _1696_/X
 _1696__162/HI
 _1697__164/LO
 clkload0/X
 clkload1/X
 clkload2/X
 u_top.dataMemory.sram_even_words/dout0[0]
 u_top.dataMemory.sram_even_words/dout0[10]
 u_top.dataMemory.sram_even_words/dout0[11]
 u_top.dataMemory.sram_even_words/dout0[12]
 u_top.dataMemory.sram_even_words/dout0[13]
 u_top.dataMemory.sram_even_words/dout0[14]
 u_top.dataMemory.sram_even_words/dout0[15]
 u_top.dataMemory.sram_even_words/dout0[16]
 u_top.dataMemory.sram_even_words/dout0[17]
 u_top.dataMemory.sram_even_words/dout0[18]
 u_top.dataMemory.sram_even_words/dout0[19]
 u_top.dataMemory.sram_even_words/dout0[1]
 u_top.dataMemory.sram_even_words/dout0[20]
 u_top.dataMemory.sram_even_words/dout0[21]
 u_top.dataMemory.sram_even_words/dout0[22]
 u_top.dataMemory.sram_even_words/dout0[23]
 u_top.dataMemory.sram_even_words/dout0[24]
 u_top.dataMemory.sram_even_words/dout0[25]
 u_top.dataMemory.sram_even_words/dout0[26]
 u_top.dataMemory.sram_even_words/dout0[27]
 u_top.dataMemory.sram_even_words/dout0[28]
 u_top.dataMemory.sram_even_words/dout0[29]
 u_top.dataMemory.sram_even_words/dout0[2]
 u_top.dataMemory.sram_even_words/dout0[30]
 u_top.dataMemory.sram_even_words/dout0[31]
 u_top.dataMemory.sram_even_words/dout0[3]
 u_top.dataMemory.sram_even_words/dout0[4]
 u_top.dataMemory.sram_even_words/dout0[5]
 u_top.dataMemory.sram_even_words/dout0[6]
 u_top.dataMemory.sram_even_words/dout0[7]
 u_top.dataMemory.sram_even_words/dout0[8]
 u_top.dataMemory.sram_even_words/dout0[9]
 u_top.dataMemory.sram_even_words/dout1[0]
 u_top.dataMemory.sram_even_words/dout1[10]
 u_top.dataMemory.sram_even_words/dout1[11]
 u_top.dataMemory.sram_even_words/dout1[12]
 u_top.dataMemory.sram_even_words/dout1[13]
 u_top.dataMemory.sram_even_words/dout1[14]
 u_top.dataMemory.sram_even_words/dout1[15]
 u_top.dataMemory.sram_even_words/dout1[16]
 u_top.dataMemory.sram_even_words/dout1[17]
 u_top.dataMemory.sram_even_words/dout1[18]
 u_top.dataMemory.sram_even_words/dout1[19]
 u_top.dataMemory.sram_even_words/dout1[1]
 u_top.dataMemory.sram_even_words/dout1[20]
 u_top.dataMemory.sram_even_words/dout1[21]
 u_top.dataMemory.sram_even_words/dout1[22]
 u_top.dataMemory.sram_even_words/dout1[23]
 u_top.dataMemory.sram_even_words/dout1[24]
 u_top.dataMemory.sram_even_words/dout1[25]
 u_top.dataMemory.sram_even_words/dout1[26]
 u_top.dataMemory.sram_even_words/dout1[27]
 u_top.dataMemory.sram_even_words/dout1[28]
 u_top.dataMemory.sram_even_words/dout1[29]
 u_top.dataMemory.sram_even_words/dout1[2]
 u_top.dataMemory.sram_even_words/dout1[30]
 u_top.dataMemory.sram_even_words/dout1[31]
 u_top.dataMemory.sram_even_words/dout1[3]
 u_top.dataMemory.sram_even_words/dout1[4]
 u_top.dataMemory.sram_even_words/dout1[5]
 u_top.dataMemory.sram_even_words/dout1[6]
 u_top.dataMemory.sram_even_words/dout1[7]
 u_top.dataMemory.sram_even_words/dout1[8]
 u_top.dataMemory.sram_even_words/dout1[9]
 u_top.dataMemory.sram_even_words_100/HI
 u_top.dataMemory.sram_even_words_101/HI
 u_top.dataMemory.sram_even_words_102/HI
 u_top.dataMemory.sram_even_words_103/HI
 u_top.dataMemory.sram_even_words_104/HI
 u_top.dataMemory.sram_even_words_105/HI
 u_top.dataMemory.sram_even_words_106/HI
 u_top.dataMemory.sram_even_words_107/HI
 u_top.dataMemory.sram_even_words_108/HI
 u_top.dataMemory.sram_even_words_109/HI
 u_top.dataMemory.sram_even_words_110/HI
 u_top.dataMemory.sram_even_words_111/HI
 u_top.dataMemory.sram_even_words_112/HI
 u_top.dataMemory.sram_even_words_72/HI
 u_top.dataMemory.sram_even_words_73/HI
 u_top.dataMemory.sram_even_words_74/HI
 u_top.dataMemory.sram_even_words_75/HI
 u_top.dataMemory.sram_even_words_76/HI
 u_top.dataMemory.sram_even_words_77/HI
 u_top.dataMemory.sram_even_words_78/HI
 u_top.dataMemory.sram_even_words_79/HI
 u_top.dataMemory.sram_even_words_80/HI
 u_top.dataMemory.sram_even_words_81/HI
 u_top.dataMemory.sram_even_words_82/HI
 u_top.dataMemory.sram_even_words_83/HI
 u_top.dataMemory.sram_even_words_84/HI
 u_top.dataMemory.sram_even_words_85/HI
 u_top.dataMemory.sram_even_words_86/HI
 u_top.dataMemory.sram_even_words_87/HI
 u_top.dataMemory.sram_even_words_88/HI
 u_top.dataMemory.sram_even_words_89/HI
 u_top.dataMemory.sram_even_words_90/HI
 u_top.dataMemory.sram_even_words_91/HI
 u_top.dataMemory.sram_even_words_92/HI
 u_top.dataMemory.sram_even_words_93/HI
 u_top.dataMemory.sram_even_words_94/HI
 u_top.dataMemory.sram_even_words_95/HI
 u_top.dataMemory.sram_even_words_96/HI
 u_top.dataMemory.sram_even_words_97/HI
 u_top.dataMemory.sram_even_words_98/HI
 u_top.dataMemory.sram_even_words_99/HI
 u_top.dataMemory.sram_odd_words/dout0[0]
 u_top.dataMemory.sram_odd_words/dout0[10]
 u_top.dataMemory.sram_odd_words/dout0[11]
 u_top.dataMemory.sram_odd_words/dout0[12]
 u_top.dataMemory.sram_odd_words/dout0[13]
 u_top.dataMemory.sram_odd_words/dout0[14]
 u_top.dataMemory.sram_odd_words/dout0[15]
 u_top.dataMemory.sram_odd_words/dout0[16]
 u_top.dataMemory.sram_odd_words/dout0[17]
 u_top.dataMemory.sram_odd_words/dout0[18]
 u_top.dataMemory.sram_odd_words/dout0[19]
 u_top.dataMemory.sram_odd_words/dout0[1]
 u_top.dataMemory.sram_odd_words/dout0[20]
 u_top.dataMemory.sram_odd_words/dout0[21]
 u_top.dataMemory.sram_odd_words/dout0[22]
 u_top.dataMemory.sram_odd_words/dout0[23]
 u_top.dataMemory.sram_odd_words/dout0[24]
 u_top.dataMemory.sram_odd_words/dout0[25]
 u_top.dataMemory.sram_odd_words/dout0[26]
 u_top.dataMemory.sram_odd_words/dout0[27]
 u_top.dataMemory.sram_odd_words/dout0[28]
 u_top.dataMemory.sram_odd_words/dout0[29]
 u_top.dataMemory.sram_odd_words/dout0[2]
 u_top.dataMemory.sram_odd_words/dout0[30]
 u_top.dataMemory.sram_odd_words/dout0[31]
 u_top.dataMemory.sram_odd_words/dout0[3]
 u_top.dataMemory.sram_odd_words/dout0[4]
 u_top.dataMemory.sram_odd_words/dout0[5]
 u_top.dataMemory.sram_odd_words/dout0[6]
 u_top.dataMemory.sram_odd_words/dout0[7]
 u_top.dataMemory.sram_odd_words/dout0[8]
 u_top.dataMemory.sram_odd_words/dout0[9]
 u_top.dataMemory.sram_odd_words/dout1[0]
 u_top.dataMemory.sram_odd_words/dout1[10]
 u_top.dataMemory.sram_odd_words/dout1[11]
 u_top.dataMemory.sram_odd_words/dout1[12]
 u_top.dataMemory.sram_odd_words/dout1[13]
 u_top.dataMemory.sram_odd_words/dout1[14]
 u_top.dataMemory.sram_odd_words/dout1[15]
 u_top.dataMemory.sram_odd_words/dout1[16]
 u_top.dataMemory.sram_odd_words/dout1[17]
 u_top.dataMemory.sram_odd_words/dout1[18]
 u_top.dataMemory.sram_odd_words/dout1[19]
 u_top.dataMemory.sram_odd_words/dout1[1]
 u_top.dataMemory.sram_odd_words/dout1[20]
 u_top.dataMemory.sram_odd_words/dout1[21]
 u_top.dataMemory.sram_odd_words/dout1[22]
 u_top.dataMemory.sram_odd_words/dout1[23]
 u_top.dataMemory.sram_odd_words/dout1[24]
 u_top.dataMemory.sram_odd_words/dout1[25]
 u_top.dataMemory.sram_odd_words/dout1[26]
 u_top.dataMemory.sram_odd_words/dout1[27]
 u_top.dataMemory.sram_odd_words/dout1[28]
 u_top.dataMemory.sram_odd_words/dout1[29]
 u_top.dataMemory.sram_odd_words/dout1[2]
 u_top.dataMemory.sram_odd_words/dout1[30]
 u_top.dataMemory.sram_odd_words/dout1[31]
 u_top.dataMemory.sram_odd_words/dout1[3]
 u_top.dataMemory.sram_odd_words/dout1[4]
 u_top.dataMemory.sram_odd_words/dout1[5]
 u_top.dataMemory.sram_odd_words/dout1[6]
 u_top.dataMemory.sram_odd_words/dout1[7]
 u_top.dataMemory.sram_odd_words/dout1[8]
 u_top.dataMemory.sram_odd_words/dout1[9]
 u_top.dataMemory.sram_odd_words_113/HI
 u_top.dataMemory.sram_odd_words_114/HI
 u_top.dataMemory.sram_odd_words_115/HI
 u_top.dataMemory.sram_odd_words_116/HI
 u_top.dataMemory.sram_odd_words_117/HI
 u_top.dataMemory.sram_odd_words_118/HI
 u_top.dataMemory.sram_odd_words_119/HI
 u_top.dataMemory.sram_odd_words_120/HI
 u_top.dataMemory.sram_odd_words_121/HI
 u_top.dataMemory.sram_odd_words_122/HI
 u_top.dataMemory.sram_odd_words_123/HI
 u_top.dataMemory.sram_odd_words_124/HI
 u_top.dataMemory.sram_odd_words_125/HI
 u_top.dataMemory.sram_odd_words_126/HI
 u_top.dataMemory.sram_odd_words_127/HI
 u_top.dataMemory.sram_odd_words_128/HI
 u_top.dataMemory.sram_odd_words_129/HI
 u_top.dataMemory.sram_odd_words_130/HI
 u_top.dataMemory.sram_odd_words_131/HI
 u_top.dataMemory.sram_odd_words_132/HI
 u_top.dataMemory.sram_odd_words_133/HI
 u_top.dataMemory.sram_odd_words_134/HI
 u_top.dataMemory.sram_odd_words_135/HI
 u_top.dataMemory.sram_odd_words_136/HI
 u_top.dataMemory.sram_odd_words_137/HI
 u_top.dataMemory.sram_odd_words_138/HI
 u_top.dataMemory.sram_odd_words_139/HI
 u_top.dataMemory.sram_odd_words_140/HI
 u_top.dataMemory.sram_odd_words_141/HI
 u_top.dataMemory.sram_odd_words_142/HI
 u_top.dataMemory.sram_odd_words_143/HI
 u_top.dataMemory.sram_odd_words_144/HI
 u_top.dataMemory.sram_odd_words_145/HI
 u_top.dataMemory.sram_odd_words_146/HI
 u_top.dataMemory.sram_odd_words_147/HI
 u_top.dataMemory.sram_odd_words_148/HI
 u_top.dataMemory.sram_odd_words_149/HI
 u_top.dataMemory.sram_odd_words_150/HI
 u_top.dataMemory.sram_odd_words_151/HI
 u_top.dataMemory.sram_odd_words_152/HI
 u_top.dataMemory.sram_odd_words_153/HI
Found 0 partially unannotated drivers.

===========================================================================
max slew violation count 26
Writing metric design__max_slew_violation__count__corner:nom_tt_025C_1v80: 26
max fanout violation count 0
Writing metric design__max_fanout_violation__count__corner:nom_tt_025C_1v80: 0
max cap violation count 0
Writing metric design__max_cap_violation__count__corner:nom_tt_025C_1v80: 0
============================================================================

===========================================================================
check_setup -verbose -unconstrained_endpoints -multiple_clock -no_clock -no_input_delay -loops -generated_clocks
===========================================================================
