Clock: clk
Sources: clk 
Generated: no
Virtual: yes
Propagated: no
Period: 10.000000

===========================================================================
report_clock_properties
============================================================================
Clock                   Period          Waveform
----------------------------------------------------
clk                  10.000000    0.000000  5.000000

===========================================================================
report_clock_latency
============================================================================
Clock clk
rise -> rise
    min     max
0.000000 0.000000 source latency
0.846948         network latency u_top.dataMemory.sram_even_words/clk1
        1.165019 network latency _1567_/CLK
---------------
0.846948 1.165019 latency
        0.318071 skew

fall -> fall
    min     max
0.000000 0.000000 source latency
0.659850         network latency u_top.dataMemory.sram_even_words/clk1
        0.992703 network latency _1567_/CLK
---------------
0.659850 0.992703 latency
        0.332852 skew



===========================================================================
report_clock_min_period
============================================================================
clk period_min = 4.30 fmax = 232.76
