
===========================================================================
 report_power
============================================================================
======================= nom_tt_025C_1v80 Corner ===================================

Group                    Internal    Switching      Leakage        Total
                            Power        Power        Power        Power (Watts)
------------------------------------------------------------------------
Sequential           5.210768e-04 5.242192e-07 1.158317e-09 5.216022e-04   4.2%
Combinational        1.917672e-05 2.453837e-05 3.797218e-09 4.371889e-05   0.4%
Clock                4.503866e-04 2.835507e-04 5.274446e-09 7.339426e-04   5.9%
Macro                1.104672e-02 0.000000e+00 3.545200e-05 1.108217e-02  89.5%
Pad                  0.000000e+00 0.000000e+00 0.000000e+00 0.000000e+00   0.0%
------------------------------------------------------------------------
Total                1.203736e-02 3.086133e-04 3.546286e-05 1.238144e-02 100.0%
                            97.2%         2.5%         0.3%
Writing metric power__internal__total: 0.012037359178066254
Writing metric power__switching__total: 0.0003086133219767362
Writing metric power__leakage__total: 3.546286097844131e-5
Writing metric power__total: 0.012381435371935368

