Clock: clk
Sources: clk 
Generated: no
Virtual: no
Propagated: no
Period: 10.000000

===========================================================================
report_clock_properties
============================================================================
Clock                   Period          Waveform
----------------------------------------------------
clk                  10.000000    0.000000  5.000000

===========================================================================
report_clock_latency
============================================================================
Clock clk
rise -> rise
    min     max
0.000000 0.000000 source latency
0.793020         network latency _1444_/CLK
        0.876496 network latency _1444_/CLK
---------------
0.793020 0.876496 latency
        0.083476 skew

fall -> fall
    min     max
0.000000 0.000000 source latency
0.382298         network latency _1444_/CLK
        0.422539 network latency _1444_/CLK
---------------
0.382298 0.422539 latency
        0.040242 skew



===========================================================================
report_clock_min_period
============================================================================
clk period_min = 3.87 fmax = 258.08
