
===========================================================================
 report_power
============================================================================
======================= nom_tt_025C_1v80 Corner ===================================

Group                    Internal    Switching      Leakage        Total
                            Power        Power        Power        Power (Watts)
------------------------------------------------------------------------
Sequential           5.206927e-04 3.439742e-07 1.156704e-09 5.210378e-04   4.5%
Combinational        1.050041e-05 1.180124e-05 3.385983e-09 2.230503e-05   0.2%
Clock                0.000000e+00 0.000000e+00 0.000000e+00 0.000000e+00   0.0%
Macro                1.104672e-02 0.000000e+00 3.545200e-05 1.108217e-02  95.3%
Pad                  0.000000e+00 0.000000e+00 0.000000e+00 0.000000e+00   0.0%
------------------------------------------------------------------------
Total                1.157791e-02 1.214521e-05 3.545654e-05 1.162552e-02 100.0%
                            99.6%         0.1%         0.3%

