
===========================================================================
report_checks -unconstrained
===========================================================================
======================= min_ff_n40C_1v95 Corner ===================================

Startpoint: reset (input port clocked by clk)
Endpoint: _1562_ (recovery check against rising-edge clock clk)
Path Group: asynchronous
Path Type: max

Fanout         Cap        Slew       Delay        Time   Description
---------------------------------------------------------------------------------------------
                                  0.000000    0.000000   clock clk (rise edge)
                                  0.000000    0.000000   clock network delay (propagated)
                                  2.000000    2.000000 v input external delay
     3    0.113962    0.176993    0.151628    2.151628 v reset (in)
                                                         reset (net)
                      0.204296    0.000000    2.151628 v _1826_/A (sky130_fd_sc_hd__buf_2)
     5    0.034613    0.066003    0.190965    2.342593 v _1826_/X (sky130_fd_sc_hd__buf_2)
                                                         _0629_ (net)
                      0.066041    0.001523    2.344116 v _1090_/A (sky130_fd_sc_hd__inv_2)
     4    0.046401    0.160362    0.150742    2.494858 ^ _1090_/Y (sky130_fd_sc_hd__inv_2)
                                                         _0291_ (net)
                      0.160365    0.000623    2.495480 ^ fanout64/A (sky130_fd_sc_hd__clkdlybuf4s25_1)
     9    0.028000    0.213476    0.325361    2.820842 ^ fanout64/X (sky130_fd_sc_hd__clkdlybuf4s25_1)
                                                         net64 (net)
                      0.213476    0.000487    2.821329 ^ _1983_/A (sky130_fd_sc_hd__buf_2)
     1    0.004579    0.029850    0.099633    2.920962 ^ _1983_/X (sky130_fd_sc_hd__buf_2)
                                                         _0877_ (net)
                      0.029850    0.000052    2.921014 ^ _1562_/RESET_B (sky130_fd_sc_hd__dfrtp_2)
                                              2.921014   data arrival time

                                 10.000000   10.000000   clock clk (rise edge)
                                  0.000000   10.000000   clock source latency
     2    0.147101    0.501884    0.357350   10.357350 ^ clk (in)
                                                         clk (net)
                      0.523774    0.000000   10.357350 ^ clkbuf_regs_0_clk/A (sky130_fd_sc_hd__clkbuf_16)
     1    0.008586    0.037639    0.121032   10.478382 ^ clkbuf_regs_0_clk/X (sky130_fd_sc_hd__clkbuf_16)
                                                         clk_regs (net)
                      0.037639    0.000088   10.478470 ^ clkbuf_0_clk_regs/A (sky130_fd_sc_hd__clkbuf_16)
     8    0.075635    0.070734    0.112418   10.590888 ^ clkbuf_0_clk_regs/X (sky130_fd_sc_hd__clkbuf_16)
                                                         clknet_0_clk_regs (net)
                      0.070812    0.001350   10.592237 ^ clkbuf_3_2_0_clk_regs/A (sky130_fd_sc_hd__clkbuf_8)
     2    0.018762    0.036461    0.092878   10.685115 ^ clkbuf_3_2_0_clk_regs/X (sky130_fd_sc_hd__clkbuf_8)
                                                         clknet_3_2_0_clk_regs (net)
                      0.036462    0.000214   10.685329 ^ clkbuf_4_4__f_clk_regs/A (sky130_fd_sc_hd__clkbuf_16)
     9    0.029015    0.037371    0.087646   10.772976 ^ clkbuf_4_4__f_clk_regs/X (sky130_fd_sc_hd__clkbuf_16)
                                                         clknet_4_4__leaf_clk_regs (net)
                      0.037371    0.000163   10.773138 ^ _1562_/CLK (sky130_fd_sc_hd__dfrtp_2)
                                 -0.100000   10.673139   clock uncertainty
                                  0.000000   10.673139   clock reconvergence pessimism
                                  0.134974   10.808112   library recovery time
                                             10.808112   data required time
---------------------------------------------------------------------------------------------
                                             10.808112   data required time
                                             -2.921014   data arrival time
---------------------------------------------------------------------------------------------
                                              7.887098   slack (MET)


Startpoint: _1543_ (rising edge-triggered flip-flop clocked by clk)
Endpoint: gpio[3] (output port clocked by clk)
Path Group: clk
Path Type: max

Fanout         Cap        Slew       Delay        Time   Description
---------------------------------------------------------------------------------------------
                                  0.000000    0.000000   clock clk (rise edge)
                                  0.000000    0.000000   clock source latency
     2    0.147101    0.501884    0.394966    0.394966 ^ clk (in)
                                                         clk (net)
                      0.523774    0.000000    0.394966 ^ clkbuf_regs_0_clk/A (sky130_fd_sc_hd__clkbuf_16)
     1    0.008586    0.037639    0.133772    0.528738 ^ clkbuf_regs_0_clk/X (sky130_fd_sc_hd__clkbuf_16)
                                                         clk_regs (net)
                      0.037639    0.000097    0.528835 ^ clkbuf_0_clk_regs/A (sky130_fd_sc_hd__clkbuf_16)
     8    0.075635    0.070734    0.124251    0.653086 ^ clkbuf_0_clk_regs/X (sky130_fd_sc_hd__clkbuf_16)
                                                         clknet_0_clk_regs (net)
                      0.070786    0.000990    0.654076 ^ clkbuf_3_4_0_clk_regs/A (sky130_fd_sc_hd__clkbuf_8)
     2    0.018840    0.036549    0.102738    0.756814 ^ clkbuf_3_4_0_clk_regs/X (sky130_fd_sc_hd__clkbuf_8)
                                                         clknet_3_4_0_clk_regs (net)
                      0.036549    0.000252    0.757067 ^ clkbuf_4_9__f_clk_regs/A (sky130_fd_sc_hd__clkbuf_16)
     9    0.029078    0.037413    0.096977    0.854043 ^ clkbuf_4_9__f_clk_regs/X (sky130_fd_sc_hd__clkbuf_16)
                                                         clknet_4_9__leaf_clk_regs (net)
                      0.037415    0.000318    0.854361 ^ _1543_/CLK (sky130_fd_sc_hd__dfxtp_4)
     2    0.010762    0.028884    0.229288    1.083650 v _1543_/Q (sky130_fd_sc_hd__dfxtp_4)
                                                         u_top.RV32I_Logic.Single_Cycle_Datapath.pcREG.q[13] (net)
                      0.028885    0.000106    1.083756 v fanout57/A (sky130_fd_sc_hd__buf_8)
     5    0.029163    0.027127    0.089463    1.173218 v fanout57/X (sky130_fd_sc_hd__buf_8)
                                                         net57 (net)
                      0.027134    0.000439    1.173657 v fanout55/A (sky130_fd_sc_hd__buf_8)
     2    0.008559    0.017700    0.076499    1.250156 v fanout55/X (sky130_fd_sc_hd__buf_8)
                                                         net55 (net)
                      0.017700    0.000088    1.250244 v rebuffer182/A (sky130_fd_sc_hd__buf_6)
     9    0.038528    0.034329    0.091867    1.342112 v rebuffer182/X (sky130_fd_sc_hd__buf_6)
                                                         net181 (net)
                      0.034335    0.000485    1.342596 v _1127_/A_N (sky130_fd_sc_hd__nand3b_2)
     1    0.002007    0.034738    0.121187    1.463783 v _1127_/Y (sky130_fd_sc_hd__nand3b_2)
                                                         _0463_ (net)
                      0.034738    0.000011    1.463794 v _1135_/D (sky130_fd_sc_hd__and4_2)
     2    0.011607    0.045006    0.172258    1.636051 v _1135_/X (sky130_fd_sc_hd__and4_2)
                                                         _0471_ (net)
                      0.045009    0.000393    1.636444 v _1136_/B (sky130_fd_sc_hd__or2_4)
     2    0.008725    0.037270    0.155698    1.792142 v _1136_/X (sky130_fd_sc_hd__or2_4)
                                                         _0472_ (net)
                      0.037270    0.000218    1.792361 v _1255_/B1 (sky130_fd_sc_hd__o2111a_2)
     1    0.005358    0.034877    0.108964    1.901325 v _1255_/X (sky130_fd_sc_hd__o2111a_2)
                                                         _0570_ (net)
                      0.034877    0.000081    1.901406 v _1256_/D1 (sky130_fd_sc_hd__o2111a_2)
     1    0.006808    0.037192    0.088887    1.990294 v _1256_/X (sky130_fd_sc_hd__o2111a_2)
                                                         _0571_ (net)
                      0.037192    0.000130    1.990424 v _1257_/C1 (sky130_fd_sc_hd__o211a_4)
     1    0.001903    0.025259    0.085784    2.076208 v _1257_/X (sky130_fd_sc_hd__o211a_4)
                                                         _0572_ (net)
                      0.025259    0.000009    2.076217 v _1258_/D (sky130_fd_sc_hd__and4b_2)
     2    0.021122    0.060784    0.191664    2.267881 v _1258_/X (sky130_fd_sc_hd__and4b_2)
                                                         _0573_ (net)
                      0.060784    0.000218    2.268099 v rebuffer170/A (sky130_fd_sc_hd__buf_6)
     1    0.008023    0.017941    0.090080    2.358179 v rebuffer170/X (sky130_fd_sc_hd__buf_6)
                                                         net169 (net)
                      0.017941    0.000073    2.358253 v _1259_/D (sky130_fd_sc_hd__nor4_4)
     3    0.026240    0.313510    0.233564    2.591817 ^ _1259_/Y (sky130_fd_sc_hd__nor4_4)
                                                         _0574_ (net)
                      0.313525    0.001792    2.593609 ^ _1262_/A (sky130_fd_sc_hd__nor2_4)
     1    0.064765    0.117972    0.095867    2.689476 v _1262_/Y (sky130_fd_sc_hd__nor2_4)
                                                         _0694_ (net)
                      0.121688    0.017172    2.706648 v wire3/A (sky130_fd_sc_hd__buf_8)
     1    0.034140    0.030752    0.132575    2.839223 v wire3/X (sky130_fd_sc_hd__buf_8)
                                                         gpio[3] (net)
                      0.030753    0.000230    2.839453 v gpio[3] (out)
                                              2.839453   data arrival time

                                 10.000000   10.000000   clock clk (rise edge)
                                  0.000000   10.000000   clock network delay (propagated)
                                 -0.100000    9.900001   clock uncertainty
                                  0.000000    9.900001   clock reconvergence pessimism
                                 -2.000000    7.900000   output external delay
                                              7.900000   data required time
---------------------------------------------------------------------------------------------
                                              7.900000   data required time
                                             -2.839453   data arrival time
---------------------------------------------------------------------------------------------
                                              5.060547   slack (MET)




===========================================================================
report_checks --slack_max -0.01
============================================================================
======================= min_ff_n40C_1v95 Corner ===================================

No paths found.


===========================================================================
 report_check_types -max_slew -max_cap -max_fanout -violators
============================================================================
======================= min_ff_n40C_1v95 Corner ===================================

max slew

Pin                                        Limit        Slew       Slack
------------------------------------------------------------------------
u_top.dataMemory.sram_odd_words/wmask0[3]    0.040000    0.100660   -0.060660 (VIOLATED)
u_top.dataMemory.sram_odd_words/addr0[0]    0.040000    0.099545   -0.059545 (VIOLATED)
u_top.dataMemory.sram_even_words/wmask0[3]    0.040000    0.098913   -0.058913 (VIOLATED)
u_top.dataMemory.sram_odd_words/addr0[3]    0.040000    0.098828   -0.058828 (VIOLATED)
u_top.dataMemory.sram_odd_words/wmask0[2]    0.040000    0.098617   -0.058617 (VIOLATED)
u_top.dataMemory.sram_even_words/addr0[4]    0.040000    0.097127   -0.057127 (VIOLATED)
u_top.dataMemory.sram_odd_words/addr0[8]    0.040000    0.096797   -0.056797 (VIOLATED)
u_top.dataMemory.sram_even_words/addr0[2]    0.040000    0.096531   -0.056531 (VIOLATED)
u_top.dataMemory.sram_odd_words/wmask0[1]    0.040000    0.096523   -0.056523 (VIOLATED)
u_top.dataMemory.sram_even_words/wmask0[1]    0.040000    0.096010   -0.056010 (VIOLATED)
u_top.dataMemory.sram_even_words/addr0[6]    0.040000    0.095659   -0.055659 (VIOLATED)
u_top.dataMemory.sram_odd_words/addr0[7]    0.040000    0.095659   -0.055659 (VIOLATED)
u_top.dataMemory.sram_even_words/addr0[8]    0.040000    0.094792   -0.054792 (VIOLATED)
u_top.dataMemory.sram_odd_words/addr0[1]    0.040000    0.094789   -0.054789 (VIOLATED)
u_top.dataMemory.sram_even_words/wmask0[2]    0.040000    0.094077   -0.054077 (VIOLATED)
u_top.dataMemory.sram_even_words/addr0[7]    0.040000    0.093973   -0.053973 (VIOLATED)
u_top.dataMemory.sram_odd_words/addr0[6]    0.040000    0.093826   -0.053826 (VIOLATED)
u_top.dataMemory.sram_even_words/addr0[0]    0.040000    0.093448   -0.053448 (VIOLATED)
u_top.dataMemory.sram_odd_words/addr0[5]    0.040000    0.093269   -0.053269 (VIOLATED)
u_top.dataMemory.sram_even_words/addr0[5]    0.040000    0.093189   -0.053189 (VIOLATED)
u_top.dataMemory.sram_odd_words/addr0[4]    0.040000    0.092943   -0.052943 (VIOLATED)
u_top.dataMemory.sram_even_words/addr0[3]    0.040000    0.092783   -0.052783 (VIOLATED)
u_top.dataMemory.sram_even_words/addr0[1]    0.040000    0.092527   -0.052527 (VIOLATED)
u_top.dataMemory.sram_even_words/wmask0[0]    0.040000    0.092454   -0.052454 (VIOLATED)
u_top.dataMemory.sram_odd_words/addr0[2]    0.040000    0.092383   -0.052383 (VIOLATED)
u_top.dataMemory.sram_odd_words/wmask0[0]    0.040000    0.091999   -0.051999 (VIOLATED)

max fanout

Pin                                   Limit Fanout  Slack
---------------------------------------------------------
_1573_/Q                                 10     14     -4 (VIOLATED)



===========================================================================
report_parasitic_annotation -report_unannotated
============================================================================
Found 250 unannotated drivers.
 _1667_/X
 _1667__154/HI
 _1668_/X
 _1668__155/HI
 _1669_/X
 _1669__156/HI
 _1670_/X
 _1670__157/HI
 _1671__163/LO
 _1673__158/HI
 _1675_/X
 _1676_/X
 _1677_/X
 _1678_/X
 _1679_/X
 _1680_/X
 _1681_/X
 _1682_/X
 _1683_/X
 _1684_/X
 _1684__159/HI
 _1685_/X
 _1686_/X
 _1687_/X
 _1688_/X
 _1688__160/HI
 _1689_/X
 _1690_/X
 _1691_/X
 _1692_/X
 _1692__161/HI
 _1693_/X
 _1694_/X
 _1695_/X
 _1696_/X
 _1696__162/HI
 _1697__164/LO
 clkload0/X
 clkload1/X
 clkload2/X
 u_top.dataMemory.sram_even_words/dout0[0]
 u_top.dataMemory.sram_even_words/dout0[10]
 u_top.dataMemory.sram_even_words/dout0[11]
 u_top.dataMemory.sram_even_words/dout0[12]
 u_top.dataMemory.sram_even_words/dout0[13]
 u_top.dataMemory.sram_even_words/dout0[14]
 u_top.dataMemory.sram_even_words/dout0[15]
 u_top.dataMemory.sram_even_words/dout0[16]
 u_top.dataMemory.sram_even_words/dout0[17]
 u_top.dataMemory.sram_even_words/dout0[18]
 u_top.dataMemory.sram_even_words/dout0[19]
 u_top.dataMemory.sram_even_words/dout0[1]
 u_top.dataMemory.sram_even_words/dout0[20]
 u_top.dataMemory.sram_even_words/dout0[21]
 u_top.dataMemory.sram_even_words/dout0[22]
 u_top.dataMemory.sram_even_words/dout0[23]
 u_top.dataMemory.sram_even_words/dout0[24]
 u_top.dataMemory.sram_even_words/dout0[25]
 u_top.dataMemory.sram_even_words/dout0[26]
 u_top.dataMemory.sram_even_words/dout0[27]
 u_top.dataMemory.sram_even_words/dout0[28]
 u_top.dataMemory.sram_even_words/dout0[29]
 u_top.dataMemory.sram_even_words/dout0[2]
 u_top.dataMemory.sram_even_words/dout0[30]
 u_top.dataMemory.sram_even_words/dout0[31]
 u_top.dataMemory.sram_even_words/dout0[3]
 u_top.dataMemory.sram_even_words/dout0[4]
 u_top.dataMemory.sram_even_words/dout0[5]
 u_top.dataMemory.sram_even_words/dout0[6]
 u_top.dataMemory.sram_even_words/dout0[7]
 u_top.dataMemory.sram_even_words/dout0[8]
 u_top.dataMemory.sram_even_words/dout0[9]
 u_top.dataMemory.sram_even_words/dout1[0]
 u_top.dataMemory.sram_even_words/dout1[10]
 u_top.dataMemory.sram_even_words/dout1[11]
 u_top.dataMemory.sram_even_words/dout1[12]
 u_top.dataMemory.sram_even_words/dout1[13]
 u_top.dataMemory.sram_even_words/dout1[14]
 u_top.dataMemory.sram_even_words/dout1[15]
 u_top.dataMemory.sram_even_words/dout1[16]
 u_top.dataMemory.sram_even_words/dout1[17]
 u_top.dataMemory.sram_even_words/dout1[18]
 u_top.dataMemory.sram_even_words/dout1[19]
 u_top.dataMemory.sram_even_words/dout1[1]
 u_top.dataMemory.sram_even_words/dout1[20]
 u_top.dataMemory.sram_even_words/dout1[21]
 u_top.dataMemory.sram_even_words/dout1[22]
 u_top.dataMemory.sram_even_words/dout1[23]
 u_top.dataMemory.sram_even_words/dout1[24]
 u_top.dataMemory.sram_even_words/dout1[25]
 u_top.dataMemory.sram_even_words/dout1[26]
 u_top.dataMemory.sram_even_words/dout1[27]
 u_top.dataMemory.sram_even_words/dout1[28]
 u_top.dataMemory.sram_even_words/dout1[29]
 u_top.dataMemory.sram_even_words/dout1[2]
 u_top.dataMemory.sram_even_words/dout1[30]
 u_top.dataMemory.sram_even_words/dout1[31]
 u_top.dataMemory.sram_even_words/dout1[3]
 u_top.dataMemory.sram_even_words/dout1[4]
 u_top.dataMemory.sram_even_words/dout1[5]
 u_top.dataMemory.sram_even_words/dout1[6]
 u_top.dataMemory.sram_even_words/dout1[7]
 u_top.dataMemory.sram_even_words/dout1[8]
 u_top.dataMemory.sram_even_words/dout1[9]
 u_top.dataMemory.sram_even_words_100/HI
 u_top.dataMemory.sram_even_words_101/HI
 u_top.dataMemory.sram_even_words_102/HI
 u_top.dataMemory.sram_even_words_103/HI
 u_top.dataMemory.sram_even_words_104/HI
 u_top.dataMemory.sram_even_words_105/HI
 u_top.dataMemory.sram_even_words_106/HI
 u_top.dataMemory.sram_even_words_107/HI
 u_top.dataMemory.sram_even_words_108/HI
 u_top.dataMemory.sram_even_words_109/HI
 u_top.dataMemory.sram_even_words_110/HI
 u_top.dataMemory.sram_even_words_111/HI
 u_top.dataMemory.sram_even_words_112/HI
 u_top.dataMemory.sram_even_words_72/HI
 u_top.dataMemory.sram_even_words_73/HI
 u_top.dataMemory.sram_even_words_74/HI
 u_top.dataMemory.sram_even_words_75/HI
 u_top.dataMemory.sram_even_words_76/HI
 u_top.dataMemory.sram_even_words_77/HI
 u_top.dataMemory.sram_even_words_78/HI
 u_top.dataMemory.sram_even_words_79/HI
 u_top.dataMemory.sram_even_words_80/HI
 u_top.dataMemory.sram_even_words_81/HI
 u_top.dataMemory.sram_even_words_82/HI
 u_top.dataMemory.sram_even_words_83/HI
 u_top.dataMemory.sram_even_words_84/HI
 u_top.dataMemory.sram_even_words_85/HI
 u_top.dataMemory.sram_even_words_86/HI
 u_top.dataMemory.sram_even_words_87/HI
 u_top.dataMemory.sram_even_words_88/HI
 u_top.dataMemory.sram_even_words_89/HI
 u_top.dataMemory.sram_even_words_90/HI
 u_top.dataMemory.sram_even_words_91/HI
 u_top.dataMemory.sram_even_words_92/HI
 u_top.dataMemory.sram_even_words_93/HI
 u_top.dataMemory.sram_even_words_94/HI
 u_top.dataMemory.sram_even_words_95/HI
 u_top.dataMemory.sram_even_words_96/HI
 u_top.dataMemory.sram_even_words_97/HI
 u_top.dataMemory.sram_even_words_98/HI
 u_top.dataMemory.sram_even_words_99/HI
 u_top.dataMemory.sram_odd_words/dout0[0]
 u_top.dataMemory.sram_odd_words/dout0[10]
 u_top.dataMemory.sram_odd_words/dout0[11]
 u_top.dataMemory.sram_odd_words/dout0[12]
 u_top.dataMemory.sram_odd_words/dout0[13]
 u_top.dataMemory.sram_odd_words/dout0[14]
 u_top.dataMemory.sram_odd_words/dout0[15]
 u_top.dataMemory.sram_odd_words/dout0[16]
 u_top.dataMemory.sram_odd_words/dout0[17]
 u_top.dataMemory.sram_odd_words/dout0[18]
 u_top.dataMemory.sram_odd_words/dout0[19]
 u_top.dataMemory.sram_odd_words/dout0[1]
 u_top.dataMemory.sram_odd_words/dout0[20]
 u_top.dataMemory.sram_odd_words/dout0[21]
 u_top.dataMemory.sram_odd_words/dout0[22]
 u_top.dataMemory.sram_odd_words/dout0[23]
 u_top.dataMemory.sram_odd_words/dout0[24]
 u_top.dataMemory.sram_odd_words/dout0[25]
 u_top.dataMemory.sram_odd_words/dout0[26]
 u_top.dataMemory.sram_odd_words/dout0[27]
 u_top.dataMemory.sram_odd_words/dout0[28]
 u_top.dataMemory.sram_odd_words/dout0[29]
 u_top.dataMemory.sram_odd_words/dout0[2]
 u_top.dataMemory.sram_odd_words/dout0[30]
 u_top.dataMemory.sram_odd_words/dout0[31]
 u_top.dataMemory.sram_odd_words/dout0[3]
 u_top.dataMemory.sram_odd_words/dout0[4]
 u_top.dataMemory.sram_odd_words/dout0[5]
 u_top.dataMemory.sram_odd_words/dout0[6]
 u_top.dataMemory.sram_odd_words/dout0[7]
 u_top.dataMemory.sram_odd_words/dout0[8]
 u_top.dataMemory.sram_odd_words/dout0[9]
 u_top.dataMemory.sram_odd_words/dout1[0]
 u_top.dataMemory.sram_odd_words/dout1[10]
 u_top.dataMemory.sram_odd_words/dout1[11]
 u_top.dataMemory.sram_odd_words/dout1[12]
 u_top.dataMemory.sram_odd_words/dout1[13]
 u_top.dataMemory.sram_odd_words/dout1[14]
 u_top.dataMemory.sram_odd_words/dout1[15]
 u_top.dataMemory.sram_odd_words/dout1[16]
 u_top.dataMemory.sram_odd_words/dout1[17]
 u_top.dataMemory.sram_odd_words/dout1[18]
 u_top.dataMemory.sram_odd_words/dout1[19]
 u_top.dataMemory.sram_odd_words/dout1[1]
 u_top.dataMemory.sram_odd_words/dout1[20]
 u_top.dataMemory.sram_odd_words/dout1[21]
 u_top.dataMemory.sram_odd_words/dout1[22]
 u_top.dataMemory.sram_odd_words/dout1[23]
 u_top.dataMemory.sram_odd_words/dout1[24]
 u_top.dataMemory.sram_odd_words/dout1[25]
 u_top.dataMemory.sram_odd_words/dout1[26]
 u_top.dataMemory.sram_odd_words/dout1[27]
 u_top.dataMemory.sram_odd_words/dout1[28]
 u_top.dataMemory.sram_odd_words/dout1[29]
 u_top.dataMemory.sram_odd_words/dout1[2]
 u_top.dataMemory.sram_odd_words/dout1[30]
 u_top.dataMemory.sram_odd_words/dout1[31]
 u_top.dataMemory.sram_odd_words/dout1[3]
 u_top.dataMemory.sram_odd_words/dout1[4]
 u_top.dataMemory.sram_odd_words/dout1[5]
 u_top.dataMemory.sram_odd_words/dout1[6]
 u_top.dataMemory.sram_odd_words/dout1[7]
 u_top.dataMemory.sram_odd_words/dout1[8]
 u_top.dataMemory.sram_odd_words/dout1[9]
 u_top.dataMemory.sram_odd_words_113/HI
 u_top.dataMemory.sram_odd_words_114/HI
 u_top.dataMemory.sram_odd_words_115/HI
 u_top.dataMemory.sram_odd_words_116/HI
 u_top.dataMemory.sram_odd_words_117/HI
 u_top.dataMemory.sram_odd_words_118/HI
 u_top.dataMemory.sram_odd_words_119/HI
 u_top.dataMemory.sram_odd_words_120/HI
 u_top.dataMemory.sram_odd_words_121/HI
 u_top.dataMemory.sram_odd_words_122/HI
 u_top.dataMemory.sram_odd_words_123/HI
 u_top.dataMemory.sram_odd_words_124/HI
 u_top.dataMemory.sram_odd_words_125/HI
 u_top.dataMemory.sram_odd_words_126/HI
 u_top.dataMemory.sram_odd_words_127/HI
 u_top.dataMemory.sram_odd_words_128/HI
 u_top.dataMemory.sram_odd_words_129/HI
 u_top.dataMemory.sram_odd_words_130/HI
 u_top.dataMemory.sram_odd_words_131/HI
 u_top.dataMemory.sram_odd_words_132/HI
 u_top.dataMemory.sram_odd_words_133/HI
 u_top.dataMemory.sram_odd_words_134/HI
 u_top.dataMemory.sram_odd_words_135/HI
 u_top.dataMemory.sram_odd_words_136/HI
 u_top.dataMemory.sram_odd_words_137/HI
 u_top.dataMemory.sram_odd_words_138/HI
 u_top.dataMemory.sram_odd_words_139/HI
 u_top.dataMemory.sram_odd_words_140/HI
 u_top.dataMemory.sram_odd_words_141/HI
 u_top.dataMemory.sram_odd_words_142/HI
 u_top.dataMemory.sram_odd_words_143/HI
 u_top.dataMemory.sram_odd_words_144/HI
 u_top.dataMemory.sram_odd_words_145/HI
 u_top.dataMemory.sram_odd_words_146/HI
 u_top.dataMemory.sram_odd_words_147/HI
 u_top.dataMemory.sram_odd_words_148/HI
 u_top.dataMemory.sram_odd_words_149/HI
 u_top.dataMemory.sram_odd_words_150/HI
 u_top.dataMemory.sram_odd_words_151/HI
 u_top.dataMemory.sram_odd_words_152/HI
 u_top.dataMemory.sram_odd_words_153/HI
Found 0 partially unannotated drivers.

===========================================================================
max slew violation count 26
max fanout violation count 1
max cap violation count 0
============================================================================

===========================================================================
check_setup -verbose -unconstrained_endpoints -multiple_clock -no_clock -no_input_delay -loops -generated_clocks
===========================================================================
