Clock: clk
Sources: clk 
Generated: no
Virtual: yes
Propagated: no
Period: 10.000000

===========================================================================
report_clock_properties
============================================================================
Clock                   Period          Waveform
----------------------------------------------------
clk                  10.000000    0.000000  5.000000

===========================================================================
report_clock_latency
============================================================================
Clock clk
rise -> rise
    min     max
0.000000 0.000000 source latency
0.637771         network latency u_top.dataMemory.sram_even_words/clk1
        0.857444 network latency _1567_/CLK
---------------
0.637771 0.857444 latency
        0.219672 skew

fall -> fall
    min     max
0.000000 0.000000 source latency
0.504613         network latency u_top.dataMemory.sram_even_words/clk1
        0.735706 network latency _1567_/CLK
---------------
0.504613 0.735706 latency
        0.231093 skew



===========================================================================
report_clock_min_period
============================================================================
clk period_min = 2.88 fmax = 346.83
