Reading timing models for corner max_tt_025C_1v80…
Reading timing library for the 'max_tt_025C_1v80' corner at '/home/ayesha/.ciel/ciel/sky130/versions/8afc8346a57fe1ab7934ba5a6056ea8b43078e71/sky130A/libs.ref/sky130_fd_sc_hd/lib/sky130_fd_sc_hd__tt_025C_1v80.lib'…
Reading timing library for the 'max_tt_025C_1v80' corner at '/home/ayesha/.ciel/ciel/sky130/versions/8afc8346a57fe1ab7934ba5a6056ea8b43078e71/sky130A/libs.ref/sky130_sram_macros/lib/sky130_sram_2kbyte_1rw1r_32x512_8_TT_1p8V_25C.lib'…
Reading timing models for corner min_ss_100C_1v60…
Reading timing library for the 'min_ss_100C_1v60' corner at '/home/ayesha/.ciel/ciel/sky130/versions/8afc8346a57fe1ab7934ba5a6056ea8b43078e71/sky130A/libs.ref/sky130_fd_sc_hd/lib/sky130_fd_sc_hd__ss_100C_1v60.lib'…
Reading timing library for the 'min_ss_100C_1v60' corner at '/home/ayesha/.ciel/ciel/sky130/versions/8afc8346a57fe1ab7934ba5a6056ea8b43078e71/sky130A/libs.ref/sky130_sram_macros/lib/sky130_sram_2kbyte_1rw1r_32x512_8_TT_1p8V_25C.lib'…
[WARNING STA-1140] /home/ayesha/.ciel/ciel/sky130/versions/8afc8346a57fe1ab7934ba5a6056ea8b43078e71/sky130A/libs.ref/sky130_sram_macros/lib/sky130_sram_2kbyte_1rw1r_32x512_8_TT_1p8V_25C.lib line 1, library sky130_sram_2kbyte_1rw1r_32x512_8_TT_1p8V_25C_lib already exists.
Reading timing models for corner nom_tt_025C_1v80…
Reading timing library for the 'nom_tt_025C_1v80' corner at '/home/ayesha/.ciel/ciel/sky130/versions/8afc8346a57fe1ab7934ba5a6056ea8b43078e71/sky130A/libs.ref/sky130_fd_sc_hd/lib/sky130_fd_sc_hd__tt_025C_1v80.lib'…
[WARNING STA-1140] /home/ayesha/.ciel/ciel/sky130/versions/8afc8346a57fe1ab7934ba5a6056ea8b43078e71/sky130A/libs.ref/sky130_fd_sc_hd/lib/sky130_fd_sc_hd__tt_025C_1v80.lib line 1, library sky130_fd_sc_hd__tt_025C_1v80 already exists.
Reading timing library for the 'nom_tt_025C_1v80' corner at '/home/ayesha/.ciel/ciel/sky130/versions/8afc8346a57fe1ab7934ba5a6056ea8b43078e71/sky130A/libs.ref/sky130_sram_macros/lib/sky130_sram_2kbyte_1rw1r_32x512_8_TT_1p8V_25C.lib'…
[WARNING STA-1140] /home/ayesha/.ciel/ciel/sky130/versions/8afc8346a57fe1ab7934ba5a6056ea8b43078e71/sky130A/libs.ref/sky130_sram_macros/lib/sky130_sram_2kbyte_1rw1r_32x512_8_TT_1p8V_25C.lib line 1, library sky130_sram_2kbyte_1rw1r_32x512_8_TT_1p8V_25C_lib already exists.
Reading timing models for corner max_ff_n40C_1v95…
Reading timing library for the 'max_ff_n40C_1v95' corner at '/home/ayesha/.ciel/ciel/sky130/versions/8afc8346a57fe1ab7934ba5a6056ea8b43078e71/sky130A/libs.ref/sky130_fd_sc_hd/lib/sky130_fd_sc_hd__ff_n40C_1v95.lib'…
Reading timing library for the 'max_ff_n40C_1v95' corner at '/home/ayesha/.ciel/ciel/sky130/versions/8afc8346a57fe1ab7934ba5a6056ea8b43078e71/sky130A/libs.ref/sky130_sram_macros/lib/sky130_sram_2kbyte_1rw1r_32x512_8_TT_1p8V_25C.lib'…
[WARNING STA-1140] /home/ayesha/.ciel/ciel/sky130/versions/8afc8346a57fe1ab7934ba5a6056ea8b43078e71/sky130A/libs.ref/sky130_sram_macros/lib/sky130_sram_2kbyte_1rw1r_32x512_8_TT_1p8V_25C.lib line 1, library sky130_sram_2kbyte_1rw1r_32x512_8_TT_1p8V_25C_lib already exists.
Reading timing models for corner nom_ff_n40C_1v95…
Reading timing library for the 'nom_ff_n40C_1v95' corner at '/home/ayesha/.ciel/ciel/sky130/versions/8afc8346a57fe1ab7934ba5a6056ea8b43078e71/sky130A/libs.ref/sky130_fd_sc_hd/lib/sky130_fd_sc_hd__ff_n40C_1v95.lib'…
[WARNING STA-1140] /home/ayesha/.ciel/ciel/sky130/versions/8afc8346a57fe1ab7934ba5a6056ea8b43078e71/sky130A/libs.ref/sky130_fd_sc_hd/lib/sky130_fd_sc_hd__ff_n40C_1v95.lib line 1, library sky130_fd_sc_hd__ff_n40C_1v95 already exists.
Reading timing library for the 'nom_ff_n40C_1v95' corner at '/home/ayesha/.ciel/ciel/sky130/versions/8afc8346a57fe1ab7934ba5a6056ea8b43078e71/sky130A/libs.ref/sky130_sram_macros/lib/sky130_sram_2kbyte_1rw1r_32x512_8_TT_1p8V_25C.lib'…
[WARNING STA-1140] /home/ayesha/.ciel/ciel/sky130/versions/8afc8346a57fe1ab7934ba5a6056ea8b43078e71/sky130A/libs.ref/sky130_sram_macros/lib/sky130_sram_2kbyte_1rw1r_32x512_8_TT_1p8V_25C.lib line 1, library sky130_sram_2kbyte_1rw1r_32x512_8_TT_1p8V_25C_lib already exists.
Reading timing models for corner max_ss_100C_1v60…
Reading timing library for the 'max_ss_100C_1v60' corner at '/home/ayesha/.ciel/ciel/sky130/versions/8afc8346a57fe1ab7934ba5a6056ea8b43078e71/sky130A/libs.ref/sky130_fd_sc_hd/lib/sky130_fd_sc_hd__ss_100C_1v60.lib'…
[WARNING STA-1140] /home/ayesha/.ciel/ciel/sky130/versions/8afc8346a57fe1ab7934ba5a6056ea8b43078e71/sky130A/libs.ref/sky130_fd_sc_hd/lib/sky130_fd_sc_hd__ss_100C_1v60.lib line 1, library sky130_fd_sc_hd__ss_100C_1v60 already exists.
Reading timing library for the 'max_ss_100C_1v60' corner at '/home/ayesha/.ciel/ciel/sky130/versions/8afc8346a57fe1ab7934ba5a6056ea8b43078e71/sky130A/libs.ref/sky130_sram_macros/lib/sky130_sram_2kbyte_1rw1r_32x512_8_TT_1p8V_25C.lib'…
[WARNING STA-1140] /home/ayesha/.ciel/ciel/sky130/versions/8afc8346a57fe1ab7934ba5a6056ea8b43078e71/sky130A/libs.ref/sky130_sram_macros/lib/sky130_sram_2kbyte_1rw1r_32x512_8_TT_1p8V_25C.lib line 1, library sky130_sram_2kbyte_1rw1r_32x512_8_TT_1p8V_25C_lib already exists.
Reading timing models for corner min_tt_025C_1v80…
Reading timing library for the 'min_tt_025C_1v80' corner at '/home/ayesha/.ciel/ciel/sky130/versions/8afc8346a57fe1ab7934ba5a6056ea8b43078e71/sky130A/libs.ref/sky130_fd_sc_hd/lib/sky130_fd_sc_hd__tt_025C_1v80.lib'…
[WARNING STA-1140] /home/ayesha/.ciel/ciel/sky130/versions/8afc8346a57fe1ab7934ba5a6056ea8b43078e71/sky130A/libs.ref/sky130_fd_sc_hd/lib/sky130_fd_sc_hd__tt_025C_1v80.lib line 1, library sky130_fd_sc_hd__tt_025C_1v80 already exists.
Reading timing library for the 'min_tt_025C_1v80' corner at '/home/ayesha/.ciel/ciel/sky130/versions/8afc8346a57fe1ab7934ba5a6056ea8b43078e71/sky130A/libs.ref/sky130_sram_macros/lib/sky130_sram_2kbyte_1rw1r_32x512_8_TT_1p8V_25C.lib'…
[WARNING STA-1140] /home/ayesha/.ciel/ciel/sky130/versions/8afc8346a57fe1ab7934ba5a6056ea8b43078e71/sky130A/libs.ref/sky130_sram_macros/lib/sky130_sram_2kbyte_1rw1r_32x512_8_TT_1p8V_25C.lib line 1, library sky130_sram_2kbyte_1rw1r_32x512_8_TT_1p8V_25C_lib already exists.
Reading timing models for corner nom_ss_100C_1v60…
Reading timing library for the 'nom_ss_100C_1v60' corner at '/home/ayesha/.ciel/ciel/sky130/versions/8afc8346a57fe1ab7934ba5a6056ea8b43078e71/sky130A/libs.ref/sky130_fd_sc_hd/lib/sky130_fd_sc_hd__ss_100C_1v60.lib'…
[WARNING STA-1140] /home/ayesha/.ciel/ciel/sky130/versions/8afc8346a57fe1ab7934ba5a6056ea8b43078e71/sky130A/libs.ref/sky130_fd_sc_hd/lib/sky130_fd_sc_hd__ss_100C_1v60.lib line 1, library sky130_fd_sc_hd__ss_100C_1v60 already exists.
Reading timing library for the 'nom_ss_100C_1v60' corner at '/home/ayesha/.ciel/ciel/sky130/versions/8afc8346a57fe1ab7934ba5a6056ea8b43078e71/sky130A/libs.ref/sky130_sram_macros/lib/sky130_sram_2kbyte_1rw1r_32x512_8_TT_1p8V_25C.lib'…
[WARNING STA-1140] /home/ayesha/.ciel/ciel/sky130/versions/8afc8346a57fe1ab7934ba5a6056ea8b43078e71/sky130A/libs.ref/sky130_sram_macros/lib/sky130_sram_2kbyte_1rw1r_32x512_8_TT_1p8V_25C.lib line 1, library sky130_sram_2kbyte_1rw1r_32x512_8_TT_1p8V_25C_lib already exists.
Reading timing models for corner min_ff_n40C_1v95…
Reading timing library for the 'min_ff_n40C_1v95' corner at '/home/ayesha/.ciel/ciel/sky130/versions/8afc8346a57fe1ab7934ba5a6056ea8b43078e71/sky130A/libs.ref/sky130_fd_sc_hd/lib/sky130_fd_sc_hd__ff_n40C_1v95.lib'…
[WARNING STA-1140] /home/ayesha/.ciel/ciel/sky130/versions/8afc8346a57fe1ab7934ba5a6056ea8b43078e71/sky130A/libs.ref/sky130_fd_sc_hd/lib/sky130_fd_sc_hd__ff_n40C_1v95.lib line 1, library sky130_fd_sc_hd__ff_n40C_1v95 already exists.
Reading timing library for the 'min_ff_n40C_1v95' corner at '/home/ayesha/.ciel/ciel/sky130/versions/8afc8346a57fe1ab7934ba5a6056ea8b43078e71/sky130A/libs.ref/sky130_sram_macros/lib/sky130_sram_2kbyte_1rw1r_32x512_8_TT_1p8V_25C.lib'…
[WARNING STA-1140] /home/ayesha/.ciel/ciel/sky130/versions/8afc8346a57fe1ab7934ba5a6056ea8b43078e71/sky130A/libs.ref/sky130_sram_macros/lib/sky130_sram_2kbyte_1rw1r_32x512_8_TT_1p8V_25C.lib line 1, library sky130_sram_2kbyte_1rw1r_32x512_8_TT_1p8V_25C_lib already exists.
Reading OpenROAD database at '/home/ayesha/Downloads/riscv_mmu_fast_synthesis_project_an/riscv_mmu_fast_synthesis_project/runs/RUN_2026-09-13_10-44-24/43-openroad-repairantennas/1-openroad-diodeinsertion/SoC_Hardened.odb'…
Reading design constraints file at '/home/ayesha/Downloads/riscv_mmu_fast_synthesis_project_an/riscv_mmu_fast_synthesis_project/impl.sdc'…
[INFO] Using clock clk…
[INFO] Setting output delay to: 2.0
[INFO] Setting input delay to: 2.0
[INFO] Setting load to: 0.033442
[INFO] Setting clock uncertainty to: 0.25
[INFO] Setting clock transition to: 0.1499999999999999944488848768742172978818416595458984375
[INFO] Setting timing derate to: 5.0%
[INFO] No information on clock propagation in input SDC file-- propagating all clocks.
[INFO] Setting signal min routing layer to: met1 and clock min routing layer to met1. 
[INFO] Setting signal max routing layer to: met5 and clock max routing layer to met5. 
+ global_route -congestion_iterations 50 -verbose
[INFO GRT-0020] Min routing layer: met1
[INFO GRT-0021] Max routing layer: met5
[INFO GRT-0022] Global adjustment: 30%
[INFO GRT-0023] Grid origin: (0, 0)
[INFO GRT-0088] Layer li1     Track-Pitch = 0.4600  line-2-Via Pitch: 0.3400
[INFO GRT-0088] Layer met1    Track-Pitch = 0.3400  line-2-Via Pitch: 0.3400
[INFO GRT-0088] Layer met2    Track-Pitch = 0.4600  line-2-Via Pitch: 0.3500
[INFO GRT-0088] Layer met3    Track-Pitch = 0.6800  line-2-Via Pitch: 0.6150
[INFO GRT-0088] Layer met4    Track-Pitch = 0.9200  line-2-Via Pitch: 1.0400
[INFO GRT-0088] Layer met5    Track-Pitch = 3.4000  line-2-Via Pitch: 3.1100
[INFO GRT-0003] Macros: 2
[INFO GRT-0004] Blockages: 2364
[INFO GRT-0019] Found 30 clock nets.
[INFO GRT-0001] Minimum degree: 2
[INFO GRT-0002] Maximum degree: 11

[INFO GRT-0053] Routing resources analysis:
          Routing      Original      Derated      Resource
Layer     Direction    Resources     Resources    Reduction (%)
---------------------------------------------------------------
li1        Vertical            0             0          0.00%
met1       Horizontal     291938        194309          33.44%
met2       Vertical       262298        174885          33.33%
met3       Horizontal     185032        126260          31.76%
met4       Vertical       128877         77545          39.83%
met5       Horizontal      32318         17558          45.67%
---------------------------------------------------------------

[INFO GRT-0101] Running extra iterations to remove overflow.
[INFO GRT-0102] Start extra iteration 1/50
[INFO GRT-0102] Start extra iteration 2/50
[INFO GRT-0102] Start extra iteration 3/50
[INFO GRT-0102] Start extra iteration 4/50
[INFO GRT-0197] Via related to pin nodes: 4417
[INFO GRT-0198] Via related Steiner nodes: 76
[INFO GRT-0199] Via filling finished.
[INFO GRT-0111] Final number of vias: 5444
[INFO GRT-0112] Final usage 3D: 20986

[INFO GRT-0096] Final congestion report:
Layer         Resource        Demand        Usage (%)    Max H / Max V / Total Overflow
---------------------------------------------------------------------------------------
li1                  0             0            0.00%             0 /  0 /  0
met1            194309          2358            1.21%             0 /  0 /  0
met2            174885          2146            1.23%             0 /  0 /  0
met3            126260           139            0.11%             0 /  0 /  0
met4             77545            11            0.01%             0 /  0 /  0
met5             17558             0            0.00%             0 /  0 /  0
---------------------------------------------------------------------------------------
Total           590557          4654            0.79%             0 /  0 /  0

[INFO GRT-0018] Total wirelength: 43939 um
[INFO GRT-0014] Routed nets: 1026
[INFO GRT-0303] Global routing runtime = 00:00:01
+ repair_timing -verbose -setup -setup_margin 0.025000000000000001387778780781445675529539585113525390625 -max_buffer_percent 50.0
[INFO RSZ-0100] Repair move sequence: UnbufferMove SizeUpMove SwapPinsMove BufferMove CloneMove SplitLoadMove 
[INFO RSZ-0094] Found 2 endpoints with setup violations.
[INFO RSZ-0099] Repairing 2 out of 2 (100.00%) violating endpoints...
   Iter   | Removed | Resized | Inserted | Cloned |  Pin  |   Area   |    WNS   |   TNS      |  Viol  | Worst
          | Buffers |  Gates  | Buffers  |  Gates | Swaps |          |          |            | Endpts | Endpt
--------------------------------------------------------------------------------------------------------------
        0 |       0 |       0 |        0 |      0 |     0 |    +0.0% |   -0.495 |       -0.8 |      2 | gpio[3]
       10 |       2 |       3 |        1 |      0 |     3 |    -0.0% |   -0.332 |       -0.7 |      2 | gpio[1]
       20 |       3 |      10 |        1 |      0 |     5 |    +0.0% |   -0.228 |       -0.4 |      2 | gpio[3]
       30 |       3 |      16 |        2 |      0 |     8 |    +0.0% |   -0.140 |       -0.3 |      2 | gpio[1]
       36 |       3 |      17 |        2 |      0 |    10 |    +0.0% |   -0.117 |       -0.2 |      2 | gpio[3]
       40 |       3 |      17 |        2 |      0 |    13 |    +0.0% |   -0.117 |       -0.2 |      2 | gpio[3]
       42 |       3 |      18 |        2 |      0 |    14 |    +0.0% |   -0.108 |       -0.2 |      2 | gpio[3]
      43* |       3 |      18 |        2 |      0 |    14 |    +0.0% |   -0.108 |       -0.2 |      2 | gpio[3]
      45* |       3 |      19 |        2 |      0 |    14 |    +0.0% |   -0.108 |       -0.2 |      2 | gpio[3]
    final |       3 |      19 |        2 |      0 |    14 |    +0.0% |   -0.108 |       -0.2 |      2 | gpio[3]
--------------------------------------------------------------------------------------------------------------
[INFO RSZ-0059] Removed 3 buffers.
[INFO RSZ-0040] Inserted 2 buffers.
[INFO RSZ-0051] Resized 19 instances: 18 up, 1 up match, 0 down, 0 VT
[INFO RSZ-0043] Swapped pins on 14 instances.
[WARNING RSZ-0062] Unable to repair all setup violations.
+ repair_timing -verbose -hold -setup_margin 0.025000000000000001387778780781445675529539585113525390625 -hold_margin 0.05000000000000000277555756156289135105907917022705078125 -max_buffer_percent 50.0
[INFO RSZ-0033] No hold violations found.
+ detailed_placement -max_displacement  500 100 
Placement Analysis
---------------------------------
total displacement         20.1 u
average displacement        0.0 u
max displacement            4.1 u
original HPWL           28332.6 u
legalized HPWL          29453.8 u
delta HPWL                    4 %

[INFO DPL-0020] Mirrored 554 instances
[INFO DPL-0021] HPWL before           29453.8 u
[INFO DPL-0022] HPWL after            28325.2 u
[INFO DPL-0023] HPWL delta               -3.8 %
+ global_route -congestion_iterations 50 -verbose
[INFO GRT-0020] Min routing layer: met1
[INFO GRT-0021] Max routing layer: met5
[INFO GRT-0022] Global adjustment: 30%
[INFO GRT-0023] Grid origin: (0, 0)
[INFO GRT-0088] Layer li1     Track-Pitch = 0.4600  line-2-Via Pitch: 0.3400
[INFO GRT-0088] Layer met1    Track-Pitch = 0.3400  line-2-Via Pitch: 0.3400
[INFO GRT-0088] Layer met2    Track-Pitch = 0.4600  line-2-Via Pitch: 0.3500
[INFO GRT-0088] Layer met3    Track-Pitch = 0.6800  line-2-Via Pitch: 0.6150
[INFO GRT-0088] Layer met4    Track-Pitch = 0.9200  line-2-Via Pitch: 1.0400
[INFO GRT-0088] Layer met5    Track-Pitch = 3.4000  line-2-Via Pitch: 3.1100
[INFO GRT-0003] Macros: 2
[INFO GRT-0004] Blockages: 2364
[INFO GRT-0019] Found 30 clock nets.
[INFO GRT-0001] Minimum degree: 2
[INFO GRT-0002] Maximum degree: 11

[INFO GRT-0053] Routing resources analysis:
          Routing      Original      Derated      Resource
Layer     Direction    Resources     Resources    Reduction (%)
---------------------------------------------------------------
li1        Vertical            0             0          0.00%
met1       Horizontal     291938        194309          33.44%
met2       Vertical       262298        174885          33.33%
met3       Horizontal     185032        126260          31.76%
met4       Vertical       128877         77545          39.83%
met5       Horizontal      32318         17558          45.67%
---------------------------------------------------------------

[INFO GRT-0101] Running extra iterations to remove overflow.
[INFO GRT-0102] Start extra iteration 1/50
[INFO GRT-0102] Start extra iteration 2/50
[INFO GRT-0102] Start extra iteration 3/50
[WARNING EST-0026] Missing route to pin _1827_/X in net _0026_.
[WARNING EST-0026] Missing route to pin _1573_/D in net _0026_.
[WARNING EST-0026] Missing route to pin _1827_/X in net _0026_.
[WARNING EST-0026] Missing route to pin _1573_/D in net _0026_.
[WARNING EST-0026] Missing route to pin _1827_/X in net _0026_.
[WARNING EST-0026] Missing route to pin _1573_/D in net _0026_.
[WARNING EST-0026] Missing route to pin _1827_/X in net _0026_.
[WARNING EST-0026] Missing route to pin _1573_/D in net _0026_.
[WARNING EST-0026] Missing route to pin _1827_/X in net _0026_.
[WARNING EST-0026] Missing route to pin _1573_/D in net _0026_.
[WARNING EST-0026] Missing route to pin _1827_/X in net _0026_.
[WARNING EST-0026] Missing route to pin _1573_/D in net _0026_.
[WARNING EST-0026] Missing route to pin _1827_/X in net _0026_.
[WARNING EST-0026] Missing route to pin _1573_/D in net _0026_.
[WARNING EST-0026] Missing route to pin _1827_/X in net _0026_.
[WARNING EST-0026] Missing route to pin _1573_/D in net _0026_.
[WARNING EST-0026] Missing route to pin _1827_/X in net _0026_.
[WARNING EST-0026] Missing route to pin _1573_/D in net _0026_.
[WARNING EST-0026] Missing route to pin _1827_/A in net _0290_.
[WARNING EST-0026] Missing route to pin _1112_/A2 in net _0290_.
[WARNING EST-0026] Missing route to pin _1110_/A2 in net _0290_.
[WARNING EST-0026] Missing route to pin _1107_/A3 in net _0290_.
[WARNING EST-0026] Missing route to pin _1106_/Y in net _0290_.
[WARNING EST-0026] Missing route to pin _1827_/A in net _0290_.
[WARNING EST-0026] Missing route to pin _1112_/A2 in net _0290_.
[WARNING EST-0026] Missing route to pin _1110_/A2 in net _0290_.
[WARNING EST-0026] Missing route to pin _1107_/A3 in net _0290_.
[WARNING EST-0026] Missing route to pin _1106_/Y in net _0290_.
[WARNING EST-0026] Missing route to pin _1827_/A in net _0290_.
[WARNING EST-0026] Missing route to pin _1112_/A2 in net _0290_.
[WARNING EST-0026] Missing route to pin _1110_/A2 in net _0290_.
[WARNING EST-0026] Missing route to pin _1107_/A3 in net _0290_.
[WARNING EST-0026] Missing route to pin _1106_/Y in net _0290_.
[WARNING EST-0026] Missing route to pin _1827_/A in net _0290_.
[WARNING EST-0026] Missing route to pin _1112_/A2 in net _0290_.
[WARNING EST-0026] Missing route to pin _1110_/A2 in net _0290_.
[WARNING EST-0026] Missing route to pin _1107_/A3 in net _0290_.
[WARNING EST-0026] Missing route to pin _1106_/Y in net _0290_.
[WARNING EST-0026] Missing route to pin _1827_/A in net _0290_.
[WARNING EST-0026] Missing route to pin _1112_/A2 in net _0290_.
[WARNING EST-0026] Missing route to pin _1110_/A2 in net _0290_.
[WARNING EST-0026] Missing route to pin _1107_/A3 in net _0290_.
[WARNING EST-0026] Missing route to pin _1106_/Y in net _0290_.
[WARNING EST-0026] Missing route to pin _1827_/A in net _0290_.
[WARNING EST-0026] Missing route to pin _1112_/A2 in net _0290_.
[WARNING EST-0026] Missing route to pin _1110_/A2 in net _0290_.
[WARNING EST-0026] Missing route to pin _1107_/A3 in net _0290_.
[WARNING EST-0026] Missing route to pin _1106_/Y in net _0290_.
[WARNING EST-0026] Missing route to pin _1827_/A in net _0290_.
[WARNING EST-0026] Missing route to pin _1112_/A2 in net _0290_.
[WARNING EST-0026] Missing route to pin _1110_/A2 in net _0290_.
[WARNING EST-0026] Missing route to pin _1107_/A3 in net _0290_.
[WARNING EST-0026] Missing route to pin _1106_/Y in net _0290_.
[WARNING EST-0026] Missing route to pin _1827_/A in net _0290_.
[WARNING EST-0026] Missing route to pin _1112_/A2 in net _0290_.
[WARNING EST-0026] Missing route to pin _1110_/A2 in net _0290_.
[WARNING EST-0026] Missing route to pin _1107_/A3 in net _0290_.
[WARNING EST-0026] Missing route to pin _1106_/Y in net _0290_.
[WARNING EST-0026] Missing route to pin _1827_/A in net _0290_.
[WARNING EST-0026] Missing route to pin _1112_/A2 in net _0290_.
[WARNING EST-0026] Missing route to pin _1110_/A2 in net _0290_.
[WARNING EST-0026] Missing route to pin _1107_/A3 in net _0290_.
[WARNING EST-0026] Missing route to pin _1106_/Y in net _0290_.
[WARNING EST-0026] Missing route to pin fanout70/A in net _0291_.
[WARNING EST-0026] Missing route to pin fanout67/A in net _0291_.
[WARNING EST-0026] Missing route to pin fanout64/A in net _0291_.
[WARNING EST-0026] Missing route to pin _1351_/B in net _0291_.
[WARNING EST-0026] Missing route to pin _1090_/Y in net _0291_.
[WARNING EST-0026] Missing route to pin fanout70/A in net _0291_.
[WARNING EST-0026] Missing route to pin fanout67/A in net _0291_.
[WARNING EST-0026] Missing route to pin fanout64/A in net _0291_.
[WARNING EST-0026] Missing route to pin _1351_/B in net _0291_.
[WARNING EST-0026] Missing route to pin _1090_/Y in net _0291_.
[WARNING EST-0026] Missing route to pin fanout70/A in net _0291_.
[WARNING EST-0026] Missing route to pin fanout67/A in net _0291_.
[WARNING EST-0026] Missing route to pin fanout64/A in net _0291_.
[WARNING EST-0026] Missing route to pin _1351_/B in net _0291_.
[WARNING EST-0026] Missing route to pin _1090_/Y in net _0291_.
[WARNING EST-0026] Missing route to pin fanout70/A in net _0291_.
[WARNING EST-0026] Missing route to pin fanout67/A in net _0291_.
[WARNING EST-0026] Missing route to pin fanout64/A in net _0291_.
[WARNING EST-0026] Missing route to pin _1351_/B in net _0291_.
[WARNING EST-0026] Missing route to pin _1090_/Y in net _0291_.
[WARNING EST-0026] Missing route to pin fanout70/A in net _0291_.
[WARNING EST-0026] Missing route to pin fanout67/A in net _0291_.
[WARNING EST-0026] Missing route to pin fanout64/A in net _0291_.
[WARNING EST-0026] Missing route to pin _1351_/B in net _0291_.
[WARNING EST-0026] Missing route to pin _1090_/Y in net _0291_.
[WARNING EST-0026] Missing route to pin fanout70/A in net _0291_.
[WARNING EST-0026] Missing route to pin fanout67/A in net _0291_.
[WARNING EST-0026] Missing route to pin fanout64/A in net _0291_.
[WARNING EST-0026] Missing route to pin _1351_/B in net _0291_.
[WARNING EST-0026] Missing route to pin _1090_/Y in net _0291_.
[WARNING EST-0026] Missing route to pin fanout70/A in net _0291_.
[WARNING EST-0026] Missing route to pin fanout67/A in net _0291_.
[WARNING EST-0026] Missing route to pin fanout64/A in net _0291_.
[WARNING EST-0026] Missing route to pin _1351_/B in net _0291_.
[WARNING EST-0026] Missing route to pin _1090_/Y in net _0291_.
[WARNING EST-0026] Missing route to pin fanout70/A in net _0291_.
[WARNING EST-0026] Missing route to pin fanout67/A in net _0291_.
[WARNING EST-0026] Missing route to pin fanout64/A in net _0291_.
[WARNING EST-0026] Missing route to pin _1351_/B in net _0291_.
[WARNING EST-0026] Missing route to pin _1090_/Y in net _0291_.
[WARNING EST-0026] Missing route to pin fanout70/A in net _0291_.
[WARNING EST-0026] Missing route to pin fanout67/A in net _0291_.
[WARNING EST-0026] Missing route to pin fanout64/A in net _0291_.
[WARNING EST-0026] Missing route to pin _1351_/B in net _0291_.
[WARNING EST-0026] Missing route to pin _1090_/Y in net _0291_.
[WARNING EST-0026] Missing route to pin _1984_/A in net _0292_.
[WARNING EST-0026] Missing route to pin _1433_/Y in net _0292_.
[WARNING EST-0026] Missing route to pin _1984_/A in net _0292_.
[WARNING EST-0026] Missing route to pin _1433_/Y in net _0292_.
[WARNING EST-0026] Missing route to pin _1984_/A in net _0292_.
[WARNING EST-0026] Missing route to pin _1433_/Y in net _0292_.
[WARNING EST-0026] Missing route to pin _1984_/A in net _0292_.
[WARNING EST-0026] Missing route to pin _1433_/Y in net _0292_.
[WARNING EST-0026] Missing route to pin _1984_/A in net _0292_.
[WARNING EST-0026] Missing route to pin _1433_/Y in net _0292_.
[WARNING EST-0026] Missing route to pin _1984_/A in net _0292_.
[WARNING EST-0026] Missing route to pin _1433_/Y in net _0292_.
[WARNING EST-0026] Missing route to pin _1984_/A in net _0292_.
[WARNING EST-0026] Missing route to pin _1433_/Y in net _0292_.
[WARNING EST-0026] Missing route to pin _1984_/A in net _0292_.
[WARNING EST-0026] Missing route to pin _1433_/Y in net _0292_.
[WARNING EST-0026] Missing route to pin _1984_/A in net _0292_.
[WARNING EST-0026] Missing route to pin _1433_/Y in net _0292_.
[WARNING EST-0026] Missing route to pin _1985_/A in net _0293_.
[WARNING EST-0026] Missing route to pin _1434_/Y in net _0293_.
[WARNING EST-0026] Missing route to pin _1985_/A in net _0293_.
[WARNING EST-0026] Missing route to pin _1434_/Y in net _0293_.
[WARNING EST-0026] Missing route to pin _1985_/A in net _0293_.
[WARNING EST-0026] Missing route to pin _1434_/Y in net _0293_.
[WARNING EST-0026] Missing route to pin _1985_/A in net _0293_.
[WARNING EST-0026] Missing route to pin _1434_/Y in net _0293_.
[WARNING EST-0026] Missing route to pin _1985_/A in net _0293_.
[WARNING EST-0026] Missing route to pin _1434_/Y in net _0293_.
[WARNING EST-0026] Missing route to pin _1985_/A in net _0293_.
[WARNING EST-0026] Missing route to pin _1434_/Y in net _0293_.
[WARNING EST-0026] Missing route to pin _1985_/A in net _0293_.
[WARNING EST-0026] Missing route to pin _1434_/Y in net _0293_.
[WARNING EST-0026] Missing route to pin _1985_/A in net _0293_.
[WARNING EST-0026] Missing route to pin _1434_/Y in net _0293_.
[WARNING EST-0026] Missing route to pin _1985_/A in net _0293_.
[WARNING EST-0026] Missing route to pin _1434_/Y in net _0293_.
[WARNING EST-0026] Missing route to pin _1986_/A in net _0294_.
[WARNING EST-0026] Missing route to pin _1435_/Y in net _0294_.
[WARNING EST-0026] Missing route to pin _1986_/A in net _0294_.
[WARNING EST-0026] Missing route to pin _1435_/Y in net _0294_.
[WARNING EST-0026] Missing route to pin _1986_/A in net _0294_.
[WARNING EST-0026] Missing route to pin _1435_/Y in net _0294_.
[WARNING EST-0026] Missing route to pin _1986_/A in net _0294_.
[WARNING EST-0026] Missing route to pin _1435_/Y in net _0294_.
[WARNING EST-0026] Missing route to pin _1986_/A in net _0294_.
[WARNING EST-0026] Missing route to pin _1435_/Y in net _0294_.
[WARNING EST-0026] Missing route to pin _1986_/A in net _0294_.
[WARNING EST-0026] Missing route to pin _1435_/Y in net _0294_.
[WARNING EST-0026] Missing route to pin _1986_/A in net _0294_.
[WARNING EST-0026] Missing route to pin _1435_/Y in net _0294_.
[WARNING EST-0026] Missing route to pin _1986_/A in net _0294_.
[WARNING EST-0026] Missing route to pin _1435_/Y in net _0294_.
[WARNING EST-0026] Missing route to pin _1986_/A in net _0294_.
[WARNING EST-0026] Missing route to pin _1435_/Y in net _0294_.
[WARNING EST-0026] Missing route to pin _1988_/A in net _0296_.
[WARNING EST-0026] Missing route to pin _1437_/Y in net _0296_.
[WARNING EST-0026] Missing route to pin _1988_/A in net _0296_.
[WARNING EST-0026] Missing route to pin _1437_/Y in net _0296_.
[WARNING EST-0026] Missing route to pin _1988_/A in net _0296_.
[WARNING EST-0026] Missing route to pin _1437_/Y in net _0296_.
[WARNING EST-0026] Missing route to pin _1988_/A in net _0296_.
[WARNING EST-0026] Missing route to pin _1437_/Y in net _0296_.
[WARNING EST-0026] Missing route to pin _1988_/A in net _0296_.
[WARNING EST-0026] Missing route to pin _1437_/Y in net _0296_.
[WARNING EST-0026] Missing route to pin _1988_/A in net _0296_.
[WARNING EST-0026] Missing route to pin _1437_/Y in net _0296_.
[WARNING EST-0026] Missing route to pin _1988_/A in net _0296_.
[WARNING EST-0026] Missing route to pin _1437_/Y in net _0296_.
[WARNING EST-0026] Missing route to pin _1988_/A in net _0296_.
[WARNING EST-0026] Missing route to pin _1437_/Y in net _0296_.
[WARNING EST-0026] Missing route to pin _1988_/A in net _0296_.
[WARNING EST-0026] Missing route to pin _1437_/Y in net _0296_.
[WARNING EST-0026] Missing route to pin _1989_/A in net _0297_.
[WARNING EST-0026] Missing route to pin _1438_/Y in net _0297_.
[WARNING EST-0026] Missing route to pin _1989_/A in net _0297_.
[WARNING EST-0026] Missing route to pin _1438_/Y in net _0297_.
[WARNING EST-0026] Missing route to pin _1989_/A in net _0297_.
[WARNING EST-0026] Missing route to pin _1438_/Y in net _0297_.
[WARNING EST-0026] Missing route to pin _1989_/A in net _0297_.
[WARNING EST-0026] Missing route to pin _1438_/Y in net _0297_.
[WARNING EST-0026] Missing route to pin _1989_/A in net _0297_.
[WARNING EST-0026] Missing route to pin _1438_/Y in net _0297_.
[WARNING EST-0026] Missing route to pin _1989_/A in net _0297_.
[WARNING EST-0026] Missing route to pin _1438_/Y in net _0297_.
[WARNING EST-0026] Missing route to pin _1989_/A in net _0297_.
[WARNING EST-0026] Missing route to pin _1438_/Y in net _0297_.
[WARNING EST-0026] Missing route to pin _1989_/A in net _0297_.
[WARNING EST-0026] Missing route to pin _1438_/Y in net _0297_.
[WARNING EST-0026] Missing route to pin _1989_/A in net _0297_.
[WARNING EST-0026] Missing route to pin _1438_/Y in net _0297_.
[WARNING EST-0026] Missing route to pin _1993_/A in net _0301_.
[WARNING EST-0026] Missing route to pin _1442_/Y in net _0301_.
[WARNING EST-0026] Missing route to pin _1993_/A in net _0301_.
[WARNING EST-0026] Missing route to pin _1442_/Y in net _0301_.
[WARNING EST-0026] Missing route to pin _1993_/A in net _0301_.
[WARNING EST-0026] Missing route to pin _1442_/Y in net _0301_.
[WARNING EST-0026] Missing route to pin _1993_/A in net _0301_.
[WARNING EST-0026] Missing route to pin _1442_/Y in net _0301_.
[WARNING EST-0026] Missing route to pin _1993_/A in net _0301_.
[WARNING EST-0026] Missing route to pin _1442_/Y in net _0301_.
[WARNING EST-0026] Missing route to pin _1993_/A in net _0301_.
[WARNING EST-0026] Missing route to pin _1442_/Y in net _0301_.
[WARNING EST-0026] Missing route to pin _1993_/A in net _0301_.
[WARNING EST-0026] Missing route to pin _1442_/Y in net _0301_.
[WARNING EST-0026] Missing route to pin _1993_/A in net _0301_.
[WARNING EST-0026] Missing route to pin _1442_/Y in net _0301_.
[WARNING EST-0026] Missing route to pin _1993_/A in net _0301_.
[WARNING EST-0026] Missing route to pin _1442_/Y in net _0301_.
[WARNING EST-0026] Missing route to pin _1994_/A in net _0302_.
[WARNING EST-0026] Missing route to pin _1443_/Y in net _0302_.
[WARNING EST-0026] Missing route to pin _1994_/A in net _0302_.
[WARNING EST-0026] Missing route to pin _1443_/Y in net _0302_.
[WARNING EST-0026] Missing route to pin _1994_/A in net _0302_.
[WARNING EST-0026] Missing route to pin _1443_/Y in net _0302_.
[WARNING EST-0026] Missing route to pin _1994_/A in net _0302_.
[WARNING EST-0026] Missing route to pin _1443_/Y in net _0302_.
[WARNING EST-0026] Missing route to pin _1994_/A in net _0302_.
[WARNING EST-0026] Missing route to pin _1443_/Y in net _0302_.
[WARNING EST-0026] Missing route to pin _1994_/A in net _0302_.
[WARNING EST-0026] Missing route to pin _1443_/Y in net _0302_.
[WARNING EST-0026] Missing route to pin _1994_/A in net _0302_.
[WARNING EST-0026] Missing route to pin _1443_/Y in net _0302_.
[WARNING EST-0026] Missing route to pin _1994_/A in net _0302_.
[WARNING EST-0026] Missing route to pin _1443_/Y in net _0302_.
[WARNING EST-0026] Missing route to pin _1994_/A in net _0302_.
[WARNING EST-0026] Missing route to pin _1443_/Y in net _0302_.
[WARNING EST-0026] Missing route to pin _1865_/A in net _0303_.
[WARNING EST-0026] Missing route to pin _1263_/X in net _0303_.
[WARNING EST-0026] Missing route to pin _1865_/A in net _0303_.
[WARNING EST-0026] Missing route to pin _1263_/X in net _0303_.
[WARNING EST-0026] Missing route to pin _1865_/A in net _0303_.
[WARNING EST-0026] Missing route to pin _1263_/X in net _0303_.
[WARNING EST-0026] Missing route to pin _1865_/A in net _0303_.
[WARNING EST-0026] Missing route to pin _1263_/X in net _0303_.
[WARNING EST-0026] Missing route to pin _1865_/A in net _0303_.
[WARNING EST-0026] Missing route to pin _1263_/X in net _0303_.
[WARNING EST-0026] Missing route to pin _1865_/A in net _0303_.
[WARNING EST-0026] Missing route to pin _1263_/X in net _0303_.
[WARNING EST-0026] Missing route to pin _1865_/A in net _0303_.
[WARNING EST-0026] Missing route to pin _1263_/X in net _0303_.
[WARNING EST-0026] Missing route to pin _1865_/A in net _0303_.
[WARNING EST-0026] Missing route to pin _1263_/X in net _0303_.
[WARNING EST-0026] Missing route to pin _1865_/A in net _0303_.
[WARNING EST-0026] Missing route to pin _1263_/X in net _0303_.
[WARNING EST-0026] Missing route to pin _1866_/A in net _0304_.
[WARNING EST-0026] Missing route to pin _1264_/X in net _0304_.
[WARNING EST-0026] Missing route to pin _1866_/A in net _0304_.
[WARNING EST-0026] Missing route to pin _1264_/X in net _0304_.
[WARNING EST-0026] Missing route to pin _1866_/A in net _0304_.
[WARNING EST-0026] Missing route to pin _1264_/X in net _0304_.
[WARNING EST-0026] Missing route to pin _1866_/A in net _0304_.
[WARNING EST-0026] Missing route to pin _1264_/X in net _0304_.
[WARNING EST-0026] Missing route to pin _1866_/A in net _0304_.
[WARNING EST-0026] Missing route to pin _1264_/X in net _0304_.
[WARNING EST-0026] Missing route to pin _1866_/A in net _0304_.
[WARNING EST-0026] Missing route to pin _1264_/X in net _0304_.
[WARNING EST-0026] Missing route to pin _1866_/A in net _0304_.
[WARNING EST-0026] Missing route to pin _1264_/X in net _0304_.
[WARNING EST-0026] Missing route to pin _1866_/A in net _0304_.
[WARNING EST-0026] Missing route to pin _1264_/X in net _0304_.
[WARNING EST-0026] Missing route to pin _1866_/A in net _0304_.
[WARNING EST-0026] Missing route to pin _1264_/X in net _0304_.
[WARNING EST-0026] Missing route to pin _1867_/A in net _0305_.
[WARNING EST-0026] Missing route to pin _1266_/X in net _0305_.
[WARNING EST-0026] Missing route to pin _1867_/A in net _0305_.
[WARNING EST-0026] Missing route to pin _1266_/X in net _0305_.
[WARNING EST-0026] Missing route to pin _1867_/A in net _0305_.
[WARNING EST-0026] Missing route to pin _1266_/X in net _0305_.
[WARNING EST-0026] Missing route to pin _1867_/A in net _0305_.
[WARNING EST-0026] Missing route to pin _1266_/X in net _0305_.
[WARNING EST-0026] Missing route to pin _1867_/A in net _0305_.
[WARNING EST-0026] Missing route to pin _1266_/X in net _0305_.
[WARNING EST-0026] Missing route to pin _1867_/A in net _0305_.
[WARNING EST-0026] Missing route to pin _1266_/X in net _0305_.
[WARNING EST-0026] Missing route to pin _1867_/A in net _0305_.
[WARNING EST-0026] Missing route to pin _1266_/X in net _0305_.
[WARNING EST-0026] Missing route to pin _1867_/A in net _0305_.
[WARNING EST-0026] Missing route to pin _1266_/X in net _0305_.
[WARNING EST-0026] Missing route to pin _1867_/A in net _0305_.
[WARNING EST-0026] Missing route to pin _1266_/X in net _0305_.
[WARNING EST-0026] Missing route to pin _1868_/A in net _0306_.
[WARNING EST-0026] Missing route to pin _1268_/X in net _0306_.
[WARNING EST-0026] Missing route to pin _1868_/A in net _0306_.
[WARNING EST-0026] Missing route to pin _1268_/X in net _0306_.
[WARNING EST-0026] Missing route to pin _1868_/A in net _0306_.
[WARNING EST-0026] Missing route to pin _1268_/X in net _0306_.
[WARNING EST-0026] Missing route to pin _1868_/A in net _0306_.
[WARNING EST-0026] Missing route to pin _1268_/X in net _0306_.
[WARNING EST-0026] Missing route to pin _1868_/A in net _0306_.
[WARNING EST-0026] Missing route to pin _1268_/X in net _0306_.
[WARNING EST-0026] Missing route to pin _1868_/A in net _0306_.
[WARNING EST-0026] Missing route to pin _1268_/X in net _0306_.
[WARNING EST-0026] Missing route to pin _1868_/A in net _0306_.
[WARNING EST-0026] Missing route to pin _1268_/X in net _0306_.
[WARNING EST-0026] Missing route to pin _1868_/A in net _0306_.
[WARNING EST-0026] Missing route to pin _1268_/X in net _0306_.
[WARNING EST-0026] Missing route to pin _1868_/A in net _0306_.
[WARNING EST-0026] Missing route to pin _1268_/X in net _0306_.
[WARNING EST-0026] Missing route to pin _1869_/A in net _0307_.
[WARNING EST-0026] Missing route to pin _1269_/X in net _0307_.
[WARNING EST-0026] Missing route to pin _1869_/A in net _0307_.
[WARNING EST-0026] Missing route to pin _1269_/X in net _0307_.
[WARNING EST-0026] Missing route to pin _1869_/A in net _0307_.
[WARNING EST-0026] Missing route to pin _1269_/X in net _0307_.
[WARNING EST-0026] Missing route to pin _1869_/A in net _0307_.
[WARNING EST-0026] Missing route to pin _1269_/X in net _0307_.
[WARNING EST-0026] Missing route to pin _1869_/A in net _0307_.
[WARNING EST-0026] Missing route to pin _1269_/X in net _0307_.
[WARNING EST-0026] Missing route to pin _1869_/A in net _0307_.
[WARNING EST-0026] Missing route to pin _1269_/X in net _0307_.
[WARNING EST-0026] Missing route to pin _1869_/A in net _0307_.
[WARNING EST-0026] Missing route to pin _1269_/X in net _0307_.
[WARNING EST-0026] Missing route to pin _1869_/A in net _0307_.
[WARNING EST-0026] Missing route to pin _1269_/X in net _0307_.
[WARNING EST-0026] Missing route to pin _1869_/A in net _0307_.
[WARNING EST-0026] Missing route to pin _1269_/X in net _0307_.
[WARNING EST-0026] Missing route to pin _1871_/A in net _0309_.
[WARNING EST-0026] Missing route to pin _1271_/X in net _0309_.
[WARNING EST-0026] Missing route to pin _1871_/A in net _0309_.
[WARNING EST-0026] Missing route to pin _1271_/X in net _0309_.
[WARNING EST-0026] Missing route to pin _1871_/A in net _0309_.
[WARNING EST-0026] Missing route to pin _1271_/X in net _0309_.
[WARNING EST-0026] Missing route to pin _1871_/A in net _0309_.
[WARNING EST-0026] Missing route to pin _1271_/X in net _0309_.
[WARNING EST-0026] Missing route to pin _1871_/A in net _0309_.
[WARNING EST-0026] Missing route to pin _1271_/X in net _0309_.
[WARNING EST-0026] Missing route to pin _1871_/A in net _0309_.
[WARNING EST-0026] Missing route to pin _1271_/X in net _0309_.
[WARNING EST-0026] Missing route to pin _1871_/A in net _0309_.
[WARNING EST-0026] Missing route to pin _1271_/X in net _0309_.
[WARNING EST-0026] Missing route to pin _1871_/A in net _0309_.
[WARNING EST-0026] Missing route to pin _1271_/X in net _0309_.
[WARNING EST-0026] Missing route to pin _1871_/A in net _0309_.
[WARNING EST-0026] Missing route to pin _1271_/X in net _0309_.
[WARNING EST-0026] Missing route to pin _1872_/A in net _0310_.
[WARNING EST-0026] Missing route to pin _1272_/X in net _0310_.
[WARNING EST-0026] Missing route to pin _1872_/A in net _0310_.
[WARNING EST-0026] Missing route to pin _1272_/X in net _0310_.
[WARNING EST-0026] Missing route to pin _1872_/A in net _0310_.
[WARNING EST-0026] Missing route to pin _1272_/X in net _0310_.
[WARNING EST-0026] Missing route to pin _1872_/A in net _0310_.
[WARNING EST-0026] Missing route to pin _1272_/X in net _0310_.
[WARNING EST-0026] Missing route to pin _1872_/A in net _0310_.
[WARNING EST-0026] Missing route to pin _1272_/X in net _0310_.
[WARNING EST-0026] Missing route to pin _1872_/A in net _0310_.
[WARNING EST-0026] Missing route to pin _1272_/X in net _0310_.
[WARNING EST-0026] Missing route to pin _1872_/A in net _0310_.
[WARNING EST-0026] Missing route to pin _1272_/X in net _0310_.
[WARNING EST-0026] Missing route to pin _1872_/A in net _0310_.
[WARNING EST-0026] Missing route to pin _1272_/X in net _0310_.
[WARNING EST-0026] Missing route to pin _1872_/A in net _0310_.
[WARNING EST-0026] Missing route to pin _1272_/X in net _0310_.
[WARNING EST-0026] Missing route to pin _1873_/A in net _0311_.
[WARNING EST-0026] Missing route to pin _1273_/X in net _0311_.
[WARNING EST-0026] Missing route to pin _1873_/A in net _0311_.
[WARNING EST-0026] Missing route to pin _1273_/X in net _0311_.
[WARNING EST-0026] Missing route to pin _1873_/A in net _0311_.
[WARNING EST-0026] Missing route to pin _1273_/X in net _0311_.
[WARNING EST-0026] Missing route to pin _1873_/A in net _0311_.
[WARNING EST-0026] Missing route to pin _1273_/X in net _0311_.
[WARNING EST-0026] Missing route to pin _1873_/A in net _0311_.
[WARNING EST-0026] Missing route to pin _1273_/X in net _0311_.
[WARNING EST-0026] Missing route to pin _1873_/A in net _0311_.
[WARNING EST-0026] Missing route to pin _1273_/X in net _0311_.
[WARNING EST-0026] Missing route to pin _1873_/A in net _0311_.
[WARNING EST-0026] Missing route to pin _1273_/X in net _0311_.
[WARNING EST-0026] Missing route to pin _1873_/A in net _0311_.
[WARNING EST-0026] Missing route to pin _1273_/X in net _0311_.
[WARNING EST-0026] Missing route to pin _1873_/A in net _0311_.
[WARNING EST-0026] Missing route to pin _1273_/X in net _0311_.
[WARNING EST-0026] Missing route to pin _1875_/A in net _0313_.
[WARNING EST-0026] Missing route to pin _1275_/X in net _0313_.
[WARNING EST-0026] Missing route to pin _1875_/A in net _0313_.
[WARNING EST-0026] Missing route to pin _1275_/X in net _0313_.
[WARNING EST-0026] Missing route to pin _1875_/A in net _0313_.
[WARNING EST-0026] Missing route to pin _1275_/X in net _0313_.
[WARNING EST-0026] Missing route to pin _1875_/A in net _0313_.
[WARNING EST-0026] Missing route to pin _1275_/X in net _0313_.
[WARNING EST-0026] Missing route to pin _1875_/A in net _0313_.
[WARNING EST-0026] Missing route to pin _1275_/X in net _0313_.
[WARNING EST-0026] Missing route to pin _1875_/A in net _0313_.
[WARNING EST-0026] Missing route to pin _1275_/X in net _0313_.
[WARNING EST-0026] Missing route to pin _1875_/A in net _0313_.
[WARNING EST-0026] Missing route to pin _1275_/X in net _0313_.
[WARNING EST-0026] Missing route to pin _1875_/A in net _0313_.
[WARNING EST-0026] Missing route to pin _1275_/X in net _0313_.
[WARNING EST-0026] Missing route to pin _1875_/A in net _0313_.
[WARNING EST-0026] Missing route to pin _1275_/X in net _0313_.
[WARNING EST-0026] Missing route to pin _1876_/A in net _0314_.
[WARNING EST-0026] Missing route to pin _1276_/X in net _0314_.
[WARNING EST-0026] Missing route to pin _1876_/A in net _0314_.
[WARNING EST-0026] Missing route to pin _1276_/X in net _0314_.
[WARNING EST-0026] Missing route to pin _1876_/A in net _0314_.
[WARNING EST-0026] Missing route to pin _1276_/X in net _0314_.
[WARNING EST-0026] Missing route to pin _1876_/A in net _0314_.
[WARNING EST-0026] Missing route to pin _1276_/X in net _0314_.
[WARNING EST-0026] Missing route to pin _1876_/A in net _0314_.
[WARNING EST-0026] Missing route to pin _1276_/X in net _0314_.
[WARNING EST-0026] Missing route to pin _1876_/A in net _0314_.
[WARNING EST-0026] Missing route to pin _1276_/X in net _0314_.
[WARNING EST-0026] Missing route to pin _1876_/A in net _0314_.
[WARNING EST-0026] Missing route to pin _1276_/X in net _0314_.
[WARNING EST-0026] Missing route to pin _1876_/A in net _0314_.
[WARNING EST-0026] Missing route to pin _1276_/X in net _0314_.
[WARNING EST-0026] Missing route to pin _1876_/A in net _0314_.
[WARNING EST-0026] Missing route to pin _1276_/X in net _0314_.
[WARNING EST-0026] Missing route to pin _1877_/A in net _0315_.
[WARNING EST-0026] Missing route to pin _1277_/X in net _0315_.
[WARNING EST-0026] Missing route to pin _1877_/A in net _0315_.
[WARNING EST-0026] Missing route to pin _1277_/X in net _0315_.
[WARNING EST-0026] Missing route to pin _1877_/A in net _0315_.
[WARNING EST-0026] Missing route to pin _1277_/X in net _0315_.
[WARNING EST-0026] Missing route to pin _1877_/A in net _0315_.
[WARNING EST-0026] Missing route to pin _1277_/X in net _0315_.
[WARNING EST-0026] Missing route to pin _1877_/A in net _0315_.
[WARNING EST-0026] Missing route to pin _1277_/X in net _0315_.
[WARNING EST-0026] Missing route to pin _1877_/A in net _0315_.
[WARNING EST-0026] Missing route to pin _1277_/X in net _0315_.
[WARNING EST-0026] Missing route to pin _1877_/A in net _0315_.
[WARNING EST-0026] Missing route to pin _1277_/X in net _0315_.
[WARNING EST-0026] Missing route to pin _1877_/A in net _0315_.
[WARNING EST-0026] Missing route to pin _1277_/X in net _0315_.
[WARNING EST-0026] Missing route to pin _1877_/A in net _0315_.
[WARNING EST-0026] Missing route to pin _1277_/X in net _0315_.
[WARNING EST-0026] Missing route to pin _1878_/A in net _0316_.
[WARNING EST-0026] Missing route to pin _1278_/X in net _0316_.
[WARNING EST-0026] Missing route to pin _1878_/A in net _0316_.
[WARNING EST-0026] Missing route to pin _1278_/X in net _0316_.
[WARNING EST-0026] Missing route to pin _1878_/A in net _0316_.
[WARNING EST-0026] Missing route to pin _1278_/X in net _0316_.
[WARNING EST-0026] Missing route to pin _1878_/A in net _0316_.
[WARNING EST-0026] Missing route to pin _1278_/X in net _0316_.
[WARNING EST-0026] Missing route to pin _1878_/A in net _0316_.
[WARNING EST-0026] Missing route to pin _1278_/X in net _0316_.
[WARNING EST-0026] Missing route to pin _1878_/A in net _0316_.
[WARNING EST-0026] Missing route to pin _1278_/X in net _0316_.
[WARNING EST-0026] Missing route to pin _1878_/A in net _0316_.
[WARNING EST-0026] Missing route to pin _1278_/X in net _0316_.
[WARNING EST-0026] Missing route to pin _1878_/A in net _0316_.
[WARNING EST-0026] Missing route to pin _1278_/X in net _0316_.
[WARNING EST-0026] Missing route to pin _1878_/A in net _0316_.
[WARNING EST-0026] Missing route to pin _1278_/X in net _0316_.
[WARNING EST-0026] Missing route to pin _1880_/A in net _0318_.
[WARNING EST-0026] Missing route to pin _1280_/X in net _0318_.
[WARNING EST-0026] Missing route to pin _1880_/A in net _0318_.
[WARNING EST-0026] Missing route to pin _1280_/X in net _0318_.
[WARNING EST-0026] Missing route to pin _1880_/A in net _0318_.
[WARNING EST-0026] Missing route to pin _1280_/X in net _0318_.
[WARNING EST-0026] Missing route to pin _1880_/A in net _0318_.
[WARNING EST-0026] Missing route to pin _1280_/X in net _0318_.
[WARNING EST-0026] Missing route to pin _1880_/A in net _0318_.
[WARNING EST-0026] Missing route to pin _1280_/X in net _0318_.
[WARNING EST-0026] Missing route to pin _1880_/A in net _0318_.
[WARNING EST-0026] Missing route to pin _1280_/X in net _0318_.
[WARNING EST-0026] Missing route to pin _1880_/A in net _0318_.
[WARNING EST-0026] Missing route to pin _1280_/X in net _0318_.
[WARNING EST-0026] Missing route to pin _1880_/A in net _0318_.
[WARNING EST-0026] Missing route to pin _1280_/X in net _0318_.
[WARNING EST-0026] Missing route to pin _1880_/A in net _0318_.
[WARNING EST-0026] Missing route to pin _1280_/X in net _0318_.
[WARNING EST-0026] Missing route to pin _1882_/A in net _0320_.
[WARNING EST-0026] Missing route to pin _1282_/X in net _0320_.
[WARNING EST-0026] Missing route to pin _1882_/A in net _0320_.
[WARNING EST-0026] Missing route to pin _1282_/X in net _0320_.
[WARNING EST-0026] Missing route to pin _1882_/A in net _0320_.
[WARNING EST-0026] Missing route to pin _1282_/X in net _0320_.
[WARNING EST-0026] Missing route to pin _1882_/A in net _0320_.
[WARNING EST-0026] Missing route to pin _1282_/X in net _0320_.
[WARNING EST-0026] Missing route to pin _1882_/A in net _0320_.
[WARNING EST-0026] Missing route to pin _1282_/X in net _0320_.
[WARNING EST-0026] Missing route to pin _1882_/A in net _0320_.
[WARNING EST-0026] Missing route to pin _1282_/X in net _0320_.
[WARNING EST-0026] Missing route to pin _1882_/A in net _0320_.
[WARNING EST-0026] Missing route to pin _1282_/X in net _0320_.
[WARNING EST-0026] Missing route to pin _1882_/A in net _0320_.
[WARNING EST-0026] Missing route to pin _1282_/X in net _0320_.
[WARNING EST-0026] Missing route to pin _1882_/A in net _0320_.
[WARNING EST-0026] Missing route to pin _1282_/X in net _0320_.
[WARNING EST-0026] Missing route to pin _1883_/A in net _0321_.
[WARNING EST-0026] Missing route to pin _1283_/X in net _0321_.
[WARNING EST-0026] Missing route to pin _1883_/A in net _0321_.
[WARNING EST-0026] Missing route to pin _1283_/X in net _0321_.
[WARNING EST-0026] Missing route to pin _1883_/A in net _0321_.
[WARNING EST-0026] Missing route to pin _1283_/X in net _0321_.
[WARNING EST-0026] Missing route to pin _1883_/A in net _0321_.
[WARNING EST-0026] Missing route to pin _1283_/X in net _0321_.
[WARNING EST-0026] Missing route to pin _1883_/A in net _0321_.
[WARNING EST-0026] Missing route to pin _1283_/X in net _0321_.
[WARNING EST-0026] Missing route to pin _1883_/A in net _0321_.
[WARNING EST-0026] Missing route to pin _1283_/X in net _0321_.
[WARNING EST-0026] Missing route to pin _1883_/A in net _0321_.
[WARNING EST-0026] Missing route to pin _1283_/X in net _0321_.
[WARNING EST-0026] Missing route to pin _1883_/A in net _0321_.
[WARNING EST-0026] Missing route to pin _1283_/X in net _0321_.
[WARNING EST-0026] Missing route to pin _1883_/A in net _0321_.
[WARNING EST-0026] Missing route to pin _1283_/X in net _0321_.
[WARNING EST-0026] Missing route to pin _1885_/A in net _0323_.
[WARNING EST-0026] Missing route to pin _1285_/X in net _0323_.
[WARNING EST-0026] Missing route to pin _1885_/A in net _0323_.
[WARNING EST-0026] Missing route to pin _1285_/X in net _0323_.
[WARNING EST-0026] Missing route to pin _1885_/A in net _0323_.
[WARNING EST-0026] Missing route to pin _1285_/X in net _0323_.
[WARNING EST-0026] Missing route to pin _1885_/A in net _0323_.
[WARNING EST-0026] Missing route to pin _1285_/X in net _0323_.
[WARNING EST-0026] Missing route to pin _1885_/A in net _0323_.
[WARNING EST-0026] Missing route to pin _1285_/X in net _0323_.
[WARNING EST-0026] Missing route to pin _1885_/A in net _0323_.
[WARNING EST-0026] Missing route to pin _1285_/X in net _0323_.
[WARNING EST-0026] Missing route to pin _1885_/A in net _0323_.
[WARNING EST-0026] Missing route to pin _1285_/X in net _0323_.
[WARNING EST-0026] Missing route to pin _1885_/A in net _0323_.
[WARNING EST-0026] Missing route to pin _1285_/X in net _0323_.
[WARNING EST-0026] Missing route to pin _1885_/A in net _0323_.
[WARNING EST-0026] Missing route to pin _1285_/X in net _0323_.
[WARNING EST-0026] Missing route to pin _1887_/A in net _0325_.
[WARNING EST-0026] Missing route to pin _1287_/X in net _0325_.
[WARNING EST-0026] Missing route to pin _1887_/A in net _0325_.
[WARNING EST-0026] Missing route to pin _1287_/X in net _0325_.
[WARNING EST-0026] Missing route to pin _1887_/A in net _0325_.
[WARNING EST-0026] Missing route to pin _1287_/X in net _0325_.
[WARNING EST-0026] Missing route to pin _1887_/A in net _0325_.
[WARNING EST-0026] Missing route to pin _1287_/X in net _0325_.
[WARNING EST-0026] Missing route to pin _1887_/A in net _0325_.
[WARNING EST-0026] Missing route to pin _1287_/X in net _0325_.
[WARNING EST-0026] Missing route to pin _1887_/A in net _0325_.
[WARNING EST-0026] Missing route to pin _1287_/X in net _0325_.
[WARNING EST-0026] Missing route to pin _1887_/A in net _0325_.
[WARNING EST-0026] Missing route to pin _1287_/X in net _0325_.
[WARNING EST-0026] Missing route to pin _1887_/A in net _0325_.
[WARNING EST-0026] Missing route to pin _1287_/X in net _0325_.
[WARNING EST-0026] Missing route to pin _1887_/A in net _0325_.
[WARNING EST-0026] Missing route to pin _1287_/X in net _0325_.
[WARNING EST-0026] Missing route to pin _1889_/A in net _0327_.
[WARNING EST-0026] Missing route to pin _1289_/X in net _0327_.
[WARNING EST-0026] Missing route to pin _1889_/A in net _0327_.
[WARNING EST-0026] Missing route to pin _1289_/X in net _0327_.
[WARNING EST-0026] Missing route to pin _1889_/A in net _0327_.
[WARNING EST-0026] Missing route to pin _1289_/X in net _0327_.
[WARNING EST-0026] Missing route to pin _1889_/A in net _0327_.
[WARNING EST-0026] Missing route to pin _1289_/X in net _0327_.
[WARNING EST-0026] Missing route to pin _1889_/A in net _0327_.
[WARNING EST-0026] Missing route to pin _1289_/X in net _0327_.
[WARNING EST-0026] Missing route to pin _1889_/A in net _0327_.
[WARNING EST-0026] Missing route to pin _1289_/X in net _0327_.
[WARNING EST-0026] Missing route to pin _1889_/A in net _0327_.
[WARNING EST-0026] Missing route to pin _1289_/X in net _0327_.
[WARNING EST-0026] Missing route to pin _1889_/A in net _0327_.
[WARNING EST-0026] Missing route to pin _1289_/X in net _0327_.
[WARNING EST-0026] Missing route to pin _1889_/A in net _0327_.
[WARNING EST-0026] Missing route to pin _1289_/X in net _0327_.
[WARNING EST-0026] Missing route to pin _1891_/A in net _0329_.
[WARNING EST-0026] Missing route to pin _1291_/X in net _0329_.
[WARNING EST-0026] Missing route to pin _1891_/A in net _0329_.
[WARNING EST-0026] Missing route to pin _1291_/X in net _0329_.
[WARNING EST-0026] Missing route to pin _1891_/A in net _0329_.
[WARNING EST-0026] Missing route to pin _1291_/X in net _0329_.
[WARNING EST-0026] Missing route to pin _1891_/A in net _0329_.
[WARNING EST-0026] Missing route to pin _1291_/X in net _0329_.
[WARNING EST-0026] Missing route to pin _1891_/A in net _0329_.
[WARNING EST-0026] Missing route to pin _1291_/X in net _0329_.
[WARNING EST-0026] Missing route to pin _1891_/A in net _0329_.
[WARNING EST-0026] Missing route to pin _1291_/X in net _0329_.
[WARNING EST-0026] Missing route to pin _1891_/A in net _0329_.
[WARNING EST-0026] Missing route to pin _1291_/X in net _0329_.
[WARNING EST-0026] Missing route to pin _1891_/A in net _0329_.
[WARNING EST-0026] Missing route to pin _1291_/X in net _0329_.
[WARNING EST-0026] Missing route to pin _1891_/A in net _0329_.
[WARNING EST-0026] Missing route to pin _1291_/X in net _0329_.
[WARNING EST-0026] Missing route to pin _1892_/A in net _0330_.
[WARNING EST-0026] Missing route to pin _1292_/X in net _0330_.
[WARNING EST-0026] Missing route to pin _1892_/A in net _0330_.
[WARNING EST-0026] Missing route to pin _1292_/X in net _0330_.
[WARNING EST-0026] Missing route to pin _1892_/A in net _0330_.
[WARNING EST-0026] Missing route to pin _1292_/X in net _0330_.
[WARNING EST-0026] Missing route to pin _1892_/A in net _0330_.
[WARNING EST-0026] Missing route to pin _1292_/X in net _0330_.
[WARNING EST-0026] Missing route to pin _1892_/A in net _0330_.
[WARNING EST-0026] Missing route to pin _1292_/X in net _0330_.
[WARNING EST-0026] Missing route to pin _1892_/A in net _0330_.
[WARNING EST-0026] Missing route to pin _1292_/X in net _0330_.
[WARNING EST-0026] Missing route to pin _1892_/A in net _0330_.
[WARNING EST-0026] Missing route to pin _1292_/X in net _0330_.
[WARNING EST-0026] Missing route to pin _1892_/A in net _0330_.
[WARNING EST-0026] Missing route to pin _1292_/X in net _0330_.
[WARNING EST-0026] Missing route to pin _1892_/A in net _0330_.
[WARNING EST-0026] Missing route to pin _1292_/X in net _0330_.
[WARNING EST-0026] Missing route to pin _1896_/A in net _0334_.
[WARNING EST-0026] Missing route to pin _1296_/X in net _0334_.
[WARNING EST-0026] Missing route to pin _1896_/A in net _0334_.
[WARNING EST-0026] Missing route to pin _1296_/X in net _0334_.
[WARNING EST-0026] Missing route to pin _1896_/A in net _0334_.
[WARNING EST-0026] Missing route to pin _1296_/X in net _0334_.
[WARNING EST-0026] Missing route to pin _1896_/A in net _0334_.
[WARNING EST-0026] Missing route to pin _1296_/X in net _0334_.
[WARNING EST-0026] Missing route to pin _1896_/A in net _0334_.
[WARNING EST-0026] Missing route to pin _1296_/X in net _0334_.
[WARNING EST-0026] Missing route to pin _1896_/A in net _0334_.
[WARNING EST-0026] Missing route to pin _1296_/X in net _0334_.
[WARNING EST-0026] Missing route to pin _1896_/A in net _0334_.
[WARNING EST-0026] Missing route to pin _1296_/X in net _0334_.
[WARNING EST-0026] Missing route to pin _1896_/A in net _0334_.
[WARNING EST-0026] Missing route to pin _1296_/X in net _0334_.
[WARNING EST-0026] Missing route to pin _1896_/A in net _0334_.
[WARNING EST-0026] Missing route to pin _1296_/X in net _0334_.
[WARNING EST-0026] Missing route to pin _1898_/A in net _0336_.
[WARNING EST-0026] Missing route to pin _1298_/X in net _0336_.
[WARNING EST-0026] Missing route to pin _1898_/A in net _0336_.
[WARNING EST-0026] Missing route to pin _1298_/X in net _0336_.
[WARNING EST-0026] Missing route to pin _1898_/A in net _0336_.
[WARNING EST-0026] Missing route to pin _1298_/X in net _0336_.
[WARNING EST-0026] Missing route to pin _1898_/A in net _0336_.
[WARNING EST-0026] Missing route to pin _1298_/X in net _0336_.
[WARNING EST-0026] Missing route to pin _1898_/A in net _0336_.
[WARNING EST-0026] Missing route to pin _1298_/X in net _0336_.
[WARNING EST-0026] Missing route to pin _1898_/A in net _0336_.
[WARNING EST-0026] Missing route to pin _1298_/X in net _0336_.
[WARNING EST-0026] Missing route to pin _1898_/A in net _0336_.
[WARNING EST-0026] Missing route to pin _1298_/X in net _0336_.
[WARNING EST-0026] Missing route to pin _1898_/A in net _0336_.
[WARNING EST-0026] Missing route to pin _1298_/X in net _0336_.
[WARNING EST-0026] Missing route to pin _1898_/A in net _0336_.
[WARNING EST-0026] Missing route to pin _1298_/X in net _0336_.
[WARNING EST-0026] Missing route to pin _1900_/A in net _0338_.
[WARNING EST-0026] Missing route to pin _1300_/X in net _0338_.
[WARNING EST-0026] Missing route to pin _1900_/A in net _0338_.
[WARNING EST-0026] Missing route to pin _1300_/X in net _0338_.
[WARNING EST-0026] Missing route to pin _1900_/A in net _0338_.
[WARNING EST-0026] Missing route to pin _1300_/X in net _0338_.
[WARNING EST-0026] Missing route to pin _1900_/A in net _0338_.
[WARNING EST-0026] Missing route to pin _1300_/X in net _0338_.
[WARNING EST-0026] Missing route to pin _1900_/A in net _0338_.
[WARNING EST-0026] Missing route to pin _1300_/X in net _0338_.
[WARNING EST-0026] Missing route to pin _1900_/A in net _0338_.
[WARNING EST-0026] Missing route to pin _1300_/X in net _0338_.
[WARNING EST-0026] Missing route to pin _1900_/A in net _0338_.
[WARNING EST-0026] Missing route to pin _1300_/X in net _0338_.
[WARNING EST-0026] Missing route to pin _1900_/A in net _0338_.
[WARNING EST-0026] Missing route to pin _1300_/X in net _0338_.
[WARNING EST-0026] Missing route to pin _1900_/A in net _0338_.
[WARNING EST-0026] Missing route to pin _1300_/X in net _0338_.
[WARNING EST-0026] Missing route to pin _1901_/A in net _0339_.
[WARNING EST-0026] Missing route to pin _1301_/X in net _0339_.
[WARNING EST-0026] Missing route to pin _1901_/A in net _0339_.
[WARNING EST-0026] Missing route to pin _1301_/X in net _0339_.
[WARNING EST-0026] Missing route to pin _1901_/A in net _0339_.
[WARNING EST-0026] Missing route to pin _1301_/X in net _0339_.
[WARNING EST-0026] Missing route to pin _1901_/A in net _0339_.
[WARNING EST-0026] Missing route to pin _1301_/X in net _0339_.
[WARNING EST-0026] Missing route to pin _1901_/A in net _0339_.
[WARNING EST-0026] Missing route to pin _1301_/X in net _0339_.
[WARNING EST-0026] Missing route to pin _1901_/A in net _0339_.
[WARNING EST-0026] Missing route to pin _1301_/X in net _0339_.
[WARNING EST-0026] Missing route to pin _1901_/A in net _0339_.
[WARNING EST-0026] Missing route to pin _1301_/X in net _0339_.
[WARNING EST-0026] Missing route to pin _1901_/A in net _0339_.
[WARNING EST-0026] Missing route to pin _1301_/X in net _0339_.
[WARNING EST-0026] Missing route to pin _1901_/A in net _0339_.
[WARNING EST-0026] Missing route to pin _1301_/X in net _0339_.
[WARNING EST-0026] Missing route to pin _1906_/A in net _0344_.
[WARNING EST-0026] Missing route to pin _1306_/X in net _0344_.
[WARNING EST-0026] Missing route to pin _1906_/A in net _0344_.
[WARNING EST-0026] Missing route to pin _1306_/X in net _0344_.
[WARNING EST-0026] Missing route to pin _1906_/A in net _0344_.
[WARNING EST-0026] Missing route to pin _1306_/X in net _0344_.
[WARNING EST-0026] Missing route to pin _1906_/A in net _0344_.
[WARNING EST-0026] Missing route to pin _1306_/X in net _0344_.
[WARNING EST-0026] Missing route to pin _1906_/A in net _0344_.
[WARNING EST-0026] Missing route to pin _1306_/X in net _0344_.
[WARNING EST-0026] Missing route to pin _1906_/A in net _0344_.
[WARNING EST-0026] Missing route to pin _1306_/X in net _0344_.
[WARNING EST-0026] Missing route to pin _1906_/A in net _0344_.
[WARNING EST-0026] Missing route to pin _1306_/X in net _0344_.
[WARNING EST-0026] Missing route to pin _1906_/A in net _0344_.
[WARNING EST-0026] Missing route to pin _1306_/X in net _0344_.
[WARNING EST-0026] Missing route to pin _1906_/A in net _0344_.
[WARNING EST-0026] Missing route to pin _1306_/X in net _0344_.
[WARNING EST-0026] Missing route to pin _1908_/A in net _0346_.
[WARNING EST-0026] Missing route to pin _1308_/X in net _0346_.
[WARNING EST-0026] Missing route to pin _1908_/A in net _0346_.
[WARNING EST-0026] Missing route to pin _1308_/X in net _0346_.
[WARNING EST-0026] Missing route to pin _1908_/A in net _0346_.
[WARNING EST-0026] Missing route to pin _1308_/X in net _0346_.
[WARNING EST-0026] Missing route to pin _1908_/A in net _0346_.
[WARNING EST-0026] Missing route to pin _1308_/X in net _0346_.
[WARNING EST-0026] Missing route to pin _1908_/A in net _0346_.
[WARNING EST-0026] Missing route to pin _1308_/X in net _0346_.
[WARNING EST-0026] Missing route to pin _1908_/A in net _0346_.
[WARNING EST-0026] Missing route to pin _1308_/X in net _0346_.
[WARNING EST-0026] Missing route to pin _1908_/A in net _0346_.
[WARNING EST-0026] Missing route to pin _1308_/X in net _0346_.
[WARNING EST-0026] Missing route to pin _1908_/A in net _0346_.
[WARNING EST-0026] Missing route to pin _1308_/X in net _0346_.
[WARNING EST-0026] Missing route to pin _1908_/A in net _0346_.
[WARNING EST-0026] Missing route to pin _1308_/X in net _0346_.
[WARNING EST-0026] Missing route to pin _1909_/A in net _0347_.
[WARNING EST-0026] Missing route to pin _1309_/X in net _0347_.
[WARNING EST-0026] Missing route to pin _1909_/A in net _0347_.
[WARNING EST-0026] Missing route to pin _1309_/X in net _0347_.
[WARNING EST-0026] Missing route to pin _1909_/A in net _0347_.
[WARNING EST-0026] Missing route to pin _1309_/X in net _0347_.
[WARNING EST-0026] Missing route to pin _1909_/A in net _0347_.
[WARNING EST-0026] Missing route to pin _1309_/X in net _0347_.
[WARNING EST-0026] Missing route to pin _1909_/A in net _0347_.
[WARNING EST-0026] Missing route to pin _1309_/X in net _0347_.
[WARNING EST-0026] Missing route to pin _1909_/A in net _0347_.
[WARNING EST-0026] Missing route to pin _1309_/X in net _0347_.
[WARNING EST-0026] Missing route to pin _1909_/A in net _0347_.
[WARNING EST-0026] Missing route to pin _1309_/X in net _0347_.
[WARNING EST-0026] Missing route to pin _1909_/A in net _0347_.
[WARNING EST-0026] Missing route to pin _1309_/X in net _0347_.
[WARNING EST-0026] Missing route to pin _1909_/A in net _0347_.
[WARNING EST-0026] Missing route to pin _1309_/X in net _0347_.
[WARNING EST-0026] Missing route to pin _1913_/A in net _0351_.
[WARNING EST-0026] Missing route to pin _1313_/X in net _0351_.
[WARNING EST-0026] Missing route to pin _1913_/A in net _0351_.
[WARNING EST-0026] Missing route to pin _1313_/X in net _0351_.
[WARNING EST-0026] Missing route to pin _1913_/A in net _0351_.
[WARNING EST-0026] Missing route to pin _1313_/X in net _0351_.
[WARNING EST-0026] Missing route to pin _1913_/A in net _0351_.
[WARNING EST-0026] Missing route to pin _1313_/X in net _0351_.
[WARNING EST-0026] Missing route to pin _1913_/A in net _0351_.
[WARNING EST-0026] Missing route to pin _1313_/X in net _0351_.
[WARNING EST-0026] Missing route to pin _1913_/A in net _0351_.
[WARNING EST-0026] Missing route to pin _1313_/X in net _0351_.
[WARNING EST-0026] Missing route to pin _1913_/A in net _0351_.
[WARNING EST-0026] Missing route to pin _1313_/X in net _0351_.
[WARNING EST-0026] Missing route to pin _1913_/A in net _0351_.
[WARNING EST-0026] Missing route to pin _1313_/X in net _0351_.
[WARNING EST-0026] Missing route to pin _1913_/A in net _0351_.
[WARNING EST-0026] Missing route to pin _1313_/X in net _0351_.
[WARNING EST-0026] Missing route to pin _1915_/A in net _0353_.
[WARNING EST-0026] Missing route to pin _1315_/X in net _0353_.
[WARNING EST-0026] Missing route to pin _1915_/A in net _0353_.
[WARNING EST-0026] Missing route to pin _1315_/X in net _0353_.
[WARNING EST-0026] Missing route to pin _1915_/A in net _0353_.
[WARNING EST-0026] Missing route to pin _1315_/X in net _0353_.
[WARNING EST-0026] Missing route to pin _1915_/A in net _0353_.
[WARNING EST-0026] Missing route to pin _1315_/X in net _0353_.
[WARNING EST-0026] Missing route to pin _1915_/A in net _0353_.
[WARNING EST-0026] Missing route to pin _1315_/X in net _0353_.
[WARNING EST-0026] Missing route to pin _1915_/A in net _0353_.
[WARNING EST-0026] Missing route to pin _1315_/X in net _0353_.
[WARNING EST-0026] Missing route to pin _1915_/A in net _0353_.
[WARNING EST-0026] Missing route to pin _1315_/X in net _0353_.
[WARNING EST-0026] Missing route to pin _1915_/A in net _0353_.
[WARNING EST-0026] Missing route to pin _1315_/X in net _0353_.
[WARNING EST-0026] Missing route to pin _1915_/A in net _0353_.
[WARNING EST-0026] Missing route to pin _1315_/X in net _0353_.
[WARNING EST-0026] Missing route to pin _1917_/A in net _0355_.
[WARNING EST-0026] Missing route to pin _1317_/X in net _0355_.
[WARNING EST-0026] Missing route to pin _1917_/A in net _0355_.
[WARNING EST-0026] Missing route to pin _1317_/X in net _0355_.
[WARNING EST-0026] Missing route to pin _1917_/A in net _0355_.
[WARNING EST-0026] Missing route to pin _1317_/X in net _0355_.
[WARNING EST-0026] Missing route to pin _1917_/A in net _0355_.
[WARNING EST-0026] Missing route to pin _1317_/X in net _0355_.
[WARNING EST-0026] Missing route to pin _1917_/A in net _0355_.
[WARNING EST-0026] Missing route to pin _1317_/X in net _0355_.
[WARNING EST-0026] Missing route to pin _1917_/A in net _0355_.
[WARNING EST-0026] Missing route to pin _1317_/X in net _0355_.
[WARNING EST-0026] Missing route to pin _1917_/A in net _0355_.
[WARNING EST-0026] Missing route to pin _1317_/X in net _0355_.
[WARNING EST-0026] Missing route to pin _1917_/A in net _0355_.
[WARNING EST-0026] Missing route to pin _1317_/X in net _0355_.
[WARNING EST-0026] Missing route to pin _1917_/A in net _0355_.
[WARNING EST-0026] Missing route to pin _1317_/X in net _0355_.
[WARNING EST-0026] Missing route to pin _1918_/A in net _0356_.
[WARNING EST-0026] Missing route to pin _1318_/X in net _0356_.
[WARNING EST-0026] Missing route to pin _1918_/A in net _0356_.
[WARNING EST-0026] Missing route to pin _1318_/X in net _0356_.
[WARNING EST-0026] Missing route to pin _1918_/A in net _0356_.
[WARNING EST-0026] Missing route to pin _1318_/X in net _0356_.
[WARNING EST-0026] Missing route to pin _1918_/A in net _0356_.
[WARNING EST-0026] Missing route to pin _1318_/X in net _0356_.
[WARNING EST-0026] Missing route to pin _1918_/A in net _0356_.
[WARNING EST-0026] Missing route to pin _1318_/X in net _0356_.
[WARNING EST-0026] Missing route to pin _1918_/A in net _0356_.
[WARNING EST-0026] Missing route to pin _1318_/X in net _0356_.
[WARNING EST-0026] Missing route to pin _1918_/A in net _0356_.
[WARNING EST-0026] Missing route to pin _1318_/X in net _0356_.
[WARNING EST-0026] Missing route to pin _1918_/A in net _0356_.
[WARNING EST-0026] Missing route to pin _1318_/X in net _0356_.
[WARNING EST-0026] Missing route to pin _1918_/A in net _0356_.
[WARNING EST-0026] Missing route to pin _1318_/X in net _0356_.
[WARNING EST-0026] Missing route to pin _1922_/A in net _0360_.
[WARNING EST-0026] Missing route to pin _1322_/X in net _0360_.
[WARNING EST-0026] Missing route to pin _1922_/A in net _0360_.
[WARNING EST-0026] Missing route to pin _1322_/X in net _0360_.
[WARNING EST-0026] Missing route to pin _1922_/A in net _0360_.
[WARNING EST-0026] Missing route to pin _1322_/X in net _0360_.
[WARNING EST-0026] Missing route to pin _1922_/A in net _0360_.
[WARNING EST-0026] Missing route to pin _1322_/X in net _0360_.
[WARNING EST-0026] Missing route to pin _1922_/A in net _0360_.
[WARNING EST-0026] Missing route to pin _1322_/X in net _0360_.
[WARNING EST-0026] Missing route to pin _1922_/A in net _0360_.
[WARNING EST-0026] Missing route to pin _1322_/X in net _0360_.
[WARNING EST-0026] Missing route to pin _1922_/A in net _0360_.
[WARNING EST-0026] Missing route to pin _1322_/X in net _0360_.
[WARNING EST-0026] Missing route to pin _1922_/A in net _0360_.
[WARNING EST-0026] Missing route to pin _1322_/X in net _0360_.
[WARNING EST-0026] Missing route to pin _1922_/A in net _0360_.
[WARNING EST-0026] Missing route to pin _1322_/X in net _0360_.
[WARNING EST-0026] Missing route to pin _1923_/A in net _0361_.
[WARNING EST-0026] Missing route to pin _1323_/X in net _0361_.
[WARNING EST-0026] Missing route to pin _1923_/A in net _0361_.
[WARNING EST-0026] Missing route to pin _1323_/X in net _0361_.
[WARNING EST-0026] Missing route to pin _1923_/A in net _0361_.
[WARNING EST-0026] Missing route to pin _1323_/X in net _0361_.
[WARNING EST-0026] Missing route to pin _1923_/A in net _0361_.
[WARNING EST-0026] Missing route to pin _1323_/X in net _0361_.
[WARNING EST-0026] Missing route to pin _1923_/A in net _0361_.
[WARNING EST-0026] Missing route to pin _1323_/X in net _0361_.
[WARNING EST-0026] Missing route to pin _1923_/A in net _0361_.
[WARNING EST-0026] Missing route to pin _1323_/X in net _0361_.
[WARNING EST-0026] Missing route to pin _1923_/A in net _0361_.
[WARNING EST-0026] Missing route to pin _1323_/X in net _0361_.
[WARNING EST-0026] Missing route to pin _1923_/A in net _0361_.
[WARNING EST-0026] Missing route to pin _1323_/X in net _0361_.
[WARNING EST-0026] Missing route to pin _1923_/A in net _0361_.
[WARNING EST-0026] Missing route to pin _1323_/X in net _0361_.
[WARNING EST-0026] Missing route to pin _1924_/A in net _0362_.
[WARNING EST-0026] Missing route to pin _1324_/X in net _0362_.
[WARNING EST-0026] Missing route to pin _1924_/A in net _0362_.
[WARNING EST-0026] Missing route to pin _1324_/X in net _0362_.
[WARNING EST-0026] Missing route to pin _1924_/A in net _0362_.
[WARNING EST-0026] Missing route to pin _1324_/X in net _0362_.
[WARNING EST-0026] Missing route to pin _1924_/A in net _0362_.
[WARNING EST-0026] Missing route to pin _1324_/X in net _0362_.
[WARNING EST-0026] Missing route to pin _1924_/A in net _0362_.
[WARNING EST-0026] Missing route to pin _1324_/X in net _0362_.
[WARNING EST-0026] Missing route to pin _1924_/A in net _0362_.
[WARNING EST-0026] Missing route to pin _1324_/X in net _0362_.
[WARNING EST-0026] Missing route to pin _1924_/A in net _0362_.
[WARNING EST-0026] Missing route to pin _1324_/X in net _0362_.
[WARNING EST-0026] Missing route to pin _1924_/A in net _0362_.
[WARNING EST-0026] Missing route to pin _1324_/X in net _0362_.
[WARNING EST-0026] Missing route to pin _1924_/A in net _0362_.
[WARNING EST-0026] Missing route to pin _1324_/X in net _0362_.
[WARNING EST-0026] Missing route to pin _1926_/A in net _0364_.
[WARNING EST-0026] Missing route to pin _1326_/X in net _0364_.
[WARNING EST-0026] Missing route to pin _1926_/A in net _0364_.
[WARNING EST-0026] Missing route to pin _1326_/X in net _0364_.
[WARNING EST-0026] Missing route to pin _1926_/A in net _0364_.
[WARNING EST-0026] Missing route to pin _1326_/X in net _0364_.
[WARNING EST-0026] Missing route to pin _1926_/A in net _0364_.
[WARNING EST-0026] Missing route to pin _1326_/X in net _0364_.
[WARNING EST-0026] Missing route to pin _1926_/A in net _0364_.
[WARNING EST-0026] Missing route to pin _1326_/X in net _0364_.
[WARNING EST-0026] Missing route to pin _1926_/A in net _0364_.
[WARNING EST-0026] Missing route to pin _1326_/X in net _0364_.
[WARNING EST-0026] Missing route to pin _1926_/A in net _0364_.
[WARNING EST-0026] Missing route to pin _1326_/X in net _0364_.
[WARNING EST-0026] Missing route to pin _1926_/A in net _0364_.
[WARNING EST-0026] Missing route to pin _1326_/X in net _0364_.
[WARNING EST-0026] Missing route to pin _1926_/A in net _0364_.
[WARNING EST-0026] Missing route to pin _1326_/X in net _0364_.
[WARNING EST-0026] Missing route to pin _1929_/A in net _0367_.
[WARNING EST-0026] Missing route to pin _1329_/X in net _0367_.
[WARNING EST-0026] Missing route to pin _1929_/A in net _0367_.
[WARNING EST-0026] Missing route to pin _1329_/X in net _0367_.
[WARNING EST-0026] Missing route to pin _1929_/A in net _0367_.
[WARNING EST-0026] Missing route to pin _1329_/X in net _0367_.
[WARNING EST-0026] Missing route to pin _1929_/A in net _0367_.
[WARNING EST-0026] Missing route to pin _1329_/X in net _0367_.
[WARNING EST-0026] Missing route to pin _1929_/A in net _0367_.
[WARNING EST-0026] Missing route to pin _1329_/X in net _0367_.
[WARNING EST-0026] Missing route to pin _1929_/A in net _0367_.
[WARNING EST-0026] Missing route to pin _1329_/X in net _0367_.
[WARNING EST-0026] Missing route to pin _1929_/A in net _0367_.
[WARNING EST-0026] Missing route to pin _1329_/X in net _0367_.
[WARNING EST-0026] Missing route to pin _1929_/A in net _0367_.
[WARNING EST-0026] Missing route to pin _1329_/X in net _0367_.
[WARNING EST-0026] Missing route to pin _1929_/A in net _0367_.
[WARNING EST-0026] Missing route to pin _1329_/X in net _0367_.
[WARNING EST-0026] Missing route to pin _1932_/A in net _0370_.
[WARNING EST-0026] Missing route to pin _1332_/X in net _0370_.
[WARNING EST-0026] Missing route to pin _1932_/A in net _0370_.
[WARNING EST-0026] Missing route to pin _1332_/X in net _0370_.
[WARNING EST-0026] Missing route to pin _1932_/A in net _0370_.
[WARNING EST-0026] Missing route to pin _1332_/X in net _0370_.
[WARNING EST-0026] Missing route to pin _1932_/A in net _0370_.
[WARNING EST-0026] Missing route to pin _1332_/X in net _0370_.
[WARNING EST-0026] Missing route to pin _1932_/A in net _0370_.
[WARNING EST-0026] Missing route to pin _1332_/X in net _0370_.
[WARNING EST-0026] Missing route to pin _1932_/A in net _0370_.
[WARNING EST-0026] Missing route to pin _1332_/X in net _0370_.
[WARNING EST-0026] Missing route to pin _1932_/A in net _0370_.
[WARNING EST-0026] Missing route to pin _1332_/X in net _0370_.
[WARNING EST-0026] Missing route to pin _1932_/A in net _0370_.
[WARNING EST-0026] Missing route to pin _1332_/X in net _0370_.
[WARNING EST-0026] Missing route to pin _1932_/A in net _0370_.
[WARNING EST-0026] Missing route to pin _1332_/X in net _0370_.
[WARNING EST-0026] Missing route to pin _1936_/A in net _0374_.
[WARNING EST-0026] Missing route to pin _1336_/X in net _0374_.
[WARNING EST-0026] Missing route to pin _1936_/A in net _0374_.
[WARNING EST-0026] Missing route to pin _1336_/X in net _0374_.
[WARNING EST-0026] Missing route to pin _1936_/A in net _0374_.
[WARNING EST-0026] Missing route to pin _1336_/X in net _0374_.
[WARNING EST-0026] Missing route to pin _1936_/A in net _0374_.
[WARNING EST-0026] Missing route to pin _1336_/X in net _0374_.
[WARNING EST-0026] Missing route to pin _1936_/A in net _0374_.
[WARNING EST-0026] Missing route to pin _1336_/X in net _0374_.
[WARNING EST-0026] Missing route to pin _1936_/A in net _0374_.
[WARNING EST-0026] Missing route to pin _1336_/X in net _0374_.
[WARNING EST-0026] Missing route to pin _1936_/A in net _0374_.
[WARNING EST-0026] Missing route to pin _1336_/X in net _0374_.
[WARNING EST-0026] Missing route to pin _1936_/A in net _0374_.
[WARNING EST-0026] Missing route to pin _1336_/X in net _0374_.
[WARNING EST-0026] Missing route to pin _1936_/A in net _0374_.
[WARNING EST-0026] Missing route to pin _1336_/X in net _0374_.
[WARNING EST-0026] Missing route to pin _1937_/A in net _0375_.
[WARNING EST-0026] Missing route to pin _1337_/X in net _0375_.
[WARNING EST-0026] Missing route to pin _1937_/A in net _0375_.
[WARNING EST-0026] Missing route to pin _1337_/X in net _0375_.
[WARNING EST-0026] Missing route to pin _1937_/A in net _0375_.
[WARNING EST-0026] Missing route to pin _1337_/X in net _0375_.
[WARNING EST-0026] Missing route to pin _1937_/A in net _0375_.
[WARNING EST-0026] Missing route to pin _1337_/X in net _0375_.
[WARNING EST-0026] Missing route to pin _1937_/A in net _0375_.
[WARNING EST-0026] Missing route to pin _1337_/X in net _0375_.
[WARNING EST-0026] Missing route to pin _1937_/A in net _0375_.
[WARNING EST-0026] Missing route to pin _1337_/X in net _0375_.
[WARNING EST-0026] Missing route to pin _1937_/A in net _0375_.
[WARNING EST-0026] Missing route to pin _1337_/X in net _0375_.
[WARNING EST-0026] Missing route to pin _1937_/A in net _0375_.
[WARNING EST-0026] Missing route to pin _1337_/X in net _0375_.
[WARNING EST-0026] Missing route to pin _1937_/A in net _0375_.
[WARNING EST-0026] Missing route to pin _1337_/X in net _0375_.
[WARNING EST-0026] Missing route to pin _1939_/A in net _0377_.
[WARNING EST-0026] Missing route to pin _1339_/X in net _0377_.
[WARNING EST-0026] Missing route to pin _1939_/A in net _0377_.
[WARNING EST-0026] Missing route to pin _1339_/X in net _0377_.
[WARNING EST-0026] Missing route to pin _1939_/A in net _0377_.
[WARNING EST-0026] Missing route to pin _1339_/X in net _0377_.
[WARNING EST-0026] Missing route to pin _1939_/A in net _0377_.
[WARNING EST-0026] Missing route to pin _1339_/X in net _0377_.
[WARNING EST-0026] Missing route to pin _1939_/A in net _0377_.
[WARNING EST-0026] Missing route to pin _1339_/X in net _0377_.
[WARNING EST-0026] Missing route to pin _1939_/A in net _0377_.
[WARNING EST-0026] Missing route to pin _1339_/X in net _0377_.
[WARNING EST-0026] Missing route to pin _1939_/A in net _0377_.
[WARNING EST-0026] Missing route to pin _1339_/X in net _0377_.
[WARNING EST-0026] Missing route to pin _1939_/A in net _0377_.
[WARNING EST-0026] Missing route to pin _1339_/X in net _0377_.
[WARNING EST-0026] Missing route to pin _1939_/A in net _0377_.
[WARNING EST-0026] Missing route to pin _1339_/X in net _0377_.
[WARNING EST-0026] Missing route to pin _1940_/A in net _0378_.
[WARNING EST-0026] Missing route to pin _1340_/X in net _0378_.
[WARNING EST-0026] Missing route to pin _1940_/A in net _0378_.
[WARNING EST-0026] Missing route to pin _1340_/X in net _0378_.
[WARNING EST-0026] Missing route to pin _1940_/A in net _0378_.
[WARNING EST-0026] Missing route to pin _1340_/X in net _0378_.
[WARNING EST-0026] Missing route to pin _1940_/A in net _0378_.
[WARNING EST-0026] Missing route to pin _1340_/X in net _0378_.
[WARNING EST-0026] Missing route to pin _1940_/A in net _0378_.
[WARNING EST-0026] Missing route to pin _1340_/X in net _0378_.
[WARNING EST-0026] Missing route to pin _1940_/A in net _0378_.
[WARNING EST-0026] Missing route to pin _1340_/X in net _0378_.
[WARNING EST-0026] Missing route to pin _1940_/A in net _0378_.
[WARNING EST-0026] Missing route to pin _1340_/X in net _0378_.
[WARNING EST-0026] Missing route to pin _1940_/A in net _0378_.
[WARNING EST-0026] Missing route to pin _1340_/X in net _0378_.
[WARNING EST-0026] Missing route to pin _1940_/A in net _0378_.
[WARNING EST-0026] Missing route to pin _1340_/X in net _0378_.
[WARNING EST-0026] Missing route to pin _1941_/A in net _0379_.
[WARNING EST-0026] Missing route to pin _1341_/X in net _0379_.
[WARNING EST-0026] Missing route to pin _1941_/A in net _0379_.
[WARNING EST-0026] Missing route to pin _1341_/X in net _0379_.
[WARNING EST-0026] Missing route to pin _1941_/A in net _0379_.
[WARNING EST-0026] Missing route to pin _1341_/X in net _0379_.
[WARNING EST-0026] Missing route to pin _1941_/A in net _0379_.
[WARNING EST-0026] Missing route to pin _1341_/X in net _0379_.
[WARNING EST-0026] Missing route to pin _1941_/A in net _0379_.
[WARNING EST-0026] Missing route to pin _1341_/X in net _0379_.
[WARNING EST-0026] Missing route to pin _1941_/A in net _0379_.
[WARNING EST-0026] Missing route to pin _1341_/X in net _0379_.
[WARNING EST-0026] Missing route to pin _1941_/A in net _0379_.
[WARNING EST-0026] Missing route to pin _1341_/X in net _0379_.
[WARNING EST-0026] Missing route to pin _1941_/A in net _0379_.
[WARNING EST-0026] Missing route to pin _1341_/X in net _0379_.
[WARNING EST-0026] Missing route to pin _1941_/A in net _0379_.
[WARNING EST-0026] Missing route to pin _1341_/X in net _0379_.
[WARNING EST-0026] Missing route to pin _1944_/A in net _0382_.
[WARNING EST-0026] Missing route to pin _1344_/X in net _0382_.
[WARNING EST-0026] Missing route to pin _1944_/A in net _0382_.
[WARNING EST-0026] Missing route to pin _1344_/X in net _0382_.
[WARNING EST-0026] Missing route to pin _1944_/A in net _0382_.
[WARNING EST-0026] Missing route to pin _1344_/X in net _0382_.
[WARNING EST-0026] Missing route to pin _1944_/A in net _0382_.
[WARNING EST-0026] Missing route to pin _1344_/X in net _0382_.
[WARNING EST-0026] Missing route to pin _1944_/A in net _0382_.
[WARNING EST-0026] Missing route to pin _1344_/X in net _0382_.
[WARNING EST-0026] message limit (1000) reached. This message will no longer print.
[INFO GRT-0102] Start extra iteration 4/50
[INFO GRT-0197] Via related to pin nodes: 4429
[INFO GRT-0198] Via related Steiner nodes: 78
[INFO GRT-0199] Via filling finished.
[INFO GRT-0111] Final number of vias: 5465
[INFO GRT-0112] Final usage 3D: 21038

[INFO GRT-0096] Final congestion report:
Layer         Resource        Demand        Usage (%)    Max H / Max V / Total Overflow
---------------------------------------------------------------------------------------
li1                  0             0            0.00%             0 /  0 /  0
met1            194309          2342            1.21%             0 /  0 /  0
met2            174885          2151            1.23%             0 /  0 /  0
met3            126260           139            0.11%             0 /  0 /  0
met4             77545            11            0.01%             0 /  0 /  0
met5             17558             0            0.00%             0 /  0 /  0
---------------------------------------------------------------------------------------
Total           590557          4643            0.79%             0 /  0 /  0

[INFO GRT-0018] Total wirelength: 43877 um
[INFO GRT-0014] Routed nets: 1025
[INFO GRT-0303] Global routing runtime = 00:00:01
Setting global connections for newly added cells…
[INFO] Setting global connections...
^.*sram_even_words$ matched with u_top.dataMemory.sram_even_words
^.*sram_odd_words$ matched with u_top.dataMemory.sram_odd_words
[INFO ODB-0403] 8 connections made, 0 conflicts skipped.
Updating metrics…
Cell type report:                       Count       Area
  Macro                                     2  569076.95
  Fill cell                              1526    5727.99
  Tap cell                              11929   14925.56
  Buffer                                  322    1611.55
  Clock buffer                             32     658.13
  Timing Repair Buffer                    112     972.18
  Inverter                                 34     130.12
  Sequential cell                         130    2833.97
  Multi-Input combinational cell          422    3439.55
  Total                                 14509  599376.01
Writing OpenROAD database to '/home/ayesha/Downloads/riscv_mmu_fast_synthesis_project_an/riscv_mmu_fast_synthesis_project/runs/RUN_2026-09-13_10-44-24/44-openroad-resizertimingpostgrt/SoC_Hardened.odb'…
Writing netlist to '/home/ayesha/Downloads/riscv_mmu_fast_synthesis_project_an/riscv_mmu_fast_synthesis_project/runs/RUN_2026-09-13_10-44-24/44-openroad-resizertimingpostgrt/SoC_Hardened.nl.v'…
Writing powered netlist to '/home/ayesha/Downloads/riscv_mmu_fast_synthesis_project_an/riscv_mmu_fast_synthesis_project/runs/RUN_2026-09-13_10-44-24/44-openroad-resizertimingpostgrt/SoC_Hardened.pnl.v'…
Writing layout to '/home/ayesha/Downloads/riscv_mmu_fast_synthesis_project_an/riscv_mmu_fast_synthesis_project/runs/RUN_2026-09-13_10-44-24/44-openroad-resizertimingpostgrt/SoC_Hardened.def'…
Writing timing constraints to '/home/ayesha/Downloads/riscv_mmu_fast_synthesis_project_an/riscv_mmu_fast_synthesis_project/runs/RUN_2026-09-13_10-44-24/44-openroad-resizertimingpostgrt/SoC_Hardened.sdc'…
