Reading timing models for corner max_tt_025C_1v80…
Reading timing library for the 'max_tt_025C_1v80' corner at '/home/ayesha/.ciel/ciel/sky130/versions/8afc8346a57fe1ab7934ba5a6056ea8b43078e71/sky130A/libs.ref/sky130_fd_sc_hd/lib/sky130_fd_sc_hd__tt_025C_1v80.lib'…
Reading timing library for the 'max_tt_025C_1v80' corner at '/home/ayesha/.ciel/ciel/sky130/versions/8afc8346a57fe1ab7934ba5a6056ea8b43078e71/sky130A/libs.ref/sky130_sram_macros/lib/sky130_sram_2kbyte_1rw1r_32x512_8_TT_1p8V_25C.lib'…
Reading timing models for corner min_ss_100C_1v60…
Reading timing library for the 'min_ss_100C_1v60' corner at '/home/ayesha/.ciel/ciel/sky130/versions/8afc8346a57fe1ab7934ba5a6056ea8b43078e71/sky130A/libs.ref/sky130_fd_sc_hd/lib/sky130_fd_sc_hd__ss_100C_1v60.lib'…
Reading timing library for the 'min_ss_100C_1v60' corner at '/home/ayesha/.ciel/ciel/sky130/versions/8afc8346a57fe1ab7934ba5a6056ea8b43078e71/sky130A/libs.ref/sky130_sram_macros/lib/sky130_sram_2kbyte_1rw1r_32x512_8_TT_1p8V_25C.lib'…
[WARNING STA-1140] /home/ayesha/.ciel/ciel/sky130/versions/8afc8346a57fe1ab7934ba5a6056ea8b43078e71/sky130A/libs.ref/sky130_sram_macros/lib/sky130_sram_2kbyte_1rw1r_32x512_8_TT_1p8V_25C.lib line 1, library sky130_sram_2kbyte_1rw1r_32x512_8_TT_1p8V_25C_lib already exists.
Reading timing models for corner nom_tt_025C_1v80…
Reading timing library for the 'nom_tt_025C_1v80' corner at '/home/ayesha/.ciel/ciel/sky130/versions/8afc8346a57fe1ab7934ba5a6056ea8b43078e71/sky130A/libs.ref/sky130_fd_sc_hd/lib/sky130_fd_sc_hd__tt_025C_1v80.lib'…
[WARNING STA-1140] /home/ayesha/.ciel/ciel/sky130/versions/8afc8346a57fe1ab7934ba5a6056ea8b43078e71/sky130A/libs.ref/sky130_fd_sc_hd/lib/sky130_fd_sc_hd__tt_025C_1v80.lib line 1, library sky130_fd_sc_hd__tt_025C_1v80 already exists.
Reading timing library for the 'nom_tt_025C_1v80' corner at '/home/ayesha/.ciel/ciel/sky130/versions/8afc8346a57fe1ab7934ba5a6056ea8b43078e71/sky130A/libs.ref/sky130_sram_macros/lib/sky130_sram_2kbyte_1rw1r_32x512_8_TT_1p8V_25C.lib'…
[WARNING STA-1140] /home/ayesha/.ciel/ciel/sky130/versions/8afc8346a57fe1ab7934ba5a6056ea8b43078e71/sky130A/libs.ref/sky130_sram_macros/lib/sky130_sram_2kbyte_1rw1r_32x512_8_TT_1p8V_25C.lib line 1, library sky130_sram_2kbyte_1rw1r_32x512_8_TT_1p8V_25C_lib already exists.
Reading timing models for corner max_ff_n40C_1v95…
Reading timing library for the 'max_ff_n40C_1v95' corner at '/home/ayesha/.ciel/ciel/sky130/versions/8afc8346a57fe1ab7934ba5a6056ea8b43078e71/sky130A/libs.ref/sky130_fd_sc_hd/lib/sky130_fd_sc_hd__ff_n40C_1v95.lib'…
Reading timing library for the 'max_ff_n40C_1v95' corner at '/home/ayesha/.ciel/ciel/sky130/versions/8afc8346a57fe1ab7934ba5a6056ea8b43078e71/sky130A/libs.ref/sky130_sram_macros/lib/sky130_sram_2kbyte_1rw1r_32x512_8_TT_1p8V_25C.lib'…
[WARNING STA-1140] /home/ayesha/.ciel/ciel/sky130/versions/8afc8346a57fe1ab7934ba5a6056ea8b43078e71/sky130A/libs.ref/sky130_sram_macros/lib/sky130_sram_2kbyte_1rw1r_32x512_8_TT_1p8V_25C.lib line 1, library sky130_sram_2kbyte_1rw1r_32x512_8_TT_1p8V_25C_lib already exists.
Reading timing models for corner nom_ff_n40C_1v95…
Reading timing library for the 'nom_ff_n40C_1v95' corner at '/home/ayesha/.ciel/ciel/sky130/versions/8afc8346a57fe1ab7934ba5a6056ea8b43078e71/sky130A/libs.ref/sky130_fd_sc_hd/lib/sky130_fd_sc_hd__ff_n40C_1v95.lib'…
[WARNING STA-1140] /home/ayesha/.ciel/ciel/sky130/versions/8afc8346a57fe1ab7934ba5a6056ea8b43078e71/sky130A/libs.ref/sky130_fd_sc_hd/lib/sky130_fd_sc_hd__ff_n40C_1v95.lib line 1, library sky130_fd_sc_hd__ff_n40C_1v95 already exists.
Reading timing library for the 'nom_ff_n40C_1v95' corner at '/home/ayesha/.ciel/ciel/sky130/versions/8afc8346a57fe1ab7934ba5a6056ea8b43078e71/sky130A/libs.ref/sky130_sram_macros/lib/sky130_sram_2kbyte_1rw1r_32x512_8_TT_1p8V_25C.lib'…
[WARNING STA-1140] /home/ayesha/.ciel/ciel/sky130/versions/8afc8346a57fe1ab7934ba5a6056ea8b43078e71/sky130A/libs.ref/sky130_sram_macros/lib/sky130_sram_2kbyte_1rw1r_32x512_8_TT_1p8V_25C.lib line 1, library sky130_sram_2kbyte_1rw1r_32x512_8_TT_1p8V_25C_lib already exists.
Reading timing models for corner max_ss_100C_1v60…
Reading timing library for the 'max_ss_100C_1v60' corner at '/home/ayesha/.ciel/ciel/sky130/versions/8afc8346a57fe1ab7934ba5a6056ea8b43078e71/sky130A/libs.ref/sky130_fd_sc_hd/lib/sky130_fd_sc_hd__ss_100C_1v60.lib'…
[WARNING STA-1140] /home/ayesha/.ciel/ciel/sky130/versions/8afc8346a57fe1ab7934ba5a6056ea8b43078e71/sky130A/libs.ref/sky130_fd_sc_hd/lib/sky130_fd_sc_hd__ss_100C_1v60.lib line 1, library sky130_fd_sc_hd__ss_100C_1v60 already exists.
Reading timing library for the 'max_ss_100C_1v60' corner at '/home/ayesha/.ciel/ciel/sky130/versions/8afc8346a57fe1ab7934ba5a6056ea8b43078e71/sky130A/libs.ref/sky130_sram_macros/lib/sky130_sram_2kbyte_1rw1r_32x512_8_TT_1p8V_25C.lib'…
[WARNING STA-1140] /home/ayesha/.ciel/ciel/sky130/versions/8afc8346a57fe1ab7934ba5a6056ea8b43078e71/sky130A/libs.ref/sky130_sram_macros/lib/sky130_sram_2kbyte_1rw1r_32x512_8_TT_1p8V_25C.lib line 1, library sky130_sram_2kbyte_1rw1r_32x512_8_TT_1p8V_25C_lib already exists.
Reading timing models for corner min_tt_025C_1v80…
Reading timing library for the 'min_tt_025C_1v80' corner at '/home/ayesha/.ciel/ciel/sky130/versions/8afc8346a57fe1ab7934ba5a6056ea8b43078e71/sky130A/libs.ref/sky130_fd_sc_hd/lib/sky130_fd_sc_hd__tt_025C_1v80.lib'…
[WARNING STA-1140] /home/ayesha/.ciel/ciel/sky130/versions/8afc8346a57fe1ab7934ba5a6056ea8b43078e71/sky130A/libs.ref/sky130_fd_sc_hd/lib/sky130_fd_sc_hd__tt_025C_1v80.lib line 1, library sky130_fd_sc_hd__tt_025C_1v80 already exists.
Reading timing library for the 'min_tt_025C_1v80' corner at '/home/ayesha/.ciel/ciel/sky130/versions/8afc8346a57fe1ab7934ba5a6056ea8b43078e71/sky130A/libs.ref/sky130_sram_macros/lib/sky130_sram_2kbyte_1rw1r_32x512_8_TT_1p8V_25C.lib'…
[WARNING STA-1140] /home/ayesha/.ciel/ciel/sky130/versions/8afc8346a57fe1ab7934ba5a6056ea8b43078e71/sky130A/libs.ref/sky130_sram_macros/lib/sky130_sram_2kbyte_1rw1r_32x512_8_TT_1p8V_25C.lib line 1, library sky130_sram_2kbyte_1rw1r_32x512_8_TT_1p8V_25C_lib already exists.
Reading timing models for corner nom_ss_100C_1v60…
Reading timing library for the 'nom_ss_100C_1v60' corner at '/home/ayesha/.ciel/ciel/sky130/versions/8afc8346a57fe1ab7934ba5a6056ea8b43078e71/sky130A/libs.ref/sky130_fd_sc_hd/lib/sky130_fd_sc_hd__ss_100C_1v60.lib'…
[WARNING STA-1140] /home/ayesha/.ciel/ciel/sky130/versions/8afc8346a57fe1ab7934ba5a6056ea8b43078e71/sky130A/libs.ref/sky130_fd_sc_hd/lib/sky130_fd_sc_hd__ss_100C_1v60.lib line 1, library sky130_fd_sc_hd__ss_100C_1v60 already exists.
Reading timing library for the 'nom_ss_100C_1v60' corner at '/home/ayesha/.ciel/ciel/sky130/versions/8afc8346a57fe1ab7934ba5a6056ea8b43078e71/sky130A/libs.ref/sky130_sram_macros/lib/sky130_sram_2kbyte_1rw1r_32x512_8_TT_1p8V_25C.lib'…
[WARNING STA-1140] /home/ayesha/.ciel/ciel/sky130/versions/8afc8346a57fe1ab7934ba5a6056ea8b43078e71/sky130A/libs.ref/sky130_sram_macros/lib/sky130_sram_2kbyte_1rw1r_32x512_8_TT_1p8V_25C.lib line 1, library sky130_sram_2kbyte_1rw1r_32x512_8_TT_1p8V_25C_lib already exists.
Reading timing models for corner min_ff_n40C_1v95…
Reading timing library for the 'min_ff_n40C_1v95' corner at '/home/ayesha/.ciel/ciel/sky130/versions/8afc8346a57fe1ab7934ba5a6056ea8b43078e71/sky130A/libs.ref/sky130_fd_sc_hd/lib/sky130_fd_sc_hd__ff_n40C_1v95.lib'…
[WARNING STA-1140] /home/ayesha/.ciel/ciel/sky130/versions/8afc8346a57fe1ab7934ba5a6056ea8b43078e71/sky130A/libs.ref/sky130_fd_sc_hd/lib/sky130_fd_sc_hd__ff_n40C_1v95.lib line 1, library sky130_fd_sc_hd__ff_n40C_1v95 already exists.
Reading timing library for the 'min_ff_n40C_1v95' corner at '/home/ayesha/.ciel/ciel/sky130/versions/8afc8346a57fe1ab7934ba5a6056ea8b43078e71/sky130A/libs.ref/sky130_sram_macros/lib/sky130_sram_2kbyte_1rw1r_32x512_8_TT_1p8V_25C.lib'…
[WARNING STA-1140] /home/ayesha/.ciel/ciel/sky130/versions/8afc8346a57fe1ab7934ba5a6056ea8b43078e71/sky130A/libs.ref/sky130_sram_macros/lib/sky130_sram_2kbyte_1rw1r_32x512_8_TT_1p8V_25C.lib line 1, library sky130_sram_2kbyte_1rw1r_32x512_8_TT_1p8V_25C_lib already exists.
Reading OpenROAD database at '/home/ayesha/Downloads/riscv_mmu_fast_synthesis_project_an/riscv_mmu_fast_synthesis_project/runs/RUN_2026-09-13_10-44-24/34-openroad-detailedplacement/SoC_Hardened.odb'…
Reading design constraints file at '/home/ayesha/Downloads/riscv_mmu_fast_synthesis_project_an/riscv_mmu_fast_synthesis_project/impl.sdc'…
[INFO] Using clock clk…
[INFO] Setting output delay to: 2.0
[INFO] Setting input delay to: 2.0
[INFO] Setting load to: 0.033442
[INFO] Setting clock uncertainty to: 0.25
[INFO] Setting clock transition to: 0.1499999999999999944488848768742172978818416595458984375
[INFO] Setting timing derate to: 5.0%
[INFO] No information on clock propagation in input SDC file-- propagating all clocks.
[INFO] Configuring cts characterization…
+ configure_cts_characterization 
[INFO] Performing clock tree synthesis…
[INFO] Looking for the following net(s): clk
[INFO] Running Clock Tree Synthesis…
+ clock_tree_synthesis -buf_list sky130_fd_sc_hd__clkbuf_8 sky130_fd_sc_hd__clkbuf_4 sky130_fd_sc_hd__clkbuf_2 -root_buf sky130_fd_sc_hd__clkbuf_16 -sink_clustering_enable -apply_ndr half
[INFO CTS-0050] Root buffer is sky130_fd_sc_hd__clkbuf_16.
[INFO CTS-0051] Sink buffer is sky130_fd_sc_hd__clkbuf_8.
[INFO CTS-0052] The following clock buffers will be used for CTS:
                    sky130_fd_sc_hd__clkbuf_2
                    sky130_fd_sc_hd__clkbuf_4
                    sky130_fd_sc_hd__clkbuf_8
[INFO CTS-0049] Characterization buffer is sky130_fd_sc_hd__clkbuf_8.
[INFO CTS-0007] Net "clk" found for clock "clk".
[INFO CTS-0011]  Clock net "clk" for macros has 4 sinks.
[INFO CTS-0011]  Clock net "clk_regs" for registers has 130 sinks.
[INFO CTS-0008] TritonCTS found 2 clock nets.
[INFO CTS-0097] Characterization used 3 buffer(s) types.
[INFO CTS-0201] 2 blockages from hard placement blockages and placed macros will be used.
[INFO CTS-0027] Generating H-Tree topology for net clk.
[INFO CTS-0028]  Total number of sinks: 4.
[INFO CTS-0029]  Macro  sinks will be clustered in groups of up to 4 and with maximum cluster diameter of 1366.2 um.
[INFO CTS-0030]  Number of static layers: 0.
[INFO CTS-0020]  Wire segment unit: 13600  dbu (13 um).
[INFO CTS-0023]  Original sink region: [(250530, 191670), (904350, 1066010)].
[INFO CTS-0024]  Normalized sink region: [(18.4213, 14.0934), (66.4963, 78.3831)].
[INFO CTS-0025]     Width:  48.0750.
[INFO CTS-0026]     Height: 64.2897.
 Level 1
    Direction: Vertical
    Sinks per sub-region: 2
    Sub-region size: 48.0750 X 32.1449
[INFO CTS-0034]     Segment length (rounded): 16.
[INFO CTS-0032]  Stop criterion found. Max number of sinks is 10.
[INFO CTS-0035]  Number of sinks covered: 4.
[INFO CTS-0201] 2 blockages from hard placement blockages and placed macros will be used.
[INFO CTS-0027] Generating H-Tree topology for net clk_regs.
[INFO CTS-0028]  Total number of sinks: 130.
[INFO CTS-0090]  Sinks will be clustered based on buffer max cap.
[INFO CTS-0030]  Number of static layers: 0.
[INFO CTS-0020]  Wire segment unit: 13600  dbu (13 um).
[INFO CTS-0023]  Original sink region: [(244985, 580780), (558705, 635180)].
[INFO CTS-0024]  Normalized sink region: [(18.0136, 42.7044), (41.0812, 46.7044)].
[INFO CTS-0025]     Width:  23.0676.
[INFO CTS-0026]     Height: 4.0000.
 Level 1
    Direction: Horizontal
    Sinks per sub-region: 65
    Sub-region size: 11.5338 X 4.0000
[INFO CTS-0034]     Segment length (rounded): 6.
 Level 2
    Direction: Vertical
    Sinks per sub-region: 33
    Sub-region size: 11.5338 X 2.0000
[INFO CTS-0034]     Segment length (rounded): 1.
 Level 3
    Direction: Horizontal
    Sinks per sub-region: 17
    Sub-region size: 5.7669 X 2.0000
[INFO CTS-0034]     Segment length (rounded): 3.
 Level 4
    Direction: Vertical
    Sinks per sub-region: 9
    Sub-region size: 5.7669 X 1.0000
[INFO CTS-0034]     Segment length (rounded): 1.
[INFO CTS-0032]  Stop criterion found. Max number of sinks is 10.
[INFO CTS-0035]  Number of sinks covered: 130.
[INFO CTS-0018]     Created 3 clock buffers.
[INFO CTS-0012]     Minimum number of buffers in the clock path: 2.
[INFO CTS-0013]     Maximum number of buffers in the clock path: 2.
[INFO CTS-0015]     Created 3 clock nets.
[INFO CTS-0016]     Fanout distribution for the current clock = 2:2..
[INFO CTS-0017]     Max level of the clock tree: 1.
[INFO CTS-0018]     Created 25 clock buffers.
[INFO CTS-0012]     Minimum number of buffers in the clock path: 3.
[INFO CTS-0013]     Maximum number of buffers in the clock path: 3.
[INFO CTS-0015]     Created 25 clock nets.
[INFO CTS-0016]     Fanout distribution for the current clock = 8:14, 9:2..
[INFO CTS-0017]     Max level of the clock tree: 4.
[INFO CTS-0098] Clock net "clk"
[INFO CTS-0099]  Sinks 4
[INFO CTS-0100]  Leaf buffers 0
[INFO CTS-0101]  Average sink wire length 1364.06 um
[INFO CTS-0102]  Path depth 2 - 2
[INFO CTS-0207]  Dummy loads inserted 0
[INFO CTS-0098] Clock net "clk_regs"
[INFO CTS-0099]  Sinks 133
[INFO CTS-0100]  Leaf buffers 0
[INFO CTS-0101]  Average sink wire length 134.46 um
[INFO CTS-0102]  Path depth 3 - 3
[INFO CTS-0207]  Dummy loads inserted 3
[INFO CTS-0033] Balancing latency for clock clk
[INFO CTS-0036]  inserted 0 delay buffers
[INFO] Repairing long wires on clock nets…
[INFO RSZ-0058] Using max wire length 6884um.
Setting global connections for newly added cells…
[INFO] Setting global connections...
^.*sram_even_words$ matched with u_top.dataMemory.sram_even_words
^.*sram_odd_words$ matched with u_top.dataMemory.sram_odd_words
[INFO ODB-0403] 128 connections made, 0 conflicts skipped.
Updating metrics…
Cell type report:                       Count       Area
  Macro                                     2  569076.95
  Fill cell                              1526    5727.99
  Tap cell                              11929   14925.56
  Buffer                                  328    1641.57
  Clock buffer                             32     658.13
  Timing Repair Buffer                     71     604.33
  Inverter                                 34     127.62
  Sequential cell                         130    2828.96
  Multi-Input combinational cell          422    3326.94
  Total                                 14474  598918.07
Writing OpenROAD database to '/home/ayesha/Downloads/riscv_mmu_fast_synthesis_project_an/riscv_mmu_fast_synthesis_project/runs/RUN_2026-09-13_10-44-24/35-openroad-cts/SoC_Hardened.odb'…
Writing netlist to '/home/ayesha/Downloads/riscv_mmu_fast_synthesis_project_an/riscv_mmu_fast_synthesis_project/runs/RUN_2026-09-13_10-44-24/35-openroad-cts/SoC_Hardened.nl.v'…
Writing powered netlist to '/home/ayesha/Downloads/riscv_mmu_fast_synthesis_project_an/riscv_mmu_fast_synthesis_project/runs/RUN_2026-09-13_10-44-24/35-openroad-cts/SoC_Hardened.pnl.v'…
Writing layout to '/home/ayesha/Downloads/riscv_mmu_fast_synthesis_project_an/riscv_mmu_fast_synthesis_project/runs/RUN_2026-09-13_10-44-24/35-openroad-cts/SoC_Hardened.def'…
Writing timing constraints to '/home/ayesha/Downloads/riscv_mmu_fast_synthesis_project_an/riscv_mmu_fast_synthesis_project/runs/RUN_2026-09-13_10-44-24/35-openroad-cts/SoC_Hardened.sdc'…
[INFO] Legalizing…
+ detailed_placement -max_displacement  500 100 
Placement Analysis
---------------------------------
total displacement        201.9 u
average displacement        0.0 u
max displacement           18.3 u
original HPWL           27932.0 u
legalized HPWL          28982.9 u
delta HPWL                    4 %

[INFO DPL-0020] Mirrored 524 instances
[INFO DPL-0021] HPWL before           28982.9 u
[INFO DPL-0022] HPWL after            27915.5 u
[INFO DPL-0023] HPWL delta               -3.7 %
Setting global connections for newly added cells…
[INFO] Setting global connections...
^.*sram_even_words$ matched with u_top.dataMemory.sram_even_words
^.*sram_odd_words$ matched with u_top.dataMemory.sram_odd_words
[INFO ODB-0403] 0 connections made, 0 conflicts skipped.
Updating metrics…
Cell type report:                       Count       Area
  Macro                                     2  569076.95
  Fill cell                              1526    5727.99
  Tap cell                              11929   14925.56
  Buffer                                  328    1641.57
  Clock buffer                             32     658.13
  Timing Repair Buffer                     71     604.33
  Inverter                                 34     127.62
  Sequential cell                         130    2828.96
  Multi-Input combinational cell          422    3326.94
  Total                                 14474  598918.07
Writing OpenROAD database to '/home/ayesha/Downloads/riscv_mmu_fast_synthesis_project_an/riscv_mmu_fast_synthesis_project/runs/RUN_2026-09-13_10-44-24/35-openroad-cts/SoC_Hardened.odb'…
Writing netlist to '/home/ayesha/Downloads/riscv_mmu_fast_synthesis_project_an/riscv_mmu_fast_synthesis_project/runs/RUN_2026-09-13_10-44-24/35-openroad-cts/SoC_Hardened.nl.v'…
Writing powered netlist to '/home/ayesha/Downloads/riscv_mmu_fast_synthesis_project_an/riscv_mmu_fast_synthesis_project/runs/RUN_2026-09-13_10-44-24/35-openroad-cts/SoC_Hardened.pnl.v'…
Writing layout to '/home/ayesha/Downloads/riscv_mmu_fast_synthesis_project_an/riscv_mmu_fast_synthesis_project/runs/RUN_2026-09-13_10-44-24/35-openroad-cts/SoC_Hardened.def'…
Writing timing constraints to '/home/ayesha/Downloads/riscv_mmu_fast_synthesis_project_an/riscv_mmu_fast_synthesis_project/runs/RUN_2026-09-13_10-44-24/35-openroad-cts/SoC_Hardened.sdc'…
%OL_CREATE_REPORT cts.rpt
Total number of Clock Roots: 2.
Total number of Buffers Inserted: 28.
Total number of Clock Subnets: 28.
Total number of Sinks: 134.
Cells used:
  sky130_fd_sc_hd__clkbuf_8: 8
  sky130_fd_sc_hd__clkbuf_16: 21
Dummys used:
  sky130_fd_sc_hd__clkbuf_4: 3
%OL_END_REPORT
