
===========================================================================
report_checks -unconstrained
===========================================================================
======================= max_tt_025C_1v80 Corner ===================================

Startpoint: reset (input port clocked by clk)
Endpoint: _1562_ (recovery check against rising-edge clock clk)
Path Group: asynchronous
Path Type: max

Fanout         Cap        Slew       Delay        Time   Description
---------------------------------------------------------------------------------------------
                                  0.000000    0.000000   clock clk (rise edge)
                                  0.000000    0.000000   clock network delay (propagated)
                                  2.000000    2.000000 v input external delay
     3    0.130218    0.290786    0.250737    2.250736 v reset (in)
                                                         reset (net)
                      0.335312    0.000000    2.250736 v _1826_/A (sky130_fd_sc_hd__buf_2)
     5    0.037613    0.096718    0.322718    2.573454 v _1826_/X (sky130_fd_sc_hd__buf_2)
                                                         _0629_ (net)
                      0.096994    0.004713    2.578167 v _1090_/A (sky130_fd_sc_hd__inv_2)
     4    0.051936    0.237680    0.224076    2.802244 ^ _1090_/Y (sky130_fd_sc_hd__inv_2)
                                                         _0291_ (net)
                      0.237743    0.003432    2.805676 ^ fanout64/A (sky130_fd_sc_hd__clkdlybuf4s25_1)
     9    0.029581    0.300914    0.504804    3.310480 ^ fanout64/X (sky130_fd_sc_hd__clkdlybuf4s25_1)
                                                         net64 (net)
                      0.300926    0.002345    3.312825 ^ _1983_/A (sky130_fd_sc_hd__buf_2)
     1    0.004736    0.040427    0.180947    3.493772 ^ _1983_/X (sky130_fd_sc_hd__buf_2)
                                                         _0877_ (net)
                      0.040427    0.000289    3.494061 ^ _1562_/RESET_B (sky130_fd_sc_hd__dfrtp_2)
                                              3.494061   data arrival time

                                 10.000000   10.000000   clock clk (rise edge)
                                  0.000000   10.000000   clock source latency
     2    0.167318    0.756419    0.547399   10.547400 ^ clk (in)
                                                         clk (net)
                      0.796621    0.000000   10.547400 ^ clkbuf_regs_0_clk/A (sky130_fd_sc_hd__clkbuf_16)
     1    0.008626    0.051619    0.251459   10.798859 ^ clkbuf_regs_0_clk/X (sky130_fd_sc_hd__clkbuf_16)
                                                         clk_regs (net)
                      0.051622    0.000647   10.799506 ^ clkbuf_0_clk_regs/A (sky130_fd_sc_hd__clkbuf_16)
     8    0.082361    0.099603    0.164492   10.963998 ^ clkbuf_0_clk_regs/X (sky130_fd_sc_hd__clkbuf_16)
                                                         clknet_0_clk_regs (net)
                      0.100147    0.005596   10.969594 ^ clkbuf_3_2_0_clk_regs/A (sky130_fd_sc_hd__clkbuf_8)
     2    0.019152    0.050150    0.142955   11.112549 ^ clkbuf_3_2_0_clk_regs/X (sky130_fd_sc_hd__clkbuf_8)
                                                         clknet_3_2_0_clk_regs (net)
                      0.050195    0.001283   11.113832 ^ clkbuf_4_4__f_clk_regs/A (sky130_fd_sc_hd__clkbuf_16)
     9    0.030347    0.051268    0.129535   11.243365 ^ clkbuf_4_4__f_clk_regs/X (sky130_fd_sc_hd__clkbuf_16)
                                                         clknet_4_4__leaf_clk_regs (net)
                      0.051274    0.000973   11.244338 ^ _1562_/CLK (sky130_fd_sc_hd__dfrtp_2)
                                 -0.100000   11.144339   clock uncertainty
                                  0.000000   11.144339   clock reconvergence pessimism
                                  0.222473   11.366811   library recovery time
                                             11.366811   data required time
---------------------------------------------------------------------------------------------
                                             11.366811   data required time
                                             -3.494061   data arrival time
---------------------------------------------------------------------------------------------
                                              7.872750   slack (MET)


Startpoint: _1542_ (rising edge-triggered flip-flop clocked by clk)
Endpoint: gpio[3] (output port clocked by clk)
Path Group: clk
Path Type: max

Fanout         Cap        Slew       Delay        Time   Description
---------------------------------------------------------------------------------------------
                                  0.000000    0.000000   clock clk (rise edge)
                                  0.000000    0.000000   clock source latency
     2    0.167318    0.756419    0.605020    0.605020 ^ clk (in)
                                                         clk (net)
                      0.796621    0.000000    0.605020 ^ clkbuf_regs_0_clk/A (sky130_fd_sc_hd__clkbuf_16)
     1    0.008626    0.051619    0.277929    0.882949 ^ clkbuf_regs_0_clk/X (sky130_fd_sc_hd__clkbuf_16)
                                                         clk_regs (net)
                      0.051622    0.000716    0.883665 ^ clkbuf_0_clk_regs/A (sky130_fd_sc_hd__clkbuf_16)
     8    0.082361    0.099603    0.181806    1.065471 ^ clkbuf_0_clk_regs/X (sky130_fd_sc_hd__clkbuf_16)
                                                         clknet_0_clk_regs (net)
                      0.100169    0.006309    1.071780 ^ clkbuf_3_5_0_clk_regs/A (sky130_fd_sc_hd__clkbuf_8)
     2    0.019580    0.050778    0.158899    1.230679 ^ clkbuf_3_5_0_clk_regs/X (sky130_fd_sc_hd__clkbuf_8)
                                                         clknet_3_5_0_clk_regs (net)
                      0.050800    0.001030    1.231709 ^ clkbuf_4_11__f_clk_regs/A (sky130_fd_sc_hd__clkbuf_16)
     8    0.029602    0.050598    0.142413    1.374122 ^ clkbuf_4_11__f_clk_regs/X (sky130_fd_sc_hd__clkbuf_16)
                                                         clknet_4_11__leaf_clk_regs (net)
                      0.050616    0.001454    1.375576 ^ _1542_/CLK (sky130_fd_sc_hd__dfxtp_4)
     3    0.026406    0.087868    0.397438    1.773014 ^ _1542_/Q (sky130_fd_sc_hd__dfxtp_4)
                                                         u_top.RV32I_Logic.Single_Cycle_Datapath.pcREG.q[12] (net)
                      0.087929    0.002204    1.775218 ^ rebuffer183/A (sky130_fd_sc_hd__buf_2)
     2    0.015493    0.082742    0.158969    1.934186 ^ rebuffer183/X (sky130_fd_sc_hd__buf_2)
                                                         net182 (net)
                      0.082758    0.001195    1.935381 ^ rebuffer168/A (sky130_fd_sc_hd__buf_2)
     2    0.010905    0.062439    0.140811    2.076193 ^ rebuffer168/X (sky130_fd_sc_hd__buf_2)
                                                         net167 (net)
                      0.062445    0.000685    2.076878 ^ _1126_/B (sky130_fd_sc_hd__nand2b_2)
     2    0.014779    0.080836    0.093584    2.170462 v _1126_/Y (sky130_fd_sc_hd__nand2b_2)
                                                         _0462_ (net)
                      0.080840    0.000714    2.171176 v fanout50/A (sky130_fd_sc_hd__buf_6)
    10    0.045406    0.053949    0.165891    2.337067 v fanout50/X (sky130_fd_sc_hd__buf_6)
                                                         net50 (net)
                      0.054565    0.004860    2.341927 v _1162_/A2 (sky130_fd_sc_hd__o22a_2)
     1    0.007620    0.050968    0.245817    2.587744 v _1162_/X (sky130_fd_sc_hd__o22a_2)
                                                         _0498_ (net)
                      0.050972    0.000526    2.588271 v _1163_/C1 (sky130_fd_sc_hd__o221a_4)
     4    0.023490    0.068352    0.148378    2.736649 v _1163_/X (sky130_fd_sc_hd__o221a_4)
                                                         _0499_ (net)
                      0.068385    0.001533    2.738182 v _1240_/B (sky130_fd_sc_hd__and2_2)
     1    0.002604    0.035871    0.201421    2.939603 v _1240_/X (sky130_fd_sc_hd__and2_2)
                                                         _0555_ (net)
                      0.035871    0.000197    2.939800 v _1253_/B1 (sky130_fd_sc_hd__o221a_2)
     1    0.007195    0.053985    0.265983    3.205782 v _1253_/X (sky130_fd_sc_hd__o221a_2)
                                                         _0568_ (net)
                      0.053990    0.000594    3.206377 v _1257_/B1 (sky130_fd_sc_hd__o211a_4)
     1    0.001885    0.033958    0.137079    3.343456 v _1257_/X (sky130_fd_sc_hd__o211a_4)
                                                         _0572_ (net)
                      0.033959    0.000090    3.343545 v _1258_/D (sky130_fd_sc_hd__and4b_2)
     2    0.023320    0.088447    0.300912    3.644457 v _1258_/X (sky130_fd_sc_hd__and4b_2)
                                                         _0573_ (net)
                      0.088476    0.001623    3.646080 v rebuffer170/A (sky130_fd_sc_hd__buf_6)
     1    0.008111    0.024087    0.139285    3.785365 v rebuffer170/X (sky130_fd_sc_hd__buf_6)
                                                         net169 (net)
                      0.024088    0.000647    3.786012 v _1259_/D (sky130_fd_sc_hd__nor4_4)
     3    0.028777    0.464306    0.359453    4.145465 ^ _1259_/Y (sky130_fd_sc_hd__nor4_4)
                                                         _0574_ (net)
                      0.464384    0.004955    4.150420 ^ _1262_/A (sky130_fd_sc_hd__nor2_4)
     1    0.072909    0.178431    0.198887    4.349307 v _1262_/Y (sky130_fd_sc_hd__nor2_4)
                                                         _0694_ (net)
                      0.186090    0.030461    4.379768 v wire3/A (sky130_fd_sc_hd__buf_8)
     1    0.034203    0.040960    0.207421    4.587189 v wire3/X (sky130_fd_sc_hd__buf_8)
                                                         gpio[3] (net)
                      0.041077    0.001746    4.588935 v gpio[3] (out)
                                              4.588935   data arrival time

                                 10.000000   10.000000   clock clk (rise edge)
                                  0.000000   10.000000   clock network delay (propagated)
                                 -0.100000    9.900001   clock uncertainty
                                  0.000000    9.900001   clock reconvergence pessimism
                                 -2.000000    7.900000   output external delay
                                              7.900000   data required time
---------------------------------------------------------------------------------------------
                                              7.900000   data required time
                                             -4.588935   data arrival time
---------------------------------------------------------------------------------------------
                                              3.311065   slack (MET)




===========================================================================
report_checks --slack_max -0.01
============================================================================
======================= max_tt_025C_1v80 Corner ===================================

No paths found.


===========================================================================
 report_check_types -max_slew -max_cap -max_fanout -violators
============================================================================
======================= max_tt_025C_1v80 Corner ===================================

max slew

Pin                                        Limit        Slew       Slack
------------------------------------------------------------------------
u_top.dataMemory.sram_odd_words/wmask0[3]    0.040000    0.139825   -0.099825 (VIOLATED)
u_top.dataMemory.sram_odd_words/addr0[0]    0.040000    0.139343   -0.099343 (VIOLATED)
u_top.dataMemory.sram_odd_words/wmask0[2]    0.040000    0.137140   -0.097140 (VIOLATED)
u_top.dataMemory.sram_odd_words/addr0[3]    0.040000    0.137050   -0.097050 (VIOLATED)
u_top.dataMemory.sram_even_words/wmask0[3]    0.040000    0.136768   -0.096768 (VIOLATED)
u_top.dataMemory.sram_even_words/addr0[4]    0.040000    0.135297   -0.095297 (VIOLATED)
u_top.dataMemory.sram_even_words/addr0[2]    0.040000    0.134155   -0.094155 (VIOLATED)
u_top.dataMemory.sram_odd_words/addr0[8]    0.040000    0.134103   -0.094103 (VIOLATED)
u_top.dataMemory.sram_odd_words/wmask0[1]    0.040000    0.133607   -0.093607 (VIOLATED)
u_top.dataMemory.sram_even_words/addr0[6]    0.040000    0.132511   -0.092511 (VIOLATED)
u_top.dataMemory.sram_even_words/wmask0[1]    0.040000    0.132356   -0.092356 (VIOLATED)
u_top.dataMemory.sram_odd_words/addr0[7]    0.040000    0.132035   -0.092035 (VIOLATED)
u_top.dataMemory.sram_even_words/addr0[8]    0.040000    0.131674   -0.091674 (VIOLATED)
u_top.dataMemory.sram_odd_words/addr0[1]    0.040000    0.131457   -0.091457 (VIOLATED)
u_top.dataMemory.sram_even_words/addr0[7]    0.040000    0.130249   -0.090249 (VIOLATED)
u_top.dataMemory.sram_even_words/wmask0[2]    0.040000    0.129187   -0.089187 (VIOLATED)
u_top.dataMemory.sram_odd_words/addr0[6]    0.040000    0.129183   -0.089183 (VIOLATED)
u_top.dataMemory.sram_even_words/addr0[5]    0.040000    0.128745   -0.088745 (VIOLATED)
u_top.dataMemory.sram_odd_words/addr0[5]    0.040000    0.128518   -0.088518 (VIOLATED)
u_top.dataMemory.sram_even_words/addr0[3]    0.040000    0.128409   -0.088409 (VIOLATED)
u_top.dataMemory.sram_even_words/addr0[0]    0.040000    0.128286   -0.088286 (VIOLATED)
u_top.dataMemory.sram_odd_words/addr0[4]    0.040000    0.128010   -0.088010 (VIOLATED)
u_top.dataMemory.sram_odd_words/addr0[2]    0.040000    0.127549   -0.087550 (VIOLATED)
u_top.dataMemory.sram_even_words/addr0[1]    0.040000    0.127251   -0.087251 (VIOLATED)
u_top.dataMemory.sram_even_words/wmask0[0]    0.040000    0.127125   -0.087125 (VIOLATED)
u_top.dataMemory.sram_odd_words/wmask0[0]    0.040000    0.126964   -0.086964 (VIOLATED)

max fanout

Pin                                   Limit Fanout  Slack
---------------------------------------------------------
_1573_/Q                                 10     14     -4 (VIOLATED)



===========================================================================
report_parasitic_annotation -report_unannotated
============================================================================
Found 250 unannotated drivers.
 _1667_/X
 _1667__154/HI
 _1668_/X
 _1668__155/HI
 _1669_/X
 _1669__156/HI
 _1670_/X
 _1670__157/HI
 _1671__163/LO
 _1673__158/HI
 _1675_/X
 _1676_/X
 _1677_/X
 _1678_/X
 _1679_/X
 _1680_/X
 _1681_/X
 _1682_/X
 _1683_/X
 _1684_/X
 _1684__159/HI
 _1685_/X
 _1686_/X
 _1687_/X
 _1688_/X
 _1688__160/HI
 _1689_/X
 _1690_/X
 _1691_/X
 _1692_/X
 _1692__161/HI
 _1693_/X
 _1694_/X
 _1695_/X
 _1696_/X
 _1696__162/HI
 _1697__164/LO
 clkload0/X
 clkload1/X
 clkload2/X
 u_top.dataMemory.sram_even_words/dout0[0]
 u_top.dataMemory.sram_even_words/dout0[10]
 u_top.dataMemory.sram_even_words/dout0[11]
 u_top.dataMemory.sram_even_words/dout0[12]
 u_top.dataMemory.sram_even_words/dout0[13]
 u_top.dataMemory.sram_even_words/dout0[14]
 u_top.dataMemory.sram_even_words/dout0[15]
 u_top.dataMemory.sram_even_words/dout0[16]
 u_top.dataMemory.sram_even_words/dout0[17]
 u_top.dataMemory.sram_even_words/dout0[18]
 u_top.dataMemory.sram_even_words/dout0[19]
 u_top.dataMemory.sram_even_words/dout0[1]
 u_top.dataMemory.sram_even_words/dout0[20]
 u_top.dataMemory.sram_even_words/dout0[21]
 u_top.dataMemory.sram_even_words/dout0[22]
 u_top.dataMemory.sram_even_words/dout0[23]
 u_top.dataMemory.sram_even_words/dout0[24]
 u_top.dataMemory.sram_even_words/dout0[25]
 u_top.dataMemory.sram_even_words/dout0[26]
 u_top.dataMemory.sram_even_words/dout0[27]
 u_top.dataMemory.sram_even_words/dout0[28]
 u_top.dataMemory.sram_even_words/dout0[29]
 u_top.dataMemory.sram_even_words/dout0[2]
 u_top.dataMemory.sram_even_words/dout0[30]
 u_top.dataMemory.sram_even_words/dout0[31]
 u_top.dataMemory.sram_even_words/dout0[3]
 u_top.dataMemory.sram_even_words/dout0[4]
 u_top.dataMemory.sram_even_words/dout0[5]
 u_top.dataMemory.sram_even_words/dout0[6]
 u_top.dataMemory.sram_even_words/dout0[7]
 u_top.dataMemory.sram_even_words/dout0[8]
 u_top.dataMemory.sram_even_words/dout0[9]
 u_top.dataMemory.sram_even_words/dout1[0]
 u_top.dataMemory.sram_even_words/dout1[10]
 u_top.dataMemory.sram_even_words/dout1[11]
 u_top.dataMemory.sram_even_words/dout1[12]
 u_top.dataMemory.sram_even_words/dout1[13]
 u_top.dataMemory.sram_even_words/dout1[14]
 u_top.dataMemory.sram_even_words/dout1[15]
 u_top.dataMemory.sram_even_words/dout1[16]
 u_top.dataMemory.sram_even_words/dout1[17]
 u_top.dataMemory.sram_even_words/dout1[18]
 u_top.dataMemory.sram_even_words/dout1[19]
 u_top.dataMemory.sram_even_words/dout1[1]
 u_top.dataMemory.sram_even_words/dout1[20]
 u_top.dataMemory.sram_even_words/dout1[21]
 u_top.dataMemory.sram_even_words/dout1[22]
 u_top.dataMemory.sram_even_words/dout1[23]
 u_top.dataMemory.sram_even_words/dout1[24]
 u_top.dataMemory.sram_even_words/dout1[25]
 u_top.dataMemory.sram_even_words/dout1[26]
 u_top.dataMemory.sram_even_words/dout1[27]
 u_top.dataMemory.sram_even_words/dout1[28]
 u_top.dataMemory.sram_even_words/dout1[29]
 u_top.dataMemory.sram_even_words/dout1[2]
 u_top.dataMemory.sram_even_words/dout1[30]
 u_top.dataMemory.sram_even_words/dout1[31]
 u_top.dataMemory.sram_even_words/dout1[3]
 u_top.dataMemory.sram_even_words/dout1[4]
 u_top.dataMemory.sram_even_words/dout1[5]
 u_top.dataMemory.sram_even_words/dout1[6]
 u_top.dataMemory.sram_even_words/dout1[7]
 u_top.dataMemory.sram_even_words/dout1[8]
 u_top.dataMemory.sram_even_words/dout1[9]
 u_top.dataMemory.sram_even_words_100/HI
 u_top.dataMemory.sram_even_words_101/HI
 u_top.dataMemory.sram_even_words_102/HI
 u_top.dataMemory.sram_even_words_103/HI
 u_top.dataMemory.sram_even_words_104/HI
 u_top.dataMemory.sram_even_words_105/HI
 u_top.dataMemory.sram_even_words_106/HI
 u_top.dataMemory.sram_even_words_107/HI
 u_top.dataMemory.sram_even_words_108/HI
 u_top.dataMemory.sram_even_words_109/HI
 u_top.dataMemory.sram_even_words_110/HI
 u_top.dataMemory.sram_even_words_111/HI
 u_top.dataMemory.sram_even_words_112/HI
 u_top.dataMemory.sram_even_words_72/HI
 u_top.dataMemory.sram_even_words_73/HI
 u_top.dataMemory.sram_even_words_74/HI
 u_top.dataMemory.sram_even_words_75/HI
 u_top.dataMemory.sram_even_words_76/HI
 u_top.dataMemory.sram_even_words_77/HI
 u_top.dataMemory.sram_even_words_78/HI
 u_top.dataMemory.sram_even_words_79/HI
 u_top.dataMemory.sram_even_words_80/HI
 u_top.dataMemory.sram_even_words_81/HI
 u_top.dataMemory.sram_even_words_82/HI
 u_top.dataMemory.sram_even_words_83/HI
 u_top.dataMemory.sram_even_words_84/HI
 u_top.dataMemory.sram_even_words_85/HI
 u_top.dataMemory.sram_even_words_86/HI
 u_top.dataMemory.sram_even_words_87/HI
 u_top.dataMemory.sram_even_words_88/HI
 u_top.dataMemory.sram_even_words_89/HI
 u_top.dataMemory.sram_even_words_90/HI
 u_top.dataMemory.sram_even_words_91/HI
 u_top.dataMemory.sram_even_words_92/HI
 u_top.dataMemory.sram_even_words_93/HI
 u_top.dataMemory.sram_even_words_94/HI
 u_top.dataMemory.sram_even_words_95/HI
 u_top.dataMemory.sram_even_words_96/HI
 u_top.dataMemory.sram_even_words_97/HI
 u_top.dataMemory.sram_even_words_98/HI
 u_top.dataMemory.sram_even_words_99/HI
 u_top.dataMemory.sram_odd_words/dout0[0]
 u_top.dataMemory.sram_odd_words/dout0[10]
 u_top.dataMemory.sram_odd_words/dout0[11]
 u_top.dataMemory.sram_odd_words/dout0[12]
 u_top.dataMemory.sram_odd_words/dout0[13]
 u_top.dataMemory.sram_odd_words/dout0[14]
 u_top.dataMemory.sram_odd_words/dout0[15]
 u_top.dataMemory.sram_odd_words/dout0[16]
 u_top.dataMemory.sram_odd_words/dout0[17]
 u_top.dataMemory.sram_odd_words/dout0[18]
 u_top.dataMemory.sram_odd_words/dout0[19]
 u_top.dataMemory.sram_odd_words/dout0[1]
 u_top.dataMemory.sram_odd_words/dout0[20]
 u_top.dataMemory.sram_odd_words/dout0[21]
 u_top.dataMemory.sram_odd_words/dout0[22]
 u_top.dataMemory.sram_odd_words/dout0[23]
 u_top.dataMemory.sram_odd_words/dout0[24]
 u_top.dataMemory.sram_odd_words/dout0[25]
 u_top.dataMemory.sram_odd_words/dout0[26]
 u_top.dataMemory.sram_odd_words/dout0[27]
 u_top.dataMemory.sram_odd_words/dout0[28]
 u_top.dataMemory.sram_odd_words/dout0[29]
 u_top.dataMemory.sram_odd_words/dout0[2]
 u_top.dataMemory.sram_odd_words/dout0[30]
 u_top.dataMemory.sram_odd_words/dout0[31]
 u_top.dataMemory.sram_odd_words/dout0[3]
 u_top.dataMemory.sram_odd_words/dout0[4]
 u_top.dataMemory.sram_odd_words/dout0[5]
 u_top.dataMemory.sram_odd_words/dout0[6]
 u_top.dataMemory.sram_odd_words/dout0[7]
 u_top.dataMemory.sram_odd_words/dout0[8]
 u_top.dataMemory.sram_odd_words/dout0[9]
 u_top.dataMemory.sram_odd_words/dout1[0]
 u_top.dataMemory.sram_odd_words/dout1[10]
 u_top.dataMemory.sram_odd_words/dout1[11]
 u_top.dataMemory.sram_odd_words/dout1[12]
 u_top.dataMemory.sram_odd_words/dout1[13]
 u_top.dataMemory.sram_odd_words/dout1[14]
 u_top.dataMemory.sram_odd_words/dout1[15]
 u_top.dataMemory.sram_odd_words/dout1[16]
 u_top.dataMemory.sram_odd_words/dout1[17]
 u_top.dataMemory.sram_odd_words/dout1[18]
 u_top.dataMemory.sram_odd_words/dout1[19]
 u_top.dataMemory.sram_odd_words/dout1[1]
 u_top.dataMemory.sram_odd_words/dout1[20]
 u_top.dataMemory.sram_odd_words/dout1[21]
 u_top.dataMemory.sram_odd_words/dout1[22]
 u_top.dataMemory.sram_odd_words/dout1[23]
 u_top.dataMemory.sram_odd_words/dout1[24]
 u_top.dataMemory.sram_odd_words/dout1[25]
 u_top.dataMemory.sram_odd_words/dout1[26]
 u_top.dataMemory.sram_odd_words/dout1[27]
 u_top.dataMemory.sram_odd_words/dout1[28]
 u_top.dataMemory.sram_odd_words/dout1[29]
 u_top.dataMemory.sram_odd_words/dout1[2]
 u_top.dataMemory.sram_odd_words/dout1[30]
 u_top.dataMemory.sram_odd_words/dout1[31]
 u_top.dataMemory.sram_odd_words/dout1[3]
 u_top.dataMemory.sram_odd_words/dout1[4]
 u_top.dataMemory.sram_odd_words/dout1[5]
 u_top.dataMemory.sram_odd_words/dout1[6]
 u_top.dataMemory.sram_odd_words/dout1[7]
 u_top.dataMemory.sram_odd_words/dout1[8]
 u_top.dataMemory.sram_odd_words/dout1[9]
 u_top.dataMemory.sram_odd_words_113/HI
 u_top.dataMemory.sram_odd_words_114/HI
 u_top.dataMemory.sram_odd_words_115/HI
 u_top.dataMemory.sram_odd_words_116/HI
 u_top.dataMemory.sram_odd_words_117/HI
 u_top.dataMemory.sram_odd_words_118/HI
 u_top.dataMemory.sram_odd_words_119/HI
 u_top.dataMemory.sram_odd_words_120/HI
 u_top.dataMemory.sram_odd_words_121/HI
 u_top.dataMemory.sram_odd_words_122/HI
 u_top.dataMemory.sram_odd_words_123/HI
 u_top.dataMemory.sram_odd_words_124/HI
 u_top.dataMemory.sram_odd_words_125/HI
 u_top.dataMemory.sram_odd_words_126/HI
 u_top.dataMemory.sram_odd_words_127/HI
 u_top.dataMemory.sram_odd_words_128/HI
 u_top.dataMemory.sram_odd_words_129/HI
 u_top.dataMemory.sram_odd_words_130/HI
 u_top.dataMemory.sram_odd_words_131/HI
 u_top.dataMemory.sram_odd_words_132/HI
 u_top.dataMemory.sram_odd_words_133/HI
 u_top.dataMemory.sram_odd_words_134/HI
 u_top.dataMemory.sram_odd_words_135/HI
 u_top.dataMemory.sram_odd_words_136/HI
 u_top.dataMemory.sram_odd_words_137/HI
 u_top.dataMemory.sram_odd_words_138/HI
 u_top.dataMemory.sram_odd_words_139/HI
 u_top.dataMemory.sram_odd_words_140/HI
 u_top.dataMemory.sram_odd_words_141/HI
 u_top.dataMemory.sram_odd_words_142/HI
 u_top.dataMemory.sram_odd_words_143/HI
 u_top.dataMemory.sram_odd_words_144/HI
 u_top.dataMemory.sram_odd_words_145/HI
 u_top.dataMemory.sram_odd_words_146/HI
 u_top.dataMemory.sram_odd_words_147/HI
 u_top.dataMemory.sram_odd_words_148/HI
 u_top.dataMemory.sram_odd_words_149/HI
 u_top.dataMemory.sram_odd_words_150/HI
 u_top.dataMemory.sram_odd_words_151/HI
 u_top.dataMemory.sram_odd_words_152/HI
 u_top.dataMemory.sram_odd_words_153/HI
Found 0 partially unannotated drivers.

===========================================================================
max slew violation count 26
max fanout violation count 1
max cap violation count 0
============================================================================

===========================================================================
check_setup -verbose -unconstrained_endpoints -multiple_clock -no_clock -no_input_delay -loops -generated_clocks
===========================================================================
