
===========================================================================
 report_power
============================================================================
======================= max_tt_025C_1v80 Corner ===================================

Group                    Internal    Switching      Leakage        Total
                            Power        Power        Power        Power (Watts)
------------------------------------------------------------------------
Sequential           5.204395e-04 4.790029e-07 1.158317e-09 5.209197e-04   4.2%
Combinational        1.918435e-05 3.007620e-05 3.797210e-09 4.926435e-05   0.4%
Clock                4.523113e-04 3.370183e-04 6.755682e-07 7.900052e-04   6.3%
Macro                1.104672e-02 0.000000e+00 3.545200e-05 1.108217e-02  89.1%
Pad                  0.000000e+00 0.000000e+00 0.000000e+00 0.000000e+00   0.0%
------------------------------------------------------------------------
Total                1.203866e-02 3.675735e-04 3.613260e-05 1.244236e-02 100.0%
                            96.8%         3.0%         0.3%

