
===========================================================================
report_checks -unconstrained
===========================================================================
======================= min_tt_025C_1v80 Corner ===================================

Startpoint: reset (input port clocked by clk)
Endpoint: _1562_ (recovery check against rising-edge clock clk)
Path Group: asynchronous
Path Type: max

Fanout         Cap        Slew       Delay        Time   Description
---------------------------------------------------------------------------------------------
                                  0.000000    0.000000   clock clk (rise edge)
                                  0.000000    0.000000   clock network delay (propagated)
                                  2.000000    2.000000 v input external delay
     3    0.114060    0.255602    0.211946    2.211946 v reset (in)
                                                         reset (net)
                      0.274669    0.000000    2.211946 v _1826_/A (sky130_fd_sc_hd__buf_2)
     5    0.034511    0.091635    0.296584    2.508530 v _1826_/X (sky130_fd_sc_hd__buf_2)
                                                         _0629_ (net)
                      0.091661    0.001519    2.510048 v _1090_/A (sky130_fd_sc_hd__inv_2)
     4    0.046163    0.211595    0.205998    2.716047 ^ _1090_/Y (sky130_fd_sc_hd__inv_2)
                                                         _0291_ (net)
                      0.211597    0.000620    2.716666 ^ fanout64/A (sky130_fd_sc_hd__clkdlybuf4s25_1)
     9    0.027294    0.278387    0.483008    3.199674 ^ fanout64/X (sky130_fd_sc_hd__clkdlybuf4s25_1)
                                                         net64 (net)
                      0.278387    0.000475    3.200149 ^ _1983_/A (sky130_fd_sc_hd__buf_2)
     1    0.004574    0.039203    0.176406    3.376556 ^ _1983_/X (sky130_fd_sc_hd__buf_2)
                                                         _0877_ (net)
                      0.039203    0.000052    3.376608 ^ _1562_/RESET_B (sky130_fd_sc_hd__dfrtp_2)
                                              3.376608   data arrival time

                                 10.000000   10.000000   clock clk (rise edge)
                                  0.000000   10.000000   clock source latency
     2    0.146963    0.665524    0.467985   10.467985 ^ clk (in)
                                                         clk (net)
                      0.681967    0.000000   10.467985 ^ clkbuf_regs_0_clk/A (sky130_fd_sc_hd__clkbuf_16)
     1    0.008517    0.048667    0.243160   10.711145 ^ clkbuf_regs_0_clk/X (sky130_fd_sc_hd__clkbuf_16)
                                                         clk_regs (net)
                      0.048667    0.000087   10.711232 ^ clkbuf_0_clk_regs/A (sky130_fd_sc_hd__clkbuf_16)
     8    0.075371    0.092492    0.160874   10.872107 ^ clkbuf_0_clk_regs/X (sky130_fd_sc_hd__clkbuf_16)
                                                         clknet_0_clk_regs (net)
                      0.092515    0.001345   10.873451 ^ clkbuf_3_2_0_clk_regs/A (sky130_fd_sc_hd__clkbuf_8)
     2    0.018624    0.049216    0.140096   11.013547 ^ clkbuf_3_2_0_clk_regs/X (sky130_fd_sc_hd__clkbuf_8)
                                                         clknet_3_2_0_clk_regs (net)
                      0.049217    0.000212   11.013759 ^ clkbuf_4_4__f_clk_regs/A (sky130_fd_sc_hd__clkbuf_16)
     9    0.028352    0.049644    0.128081   11.141840 ^ clkbuf_4_4__f_clk_regs/X (sky130_fd_sc_hd__clkbuf_16)
                                                         clknet_4_4__leaf_clk_regs (net)
                      0.049644    0.000158   11.141998 ^ _1562_/CLK (sky130_fd_sc_hd__dfrtp_2)
                                 -0.100000   11.041998   clock uncertainty
                                  0.000000   11.041998   clock reconvergence pessimism
                                  0.222338   11.264336   library recovery time
                                             11.264336   data required time
---------------------------------------------------------------------------------------------
                                             11.264336   data required time
                                             -3.376608   data arrival time
---------------------------------------------------------------------------------------------
                                              7.887728   slack (MET)


Startpoint: _1542_ (rising edge-triggered flip-flop clocked by clk)
Endpoint: gpio[3] (output port clocked by clk)
Path Group: clk
Path Type: max

Fanout         Cap        Slew       Delay        Time   Description
---------------------------------------------------------------------------------------------
                                  0.000000    0.000000   clock clk (rise edge)
                                  0.000000    0.000000   clock source latency
     2    0.146963    0.665524    0.517246    0.517246 ^ clk (in)
                                                         clk (net)
                      0.681967    0.000000    0.517246 ^ clkbuf_regs_0_clk/A (sky130_fd_sc_hd__clkbuf_16)
     1    0.008517    0.048667    0.268756    0.786002 ^ clkbuf_regs_0_clk/X (sky130_fd_sc_hd__clkbuf_16)
                                                         clk_regs (net)
                      0.048667    0.000096    0.786099 ^ clkbuf_0_clk_regs/A (sky130_fd_sc_hd__clkbuf_16)
     8    0.075371    0.092492    0.177808    0.963907 ^ clkbuf_0_clk_regs/X (sky130_fd_sc_hd__clkbuf_16)
                                                         clknet_0_clk_regs (net)
                      0.092510    0.001361    0.965268 ^ clkbuf_3_5_0_clk_regs/A (sky130_fd_sc_hd__clkbuf_8)
     2    0.018872    0.049586    0.155271    1.120539 ^ clkbuf_3_5_0_clk_regs/X (sky130_fd_sc_hd__clkbuf_8)
                                                         clknet_3_5_0_clk_regs (net)
                      0.049586    0.000143    1.120682 ^ clkbuf_4_11__f_clk_regs/A (sky130_fd_sc_hd__clkbuf_16)
     8    0.027262    0.048403    0.140647    1.261328 ^ clkbuf_4_11__f_clk_regs/X (sky130_fd_sc_hd__clkbuf_16)
                                                         clknet_4_11__leaf_clk_regs (net)
                      0.048403    0.000200    1.261529 ^ _1542_/CLK (sky130_fd_sc_hd__dfxtp_4)
     3    0.024011    0.081834    0.392167    1.653696 ^ _1542_/Q (sky130_fd_sc_hd__dfxtp_4)
                                                         u_top.RV32I_Logic.Single_Cycle_Datapath.pcREG.q[12] (net)
                      0.081842    0.000945    1.654641 ^ rebuffer183/A (sky130_fd_sc_hd__buf_2)
     2    0.013650    0.074359    0.150536    1.805177 ^ rebuffer183/X (sky130_fd_sc_hd__buf_2)
                                                         net182 (net)
                      0.074361    0.000550    1.805727 ^ rebuffer168/A (sky130_fd_sc_hd__buf_2)
     2    0.010551    0.060708    0.136585    1.942313 ^ rebuffer168/X (sky130_fd_sc_hd__buf_2)
                                                         net167 (net)
                      0.060708    0.000090    1.942402 ^ _1126_/B (sky130_fd_sc_hd__nand2b_2)
     2    0.013421    0.076282    0.089278    2.031680 v _1126_/Y (sky130_fd_sc_hd__nand2b_2)
                                                         _0462_ (net)
                      0.076282    0.000160    2.031840 v fanout50/A (sky130_fd_sc_hd__buf_6)
    10    0.041967    0.049725    0.163813    2.195652 v fanout50/X (sky130_fd_sc_hd__buf_6)
                                                         net50 (net)
                      0.049753    0.001198    2.196851 v _1162_/A2 (sky130_fd_sc_hd__o22a_2)
     1    0.007067    0.049126    0.242130    2.438981 v _1162_/X (sky130_fd_sc_hd__o22a_2)
                                                         _0498_ (net)
                      0.049126    0.000132    2.439113 v _1163_/C1 (sky130_fd_sc_hd__o221a_4)
     4    0.021557    0.065345    0.145644    2.584757 v _1163_/X (sky130_fd_sc_hd__o221a_4)
                                                         _0499_ (net)
                      0.065347    0.000504    2.585260 v _1240_/B (sky130_fd_sc_hd__and2_2)
     1    0.002523    0.035653    0.199607    2.784867 v _1240_/X (sky130_fd_sc_hd__and2_2)
                                                         _0555_ (net)
                      0.035653    0.000022    2.784890 v _1253_/B1 (sky130_fd_sc_hd__o221a_2)
     1    0.006719    0.052505    0.264090    3.048979 v _1253_/X (sky130_fd_sc_hd__o221a_2)
                                                         _0568_ (net)
                      0.052505    0.000114    3.049094 v _1257_/B1 (sky130_fd_sc_hd__o211a_4)
     1    0.001823    0.033835    0.136226    3.185320 v _1257_/X (sky130_fd_sc_hd__o211a_4)
                                                         _0572_ (net)
                      0.033835    0.000009    3.185329 v _1258_/D (sky130_fd_sc_hd__and4b_2)
     2    0.021012    0.083009    0.296004    3.481333 v _1258_/X (sky130_fd_sc_hd__and4b_2)
                                                         _0573_ (net)
                      0.083009    0.000217    3.481550 v rebuffer170/A (sky130_fd_sc_hd__buf_6)
     1    0.008042    0.023978    0.136736    3.618285 v rebuffer170/X (sky130_fd_sc_hd__buf_6)
                                                         net169 (net)
                      0.023978    0.000074    3.618359 v _1259_/D (sky130_fd_sc_hd__nor4_4)
     3    0.026070    0.432967    0.335382    3.953741 ^ _1259_/Y (sky130_fd_sc_hd__nor4_4)
                                                         _0574_ (net)
                      0.432967    0.001782    3.955523 ^ _1262_/A (sky130_fd_sc_hd__nor2_4)
     1    0.064732    0.156566    0.187681    4.143204 v _1262_/Y (sky130_fd_sc_hd__nor2_4)
                                                         _0694_ (net)
                      0.159302    0.017239    4.160443 v wire3/A (sky130_fd_sc_hd__buf_8)
     1    0.034140    0.040216    0.195318    4.355761 v wire3/X (sky130_fd_sc_hd__buf_8)
                                                         gpio[3] (net)
                      0.040217    0.000230    4.355992 v gpio[3] (out)
                                              4.355992   data arrival time

                                 10.000000   10.000000   clock clk (rise edge)
                                  0.000000   10.000000   clock network delay (propagated)
                                 -0.100000    9.900001   clock uncertainty
                                  0.000000    9.900001   clock reconvergence pessimism
                                 -2.000000    7.900000   output external delay
                                              7.900000   data required time
---------------------------------------------------------------------------------------------
                                              7.900000   data required time
                                             -4.355992   data arrival time
---------------------------------------------------------------------------------------------
                                              3.544008   slack (MET)




===========================================================================
report_checks --slack_max -0.01
============================================================================
======================= min_tt_025C_1v80 Corner ===================================

No paths found.


===========================================================================
 report_check_types -max_slew -max_cap -max_fanout -violators
============================================================================
======================= min_tt_025C_1v80 Corner ===================================

max slew

Pin                                        Limit        Slew       Slack
------------------------------------------------------------------------
u_top.dataMemory.sram_odd_words/wmask0[3]    0.040000    0.135484   -0.095484 (VIOLATED)
u_top.dataMemory.sram_odd_words/addr0[0]    0.040000    0.134013   -0.094013 (VIOLATED)
u_top.dataMemory.sram_even_words/wmask0[3]    0.040000    0.133155   -0.093155 (VIOLATED)
u_top.dataMemory.sram_odd_words/addr0[3]    0.040000    0.133049   -0.093049 (VIOLATED)
u_top.dataMemory.sram_odd_words/wmask0[2]    0.040000    0.132778   -0.092778 (VIOLATED)
u_top.dataMemory.sram_even_words/addr0[4]    0.040000    0.130811   -0.090811 (VIOLATED)
u_top.dataMemory.sram_odd_words/addr0[8]    0.040000    0.130388   -0.090388 (VIOLATED)
u_top.dataMemory.sram_even_words/addr0[2]    0.040000    0.130046   -0.090046 (VIOLATED)
u_top.dataMemory.sram_odd_words/wmask0[1]    0.040000    0.130030   -0.090030 (VIOLATED)
u_top.dataMemory.sram_even_words/wmask0[1]    0.040000    0.129367   -0.089367 (VIOLATED)
u_top.dataMemory.sram_even_words/addr0[6]    0.040000    0.128944   -0.088944 (VIOLATED)
u_top.dataMemory.sram_odd_words/addr0[7]    0.040000    0.128933   -0.088933 (VIOLATED)
u_top.dataMemory.sram_even_words/addr0[8]    0.040000    0.127798   -0.087798 (VIOLATED)
u_top.dataMemory.sram_odd_words/addr0[1]    0.040000    0.127796   -0.087796 (VIOLATED)
u_top.dataMemory.sram_even_words/wmask0[2]    0.040000    0.126877   -0.086877 (VIOLATED)
u_top.dataMemory.sram_even_words/addr0[7]    0.040000    0.126754   -0.086754 (VIOLATED)
u_top.dataMemory.sram_odd_words/addr0[6]    0.040000    0.126565   -0.086565 (VIOLATED)
u_top.dataMemory.sram_even_words/addr0[0]    0.040000    0.126068   -0.086068 (VIOLATED)
u_top.dataMemory.sram_odd_words/addr0[5]    0.040000    0.125839   -0.085839 (VIOLATED)
u_top.dataMemory.sram_even_words/addr0[5]    0.040000    0.125728   -0.085728 (VIOLATED)
u_top.dataMemory.sram_odd_words/addr0[4]    0.040000    0.125406   -0.085406 (VIOLATED)
u_top.dataMemory.sram_even_words/addr0[3]    0.040000    0.125203   -0.085203 (VIOLATED)
u_top.dataMemory.sram_even_words/addr0[1]    0.040000    0.124872   -0.084872 (VIOLATED)
u_top.dataMemory.sram_even_words/wmask0[0]    0.040000    0.124779   -0.084779 (VIOLATED)
u_top.dataMemory.sram_odd_words/addr0[2]    0.040000    0.124694   -0.084694 (VIOLATED)
u_top.dataMemory.sram_odd_words/wmask0[0]    0.040000    0.124201   -0.084201 (VIOLATED)

max fanout

Pin                                   Limit Fanout  Slack
---------------------------------------------------------
_1573_/Q                                 10     14     -4 (VIOLATED)



===========================================================================
report_parasitic_annotation -report_unannotated
============================================================================
Found 250 unannotated drivers.
 _1667_/X
 _1667__154/HI
 _1668_/X
 _1668__155/HI
 _1669_/X
 _1669__156/HI
 _1670_/X
 _1670__157/HI
 _1671__163/LO
 _1673__158/HI
 _1675_/X
 _1676_/X
 _1677_/X
 _1678_/X
 _1679_/X
 _1680_/X
 _1681_/X
 _1682_/X
 _1683_/X
 _1684_/X
 _1684__159/HI
 _1685_/X
 _1686_/X
 _1687_/X
 _1688_/X
 _1688__160/HI
 _1689_/X
 _1690_/X
 _1691_/X
 _1692_/X
 _1692__161/HI
 _1693_/X
 _1694_/X
 _1695_/X
 _1696_/X
 _1696__162/HI
 _1697__164/LO
 clkload0/X
 clkload1/X
 clkload2/X
 u_top.dataMemory.sram_even_words/dout0[0]
 u_top.dataMemory.sram_even_words/dout0[10]
 u_top.dataMemory.sram_even_words/dout0[11]
 u_top.dataMemory.sram_even_words/dout0[12]
 u_top.dataMemory.sram_even_words/dout0[13]
 u_top.dataMemory.sram_even_words/dout0[14]
 u_top.dataMemory.sram_even_words/dout0[15]
 u_top.dataMemory.sram_even_words/dout0[16]
 u_top.dataMemory.sram_even_words/dout0[17]
 u_top.dataMemory.sram_even_words/dout0[18]
 u_top.dataMemory.sram_even_words/dout0[19]
 u_top.dataMemory.sram_even_words/dout0[1]
 u_top.dataMemory.sram_even_words/dout0[20]
 u_top.dataMemory.sram_even_words/dout0[21]
 u_top.dataMemory.sram_even_words/dout0[22]
 u_top.dataMemory.sram_even_words/dout0[23]
 u_top.dataMemory.sram_even_words/dout0[24]
 u_top.dataMemory.sram_even_words/dout0[25]
 u_top.dataMemory.sram_even_words/dout0[26]
 u_top.dataMemory.sram_even_words/dout0[27]
 u_top.dataMemory.sram_even_words/dout0[28]
 u_top.dataMemory.sram_even_words/dout0[29]
 u_top.dataMemory.sram_even_words/dout0[2]
 u_top.dataMemory.sram_even_words/dout0[30]
 u_top.dataMemory.sram_even_words/dout0[31]
 u_top.dataMemory.sram_even_words/dout0[3]
 u_top.dataMemory.sram_even_words/dout0[4]
 u_top.dataMemory.sram_even_words/dout0[5]
 u_top.dataMemory.sram_even_words/dout0[6]
 u_top.dataMemory.sram_even_words/dout0[7]
 u_top.dataMemory.sram_even_words/dout0[8]
 u_top.dataMemory.sram_even_words/dout0[9]
 u_top.dataMemory.sram_even_words/dout1[0]
 u_top.dataMemory.sram_even_words/dout1[10]
 u_top.dataMemory.sram_even_words/dout1[11]
 u_top.dataMemory.sram_even_words/dout1[12]
 u_top.dataMemory.sram_even_words/dout1[13]
 u_top.dataMemory.sram_even_words/dout1[14]
 u_top.dataMemory.sram_even_words/dout1[15]
 u_top.dataMemory.sram_even_words/dout1[16]
 u_top.dataMemory.sram_even_words/dout1[17]
 u_top.dataMemory.sram_even_words/dout1[18]
 u_top.dataMemory.sram_even_words/dout1[19]
 u_top.dataMemory.sram_even_words/dout1[1]
 u_top.dataMemory.sram_even_words/dout1[20]
 u_top.dataMemory.sram_even_words/dout1[21]
 u_top.dataMemory.sram_even_words/dout1[22]
 u_top.dataMemory.sram_even_words/dout1[23]
 u_top.dataMemory.sram_even_words/dout1[24]
 u_top.dataMemory.sram_even_words/dout1[25]
 u_top.dataMemory.sram_even_words/dout1[26]
 u_top.dataMemory.sram_even_words/dout1[27]
 u_top.dataMemory.sram_even_words/dout1[28]
 u_top.dataMemory.sram_even_words/dout1[29]
 u_top.dataMemory.sram_even_words/dout1[2]
 u_top.dataMemory.sram_even_words/dout1[30]
 u_top.dataMemory.sram_even_words/dout1[31]
 u_top.dataMemory.sram_even_words/dout1[3]
 u_top.dataMemory.sram_even_words/dout1[4]
 u_top.dataMemory.sram_even_words/dout1[5]
 u_top.dataMemory.sram_even_words/dout1[6]
 u_top.dataMemory.sram_even_words/dout1[7]
 u_top.dataMemory.sram_even_words/dout1[8]
 u_top.dataMemory.sram_even_words/dout1[9]
 u_top.dataMemory.sram_even_words_100/HI
 u_top.dataMemory.sram_even_words_101/HI
 u_top.dataMemory.sram_even_words_102/HI
 u_top.dataMemory.sram_even_words_103/HI
 u_top.dataMemory.sram_even_words_104/HI
 u_top.dataMemory.sram_even_words_105/HI
 u_top.dataMemory.sram_even_words_106/HI
 u_top.dataMemory.sram_even_words_107/HI
 u_top.dataMemory.sram_even_words_108/HI
 u_top.dataMemory.sram_even_words_109/HI
 u_top.dataMemory.sram_even_words_110/HI
 u_top.dataMemory.sram_even_words_111/HI
 u_top.dataMemory.sram_even_words_112/HI
 u_top.dataMemory.sram_even_words_72/HI
 u_top.dataMemory.sram_even_words_73/HI
 u_top.dataMemory.sram_even_words_74/HI
 u_top.dataMemory.sram_even_words_75/HI
 u_top.dataMemory.sram_even_words_76/HI
 u_top.dataMemory.sram_even_words_77/HI
 u_top.dataMemory.sram_even_words_78/HI
 u_top.dataMemory.sram_even_words_79/HI
 u_top.dataMemory.sram_even_words_80/HI
 u_top.dataMemory.sram_even_words_81/HI
 u_top.dataMemory.sram_even_words_82/HI
 u_top.dataMemory.sram_even_words_83/HI
 u_top.dataMemory.sram_even_words_84/HI
 u_top.dataMemory.sram_even_words_85/HI
 u_top.dataMemory.sram_even_words_86/HI
 u_top.dataMemory.sram_even_words_87/HI
 u_top.dataMemory.sram_even_words_88/HI
 u_top.dataMemory.sram_even_words_89/HI
 u_top.dataMemory.sram_even_words_90/HI
 u_top.dataMemory.sram_even_words_91/HI
 u_top.dataMemory.sram_even_words_92/HI
 u_top.dataMemory.sram_even_words_93/HI
 u_top.dataMemory.sram_even_words_94/HI
 u_top.dataMemory.sram_even_words_95/HI
 u_top.dataMemory.sram_even_words_96/HI
 u_top.dataMemory.sram_even_words_97/HI
 u_top.dataMemory.sram_even_words_98/HI
 u_top.dataMemory.sram_even_words_99/HI
 u_top.dataMemory.sram_odd_words/dout0[0]
 u_top.dataMemory.sram_odd_words/dout0[10]
 u_top.dataMemory.sram_odd_words/dout0[11]
 u_top.dataMemory.sram_odd_words/dout0[12]
 u_top.dataMemory.sram_odd_words/dout0[13]
 u_top.dataMemory.sram_odd_words/dout0[14]
 u_top.dataMemory.sram_odd_words/dout0[15]
 u_top.dataMemory.sram_odd_words/dout0[16]
 u_top.dataMemory.sram_odd_words/dout0[17]
 u_top.dataMemory.sram_odd_words/dout0[18]
 u_top.dataMemory.sram_odd_words/dout0[19]
 u_top.dataMemory.sram_odd_words/dout0[1]
 u_top.dataMemory.sram_odd_words/dout0[20]
 u_top.dataMemory.sram_odd_words/dout0[21]
 u_top.dataMemory.sram_odd_words/dout0[22]
 u_top.dataMemory.sram_odd_words/dout0[23]
 u_top.dataMemory.sram_odd_words/dout0[24]
 u_top.dataMemory.sram_odd_words/dout0[25]
 u_top.dataMemory.sram_odd_words/dout0[26]
 u_top.dataMemory.sram_odd_words/dout0[27]
 u_top.dataMemory.sram_odd_words/dout0[28]
 u_top.dataMemory.sram_odd_words/dout0[29]
 u_top.dataMemory.sram_odd_words/dout0[2]
 u_top.dataMemory.sram_odd_words/dout0[30]
 u_top.dataMemory.sram_odd_words/dout0[31]
 u_top.dataMemory.sram_odd_words/dout0[3]
 u_top.dataMemory.sram_odd_words/dout0[4]
 u_top.dataMemory.sram_odd_words/dout0[5]
 u_top.dataMemory.sram_odd_words/dout0[6]
 u_top.dataMemory.sram_odd_words/dout0[7]
 u_top.dataMemory.sram_odd_words/dout0[8]
 u_top.dataMemory.sram_odd_words/dout0[9]
 u_top.dataMemory.sram_odd_words/dout1[0]
 u_top.dataMemory.sram_odd_words/dout1[10]
 u_top.dataMemory.sram_odd_words/dout1[11]
 u_top.dataMemory.sram_odd_words/dout1[12]
 u_top.dataMemory.sram_odd_words/dout1[13]
 u_top.dataMemory.sram_odd_words/dout1[14]
 u_top.dataMemory.sram_odd_words/dout1[15]
 u_top.dataMemory.sram_odd_words/dout1[16]
 u_top.dataMemory.sram_odd_words/dout1[17]
 u_top.dataMemory.sram_odd_words/dout1[18]
 u_top.dataMemory.sram_odd_words/dout1[19]
 u_top.dataMemory.sram_odd_words/dout1[1]
 u_top.dataMemory.sram_odd_words/dout1[20]
 u_top.dataMemory.sram_odd_words/dout1[21]
 u_top.dataMemory.sram_odd_words/dout1[22]
 u_top.dataMemory.sram_odd_words/dout1[23]
 u_top.dataMemory.sram_odd_words/dout1[24]
 u_top.dataMemory.sram_odd_words/dout1[25]
 u_top.dataMemory.sram_odd_words/dout1[26]
 u_top.dataMemory.sram_odd_words/dout1[27]
 u_top.dataMemory.sram_odd_words/dout1[28]
 u_top.dataMemory.sram_odd_words/dout1[29]
 u_top.dataMemory.sram_odd_words/dout1[2]
 u_top.dataMemory.sram_odd_words/dout1[30]
 u_top.dataMemory.sram_odd_words/dout1[31]
 u_top.dataMemory.sram_odd_words/dout1[3]
 u_top.dataMemory.sram_odd_words/dout1[4]
 u_top.dataMemory.sram_odd_words/dout1[5]
 u_top.dataMemory.sram_odd_words/dout1[6]
 u_top.dataMemory.sram_odd_words/dout1[7]
 u_top.dataMemory.sram_odd_words/dout1[8]
 u_top.dataMemory.sram_odd_words/dout1[9]
 u_top.dataMemory.sram_odd_words_113/HI
 u_top.dataMemory.sram_odd_words_114/HI
 u_top.dataMemory.sram_odd_words_115/HI
 u_top.dataMemory.sram_odd_words_116/HI
 u_top.dataMemory.sram_odd_words_117/HI
 u_top.dataMemory.sram_odd_words_118/HI
 u_top.dataMemory.sram_odd_words_119/HI
 u_top.dataMemory.sram_odd_words_120/HI
 u_top.dataMemory.sram_odd_words_121/HI
 u_top.dataMemory.sram_odd_words_122/HI
 u_top.dataMemory.sram_odd_words_123/HI
 u_top.dataMemory.sram_odd_words_124/HI
 u_top.dataMemory.sram_odd_words_125/HI
 u_top.dataMemory.sram_odd_words_126/HI
 u_top.dataMemory.sram_odd_words_127/HI
 u_top.dataMemory.sram_odd_words_128/HI
 u_top.dataMemory.sram_odd_words_129/HI
 u_top.dataMemory.sram_odd_words_130/HI
 u_top.dataMemory.sram_odd_words_131/HI
 u_top.dataMemory.sram_odd_words_132/HI
 u_top.dataMemory.sram_odd_words_133/HI
 u_top.dataMemory.sram_odd_words_134/HI
 u_top.dataMemory.sram_odd_words_135/HI
 u_top.dataMemory.sram_odd_words_136/HI
 u_top.dataMemory.sram_odd_words_137/HI
 u_top.dataMemory.sram_odd_words_138/HI
 u_top.dataMemory.sram_odd_words_139/HI
 u_top.dataMemory.sram_odd_words_140/HI
 u_top.dataMemory.sram_odd_words_141/HI
 u_top.dataMemory.sram_odd_words_142/HI
 u_top.dataMemory.sram_odd_words_143/HI
 u_top.dataMemory.sram_odd_words_144/HI
 u_top.dataMemory.sram_odd_words_145/HI
 u_top.dataMemory.sram_odd_words_146/HI
 u_top.dataMemory.sram_odd_words_147/HI
 u_top.dataMemory.sram_odd_words_148/HI
 u_top.dataMemory.sram_odd_words_149/HI
 u_top.dataMemory.sram_odd_words_150/HI
 u_top.dataMemory.sram_odd_words_151/HI
 u_top.dataMemory.sram_odd_words_152/HI
 u_top.dataMemory.sram_odd_words_153/HI
Found 0 partially unannotated drivers.

===========================================================================
max slew violation count 26
max fanout violation count 1
max cap violation count 0
============================================================================

===========================================================================
check_setup -verbose -unconstrained_endpoints -multiple_clock -no_clock -no_input_delay -loops -generated_clocks
===========================================================================
