Clock: clk
Sources: clk 
Generated: no
Virtual: yes
Propagated: no
Period: 10.000000

===========================================================================
report_clock_properties
============================================================================
Clock                   Period          Waveform
----------------------------------------------------
clk                  10.000000    0.000000  5.000000

===========================================================================
report_clock_latency
============================================================================
Clock clk
rise -> rise
    min     max
0.000000 0.000000 source latency
0.937135         network latency u_top.dataMemory.sram_even_words/clk1
        1.265319 network latency _1567_/CLK
---------------
0.937135 1.265319 latency
        0.328184 skew

fall -> fall
    min     max
0.000000 0.000000 source latency
0.717539         network latency u_top.dataMemory.sram_even_words/clk1
        1.057567 network latency _1567_/CLK
---------------
0.717539 1.057567 latency
        0.340028 skew



===========================================================================
report_clock_min_period
============================================================================
clk period_min = 4.54 fmax = 220.37
