
===========================================================================
 report_power
============================================================================
======================= min_tt_025C_1v80 Corner ===================================

Group                    Internal    Switching      Leakage        Total
                            Power        Power        Power        Power (Watts)
------------------------------------------------------------------------
Sequential           5.208063e-04 4.553912e-07 1.158317e-09 5.212629e-04   4.2%
Combinational        1.917173e-05 2.765190e-05 3.797210e-09 4.682743e-05   0.4%
Clock                4.513367e-04 3.103728e-04 6.755682e-07 7.623851e-04   6.1%
Macro                1.104672e-02 0.000000e+00 3.545200e-05 1.108217e-02  89.3%
Pad                  0.000000e+00 0.000000e+00 0.000000e+00 0.000000e+00   0.0%
------------------------------------------------------------------------
Total                1.203803e-02 3.384801e-04 3.613260e-05 1.241265e-02 100.0%
                            97.0%         2.7%         0.3%

