+ analyze_power_grid -net vccd1 -voltage_file /home/ayesha/Downloads/riscv_mmu_fast_synthesis_project_an/riscv_mmu_fast_synthesis_project/runs/RUN_2026-09-13_10-44-24/58-openroad-irdropreport/net-vccd1.csv
[INFO PSM-0040] All shapes on net vccd1 are connected.
########## IR report #################
Net              : vccd1
Corner           : nom_tt_025C_1v80
Total power      : 1.24e-02 W
Supply voltage   : 1.80e+00 V
Worstcase voltage: 1.80e+00 V
Average voltage  : 1.80e+00 V
Average IR drop  : 8.67e-07 V
Worstcase IR drop: 7.93e-04 V
Percentage drop  : 0.04 %
######################################
+ analyze_power_grid -net vssd1 -voltage_file /home/ayesha/Downloads/riscv_mmu_fast_synthesis_project_an/riscv_mmu_fast_synthesis_project/runs/RUN_2026-09-13_10-44-24/58-openroad-irdropreport/net-vssd1.csv
[INFO PSM-0040] All shapes on net vssd1 are connected.
########## IR report #################
Net              : vssd1
Corner           : nom_tt_025C_1v80
Total power      : 1.24e-02 W
Supply voltage   : 0.00e+00 V
Worstcase voltage: 8.32e-04 V
Average voltage  : 8.47e-07 V
Average IR drop  : 8.47e-07 V
Worstcase IR drop: 8.32e-04 V
Percentage drop  : 0.05 %
######################################
