Clock: clk
Sources: clk 
Generated: no
Virtual: yes
Propagated: no
Period: 10.000000

===========================================================================
report_clock_properties
============================================================================
Clock                   Period          Waveform
----------------------------------------------------
clk                  10.000000    0.000000  5.000000

===========================================================================
report_clock_latency
============================================================================
Clock clk
rise -> rise
    min     max
0.000000 0.000000 source latency
1.643432         network latency u_top.dataMemory.sram_even_words/clk1
        2.232546 network latency _1567_/CLK
---------------
1.643432 2.232546 latency
        0.589114 skew

fall -> fall
    min     max
0.000000 0.000000 source latency
1.302362         network latency u_top.dataMemory.sram_even_words/clk1
        1.912286 network latency _1567_/CLK
---------------
1.302362 1.912286 latency
        0.609924 skew



===========================================================================
report_clock_min_period
============================================================================
clk period_min = 8.83 fmax = 113.21
