
===========================================================================
 report_power
============================================================================
======================= min_ss_100C_1v60 Corner ===================================

Group                    Internal    Switching      Leakage        Total
                            Power        Power        Power        Power (Watts)
------------------------------------------------------------------------
Sequential           4.040825e-04 3.516934e-07 1.995596e-06 4.064298e-04   3.3%
Combinational        1.555620e-05 2.164799e-05 4.437559e-06 4.164174e-05   0.3%
Clock                3.659504e-04 2.401413e-04 1.136217e-06 6.072279e-04   5.0%
Macro                1.104672e-02 0.000000e+00 3.545200e-05 1.108217e-02  91.3%
Pad                  0.000000e+00 0.000000e+00 0.000000e+00 0.000000e+00   0.0%
------------------------------------------------------------------------
Total                1.183231e-02 2.621410e-04 4.302142e-05 1.213747e-02 100.0%
                            97.5%         2.2%         0.4%

