Reading timing models for corner nom_tt_025C_1v80…
Reading timing library for the 'nom_tt_025C_1v80' corner at '/home/ayesha/.ciel/ciel/sky130/versions/8afc8346a57fe1ab7934ba5a6056ea8b43078e71/sky130A/libs.ref/sky130_fd_sc_hd/lib/sky130_fd_sc_hd__tt_025C_1v80.lib'…
Reading timing library for the 'nom_tt_025C_1v80' corner at '/home/ayesha/.ciel/ciel/sky130/versions/8afc8346a57fe1ab7934ba5a6056ea8b43078e71/sky130A/libs.ref/sky130_sram_macros/lib/sky130_sram_2kbyte_1rw1r_32x512_8_TT_1p8V_25C.lib'…
Reading OpenROAD database at '/home/ayesha/Downloads/riscv_mmu_fast_synthesis_project_an/riscv_mmu_fast_synthesis_project/runs/RUN_2026-09-13_10-44-24/44-openroad-resizertimingpostgrt/SoC_Hardened.odb'…
Reading design constraints file at '/home/ayesha/Downloads/riscv_mmu_fast_synthesis_project_an/riscv_mmu_fast_synthesis_project/impl.sdc'…
[INFO] Using clock clk…
[INFO] Setting output delay to: 2.0
[INFO] Setting input delay to: 2.0
[INFO] Setting load to: 0.033442
[INFO] Setting clock uncertainty to: 0.25
[INFO] Setting clock transition to: 0.1499999999999999944488848768742172978818416595458984375
[INFO] Setting timing derate to: 5.0%
[INFO] No information on clock propagation in input SDC file-- propagating all clocks.
[INFO ORD-0030] Using 2 thread(s).
+ detailed_route -droute_end_iter 64 -or_seed 42 -verbose 1 -output_drc /home/ayesha/Downloads/riscv_mmu_fast_synthesis_project_an/riscv_mmu_fast_synthesis_project/runs/RUN_2026-09-13_10-44-24/46-openroad-detailedrouting/drt-run-0/SoC_Hardened.drc
[INFO DRT-0149] Reading tech and libs.
[WARNING DRT-0349] LEF58_ENCLOSURE with no CUTCLASS is not supported. Skipping for layer mcon
[WARNING DRT-0349] LEF58_ENCLOSURE with no CUTCLASS is not supported. Skipping for layer mcon
[WARNING DRT-0349] LEF58_ENCLOSURE with no CUTCLASS is not supported. Skipping for layer via
[WARNING DRT-0349] LEF58_ENCLOSURE with no CUTCLASS is not supported. Skipping for layer via
[WARNING DRT-0349] LEF58_ENCLOSURE with no CUTCLASS is not supported. Skipping for layer via2
[WARNING DRT-0349] LEF58_ENCLOSURE with no CUTCLASS is not supported. Skipping for layer via2
[WARNING DRT-0349] LEF58_ENCLOSURE with no CUTCLASS is not supported. Skipping for layer via3
[WARNING DRT-0349] LEF58_ENCLOSURE with no CUTCLASS is not supported. Skipping for layer via3
[WARNING DRT-0349] LEF58_ENCLOSURE with no CUTCLASS is not supported. Skipping for layer via4
[WARNING DRT-0349] LEF58_ENCLOSURE with no CUTCLASS is not supported. Skipping for layer via4

Units:                1000
Number of layers:     13
Number of macros:     446
Number of vias:       30
Number of viarulegen: 25

[INFO DRT-0150] Reading design.

Design:                   SoC_Hardened
Die area:                 ( 0 0 ) ( 1212070 1222790 )
Number of track patterns: 12
Number of DEF vias:       0
Number of components:     14509
Number of terminals:      9
Number of snets:          2
Number of nets:           1179

[INFO DRT-0167] List of default vias:
  Layer via
    default via: M1M2_PR
  Layer via2
    default via: M2M3_PR
  Layer via3
    default via: M3M4_PR
  Layer via4
    default via: M4M5_PR
[INFO DRT-0162] Library cell analysis.
[INFO DRT-0163] Instance analysis.
[INFO DRT-0164] Number of unique instances = 161.
[INFO DRT-0168] Init region query.
[INFO DRT-0024]   Complete FR_MASTERSLICE.
[INFO DRT-0024]   Complete licon.
[INFO DRT-0024]   Complete li1.
[INFO DRT-0024]   Complete mcon.
[INFO DRT-0024]   Complete met1.
[INFO DRT-0024]   Complete via.
[INFO DRT-0024]   Complete met2.
[INFO DRT-0024]   Complete via2.
[INFO DRT-0024]   Complete met3.
[INFO DRT-0024]   Complete via3.
[INFO DRT-0024]   Complete met4.
[INFO DRT-0024]   Complete via4.
[INFO DRT-0024]   Complete met5.
[INFO DRT-0033] FR_MASTERSLICE shape region query size = 0.
[INFO DRT-0033] licon shape region query size = 0.
[INFO DRT-0033] li1 shape region query size = 84142.
[INFO DRT-0033] mcon shape region query size = 0.
[INFO DRT-0033] met1 shape region query size = 36021.
[INFO DRT-0033] via shape region query size = 29988.
[INFO DRT-0033] met2 shape region query size = 10000.
[INFO DRT-0033] via2 shape region query size = 24990.
[INFO DRT-0033] met3 shape region query size = 15109.
[INFO DRT-0033] via3 shape region query size = 24990.
[INFO DRT-0033] met4 shape region query size = 6163.
[INFO DRT-0033] via4 shape region query size = 517.
[INFO DRT-0033] met5 shape region query size = 597.
[INFO DRT-0165] Start pin access.
[INFO DRT-0076]   Complete 1000 pins.
[INFO DRT-0078]   Complete 1435 pins.
[INFO DRT-0079]   Complete 100 unique inst patterns.
[INFO DRT-0081]   Complete 159 unique inst patterns.
[INFO DRT-0084]   Complete 819 groups.
#scanned instances     = 14509
#unique  instances     = 161
#stdCellGenAp          = 4258
#stdCellValidPlanarAp  = 66
#stdCellValidViaAp     = 3204
#stdCellPinNoAp        = 0
#stdCellPinCnt         = 2799
#instTermValidViaApCnt = 0
#macroGenAp            = 428
#macroValidPlanarAp    = 428
#macroValidViaAp       = 0
#macroNoAp             = 0
[INFO DRT-0166] Complete pin access.
[INFO DRT-0267] cpu time = 00:02:47, elapsed time = 00:01:39, memory = 164.26 (MB), peak = 164.05 (MB)

[INFO DRT-0157] Number of guides:     6284

[INFO DRT-0169] Post process guides.
[INFO DRT-0176] GCELLGRID X 0 DO 175 STEP 6900 ;
[INFO DRT-0177] GCELLGRID Y 0 DO 177 STEP 6900 ;
[INFO DRT-0028]   Complete FR_MASTERSLICE.
[INFO DRT-0028]   Complete licon.
[INFO DRT-0028]   Complete li1.
[INFO DRT-0028]   Complete mcon.
[INFO DRT-0028]   Complete met1.
[INFO DRT-0028]   Complete via.
[INFO DRT-0028]   Complete met2.
[INFO DRT-0028]   Complete via2.
[INFO DRT-0028]   Complete met3.
[INFO DRT-0028]   Complete via3.
[INFO DRT-0028]   Complete met4.
[INFO DRT-0028]   Complete via4.
[INFO DRT-0028]   Complete met5.
[INFO DRT-0178] Init guide query.
[INFO DRT-0035]   Complete FR_MASTERSLICE (guide).
[INFO DRT-0035]   Complete licon (guide).
[INFO DRT-0035]   Complete li1 (guide).
[INFO DRT-0035]   Complete mcon (guide).
[INFO DRT-0035]   Complete met1 (guide).
[INFO DRT-0035]   Complete via (guide).
[INFO DRT-0035]   Complete met2 (guide).
[INFO DRT-0035]   Complete via2 (guide).
[INFO DRT-0035]   Complete met3 (guide).
[INFO DRT-0035]   Complete via3 (guide).
[INFO DRT-0035]   Complete met4 (guide).
[INFO DRT-0035]   Complete via4 (guide).
[INFO DRT-0035]   Complete met5 (guide).
[INFO DRT-0036] FR_MASTERSLICE guide region query size = 0.
[INFO DRT-0036] licon guide region query size = 0.
[INFO DRT-0036] li1 guide region query size = 2281.
[INFO DRT-0036] mcon guide region query size = 0.
[INFO DRT-0036] met1 guide region query size = 1830.
[INFO DRT-0036] via guide region query size = 0.
[INFO DRT-0036] met2 guide region query size = 846.
[INFO DRT-0036] via2 guide region query size = 0.
[INFO DRT-0036] met3 guide region query size = 130.
[INFO DRT-0036] via3 guide region query size = 0.
[INFO DRT-0036] met4 guide region query size = 88.
[INFO DRT-0036] via4 guide region query size = 0.
[INFO DRT-0036] met5 guide region query size = 2.
[INFO DRT-0179] Init gr pin query.
[INFO DRT-0267] cpu time = 00:00:00, elapsed time = 00:00:00, memory = 166.71 (MB), peak = 166.55 (MB)
[INFO DRT-0245] skipped writing guide updates to database.
[INFO DRT-0185] Post process initialize RPin region query.
[INFO DRT-0181] Start track assignment.
[INFO DRT-0184] Done with 3215 vertical wires in 4 frboxes and 1962 horizontal wires in 4 frboxes.
[INFO DRT-0186] Done with 164 vertical wires in 4 frboxes and 482 horizontal wires in 4 frboxes.
[INFO DRT-0182] Complete track assignment.
[INFO DRT-0267] cpu time = 00:00:03, elapsed time = 00:00:02, memory = 211.79 (MB), peak = 217.55 (MB)
[INFO DRT-0187] Start routing data preparation.
[INFO DRT-0267] cpu time = 00:00:00, elapsed time = 00:00:00, memory = 211.79 (MB), peak = 217.55 (MB)
[INFO DRT-0194] Start detail routing.
[INFO DRT-0195] Start 0th optimization iteration.
    Completing 10% with 0 violations.
    elapsed time = 00:00:00, memory = 212.39 (MB).
    Completing 20% with 0 violations.
    elapsed time = 00:00:00, memory = 213.04 (MB).
    Completing 30% with 81 violations.
    elapsed time = 00:00:18, memory = 252.84 (MB).
    Completing 40% with 81 violations.
    elapsed time = 00:00:20, memory = 252.84 (MB).
    Completing 50% with 81 violations.
    elapsed time = 00:00:22, memory = 252.84 (MB).
    Completing 60% with 98 violations.
    elapsed time = 00:00:22, memory = 252.84 (MB).
    Completing 70% with 98 violations.
    elapsed time = 00:00:25, memory = 262.97 (MB).
    Completing 80% with 166 violations.
    elapsed time = 00:00:37, memory = 281.44 (MB).
    Completing 90% with 166 violations.
    elapsed time = 00:00:42, memory = 281.44 (MB).
    Completing 100% with 180 violations.
    elapsed time = 00:00:45, memory = 281.44 (MB).
[INFO DRT-0199]   Number of violations = 237.
Viol/Layer         li1   met1   met2   met4
Metal Spacing        0     52      8      3
Recheck              4     46      7      0
Short                0    112      5      0
[INFO DRT-0267] cpu time = 00:01:07, elapsed time = 00:00:47, memory = 591.02 (MB), peak = 590.83 (MB)
Total wire length = 31446 um.
Total wire length on LAYER li1 = 0 um.
Total wire length on LAYER met1 = 15452 um.
Total wire length on LAYER met2 = 14702 um.
Total wire length on LAYER met3 = 1064 um.
Total wire length on LAYER met4 = 225 um.
Total wire length on LAYER met5 = 0 um.
Total number of vias = 5799.
Up-via summary (total 5799):

-----------------------
 FR_MASTERSLICE       0
            li1    2795
           met1    2776
           met2     142
           met3      86
           met4       0
-----------------------
               5799


[INFO DRT-0195] Start 1st optimization iteration.
    Completing 10% with 237 violations.
    elapsed time = 00:00:01, memory = 591.06 (MB).
    Completing 20% with 237 violations.
    elapsed time = 00:00:02, memory = 591.06 (MB).
    Completing 30% with 170 violations.
    elapsed time = 00:00:15, memory = 591.06 (MB).
    Completing 40% with 170 violations.
    elapsed time = 00:00:16, memory = 591.06 (MB).
    Completing 50% with 170 violations.
    elapsed time = 00:00:20, memory = 591.06 (MB).
    Completing 60% with 143 violations.
    elapsed time = 00:00:20, memory = 591.06 (MB).
    Completing 70% with 143 violations.
    elapsed time = 00:00:22, memory = 591.06 (MB).
    Completing 80% with 89 violations.
    elapsed time = 00:00:39, memory = 591.06 (MB).
    Completing 90% with 89 violations.
    elapsed time = 00:00:42, memory = 591.06 (MB).
    Completing 100% with 66 violations.
    elapsed time = 00:00:50, memory = 591.06 (MB).
[INFO DRT-0199]   Number of violations = 66.
Viol/Layer        met1   met2
Metal Spacing       19      1
Short               45      1
[INFO DRT-0267] cpu time = 00:01:14, elapsed time = 00:00:50, memory = 591.19 (MB), peak = 590.95 (MB)
Total wire length = 31356 um.
Total wire length on LAYER li1 = 0 um.
Total wire length on LAYER met1 = 15478 um.
Total wire length on LAYER met2 = 14629 um.
Total wire length on LAYER met3 = 1034 um.
Total wire length on LAYER met4 = 214 um.
Total wire length on LAYER met5 = 0 um.
Total number of vias = 5769.
Up-via summary (total 5769):

-----------------------
 FR_MASTERSLICE       0
            li1    2792
           met1    2751
           met2     140
           met3      86
           met4       0
-----------------------
               5769


[INFO DRT-0195] Start 2nd optimization iteration.
    Completing 10% with 66 violations.
    elapsed time = 00:00:00, memory = 591.19 (MB).
    Completing 20% with 66 violations.
    elapsed time = 00:00:00, memory = 591.19 (MB).
    Completing 30% with 69 violations.
    elapsed time = 00:00:03, memory = 591.19 (MB).
    Completing 40% with 69 violations.
    elapsed time = 00:00:03, memory = 591.19 (MB).
    Completing 50% with 69 violations.
    elapsed time = 00:00:15, memory = 591.19 (MB).
    Completing 60% with 89 violations.
    elapsed time = 00:00:15, memory = 591.19 (MB).
    Completing 70% with 89 violations.
    elapsed time = 00:00:15, memory = 591.19 (MB).
    Completing 80% with 85 violations.
    elapsed time = 00:00:16, memory = 591.19 (MB).
    Completing 90% with 85 violations.
    elapsed time = 00:00:16, memory = 591.19 (MB).
    Completing 100% with 89 violations.
    elapsed time = 00:00:25, memory = 591.19 (MB).
[INFO DRT-0199]   Number of violations = 89.
Viol/Layer        met1   met2
Metal Spacing       23      3
Short               63      0
[INFO DRT-0267] cpu time = 00:00:36, elapsed time = 00:00:25, memory = 591.19 (MB), peak = 590.95 (MB)
Total wire length = 31292 um.
Total wire length on LAYER li1 = 0 um.
Total wire length on LAYER met1 = 15437 um.
Total wire length on LAYER met2 = 14595 um.
Total wire length on LAYER met3 = 1045 um.
Total wire length on LAYER met4 = 214 um.
Total wire length on LAYER met5 = 0 um.
Total number of vias = 5749.
Up-via summary (total 5749):

-----------------------
 FR_MASTERSLICE       0
            li1    2792
           met1    2733
           met2     138
           met3      86
           met4       0
-----------------------
               5749


[INFO DRT-0195] Start 3rd guides tiles iteration.
    Completing 10% with 89 violations.
    elapsed time = 00:00:00, memory = 591.32 (MB).
    Completing 20% with 89 violations.
    elapsed time = 00:00:00, memory = 591.32 (MB).
    Completing 30% with 89 violations.
    elapsed time = 00:00:00, memory = 591.32 (MB).
    Completing 40% with 89 violations.
    elapsed time = 00:00:05, memory = 591.32 (MB).
    Completing 50% with 0 violations.
    elapsed time = 00:00:05, memory = 591.32 (MB).
    Completing 60% with 0 violations.
    elapsed time = 00:00:05, memory = 591.32 (MB).
    Completing 70% with 0 violations.
    elapsed time = 00:00:05, memory = 591.32 (MB).
    Completing 80% with 0 violations.
    elapsed time = 00:00:05, memory = 591.32 (MB).
    Completing 90% with 0 violations.
    elapsed time = 00:00:05, memory = 591.32 (MB).
    Completing 100% with 0 violations.
    elapsed time = 00:00:05, memory = 591.32 (MB).
[INFO DRT-0199]   Number of violations = 0.
[INFO DRT-0267] cpu time = 00:00:06, elapsed time = 00:00:05, memory = 591.32 (MB), peak = 591.08 (MB)
Total wire length = 31261 um.
Total wire length on LAYER li1 = 0 um.
Total wire length on LAYER met1 = 15014 um.
Total wire length on LAYER met2 = 14612 um.
Total wire length on LAYER met3 = 1419 um.
Total wire length on LAYER met4 = 214 um.
Total wire length on LAYER met5 = 0 um.
Total number of vias = 5775.
Up-via summary (total 5775):

-----------------------
 FR_MASTERSLICE       0
            li1    2790
           met1    2735
           met2     164
           met3      86
           met4       0
-----------------------
               5775


[INFO DRT-0198] Complete detail routing.
Total wire length = 31261 um.
Total wire length on LAYER li1 = 0 um.
Total wire length on LAYER met1 = 15014 um.
Total wire length on LAYER met2 = 14612 um.
Total wire length on LAYER met3 = 1419 um.
Total wire length on LAYER met4 = 214 um.
Total wire length on LAYER met5 = 0 um.
Total number of vias = 5775.
Up-via summary (total 5775):

-----------------------
 FR_MASTERSLICE       0
            li1    2790
           met1    2735
           met2     164
           met3      86
           met4       0
-----------------------
               5775


[INFO DRT-0267] cpu time = 00:03:04, elapsed time = 00:02:10, memory = 591.32 (MB), peak = 591.08 (MB)

[INFO DRT-0180] Post processing.
+ check_antennas 
[INFO ANT-0002] Found 3 net violations.
[INFO ANT-0001] Found 3 pin violations.
[INFO] Running antenna repair iteration 1…
+ repair_antennas sky130_fd_sc_hd__diode_2 -ratio_margin 10
[INFO GRT-0012] Found 3 antenna violations.
[INFO GRT-0015] Inserted 14 diodes.
+ detailed_route -droute_end_iter 64 -or_seed 42 -verbose 1 -output_drc /home/ayesha/Downloads/riscv_mmu_fast_synthesis_project_an/riscv_mmu_fast_synthesis_project/runs/RUN_2026-09-13_10-44-24/46-openroad-detailedrouting/drt-run-1/SoC_Hardened.drc
[INFO DRT-0024]   Complete FR_MASTERSLICE.
[INFO DRT-0024]   Complete licon.
[INFO DRT-0024]   Complete li1.
[INFO DRT-0024]   Complete mcon.
[INFO DRT-0024]   Complete met1.
[INFO DRT-0024]   Complete via.
[INFO DRT-0024]   Complete met2.
[INFO DRT-0024]   Complete via2.
[INFO DRT-0024]   Complete met3.
[INFO DRT-0024]   Complete via3.
[INFO DRT-0024]   Complete met4.
[INFO DRT-0024]   Complete via4.
[INFO DRT-0024]   Complete met5.
[INFO DRT-0165] Start pin access.
[INFO DRT-0076]   Complete 1000 pins.
[INFO DRT-0078]   Complete 1445 pins.
[INFO DRT-0079]   Complete 100 unique inst patterns.
[INFO DRT-0081]   Complete 161 unique inst patterns.
[INFO DRT-0084]   Complete 823 groups.
#scanned instances     = 14523
#unique  instances     = 163
#stdCellGenAp          = 4282
#stdCellValidPlanarAp  = 66
#stdCellValidViaAp     = 3228
#stdCellPinNoAp        = 0
#stdCellPinCnt         = 2799
#instTermValidViaApCnt = 0
#macroGenAp            = 428
#macroValidPlanarAp    = 428
#macroValidViaAp       = 0
#macroNoAp             = 0
[INFO DRT-0166] Complete pin access.
[INFO DRT-0267] cpu time = 00:02:41, elapsed time = 00:01:32, memory = 593.18 (MB), peak = 592.95 (MB)

[INFO DRT-0157] Number of guides:     6294

[INFO DRT-0169] Post process guides.
[INFO DRT-0176] GCELLGRID X 0 DO 175 STEP 6900 ;
[INFO DRT-0177] GCELLGRID Y 0 DO 177 STEP 6900 ;
[INFO DRT-0028]   Complete FR_MASTERSLICE.
[INFO DRT-0028]   Complete licon.
[INFO DRT-0028]   Complete li1.
[INFO DRT-0028]   Complete mcon.
[INFO DRT-0028]   Complete met1.
[INFO DRT-0028]   Complete via.
[INFO DRT-0028]   Complete met2.
[INFO DRT-0028]   Complete via2.
[INFO DRT-0028]   Complete met3.
[INFO DRT-0028]   Complete via3.
[INFO DRT-0028]   Complete met4.
[INFO DRT-0028]   Complete via4.
[INFO DRT-0028]   Complete met5.
[INFO DRT-0178] Init guide query.
[INFO DRT-0035]   Complete FR_MASTERSLICE (guide).
[INFO DRT-0035]   Complete licon (guide).
[INFO DRT-0035]   Complete li1 (guide).
[INFO DRT-0035]   Complete mcon (guide).
[INFO DRT-0035]   Complete met1 (guide).
[INFO DRT-0035]   Complete via (guide).
[INFO DRT-0035]   Complete met2 (guide).
[INFO DRT-0035]   Complete via2 (guide).
[INFO DRT-0035]   Complete met3 (guide).
[INFO DRT-0035]   Complete via3 (guide).
[INFO DRT-0035]   Complete met4 (guide).
[INFO DRT-0035]   Complete via4 (guide).
[INFO DRT-0035]   Complete met5 (guide).
[INFO DRT-0036] FR_MASTERSLICE guide region query size = 0.
[INFO DRT-0036] licon guide region query size = 0.
[INFO DRT-0036] li1 guide region query size = 2286.
[INFO DRT-0036] mcon guide region query size = 0.
[INFO DRT-0036] met1 guide region query size = 1836.
[INFO DRT-0036] via guide region query size = 0.
[INFO DRT-0036] met2 guide region query size = 847.
[INFO DRT-0036] via2 guide region query size = 0.
[INFO DRT-0036] met3 guide region query size = 129.
[INFO DRT-0036] via3 guide region query size = 0.
[INFO DRT-0036] met4 guide region query size = 88.
[INFO DRT-0036] via4 guide region query size = 0.
[INFO DRT-0036] met5 guide region query size = 2.
[INFO DRT-0179] Init gr pin query.
[INFO DRT-0267] cpu time = 00:00:00, elapsed time = 00:00:00, memory = 593.18 (MB), peak = 592.95 (MB)
[INFO DRT-0245] skipped writing guide updates to database.
[INFO DRT-0185] Post process initialize RPin region query.
[INFO DRT-0181] Start track assignment.
[INFO DRT-0184] Done with 3221 vertical wires in 4 frboxes and 1967 horizontal wires in 4 frboxes.
[INFO DRT-0186] Done with 171 vertical wires in 4 frboxes and 488 horizontal wires in 4 frboxes.
[INFO DRT-0182] Complete track assignment.
[INFO DRT-0267] cpu time = 00:00:03, elapsed time = 00:00:01, memory = 593.18 (MB), peak = 592.95 (MB)
[INFO DRT-0187] Start routing data preparation.
[INFO DRT-0267] cpu time = 00:00:00, elapsed time = 00:00:00, memory = 593.18 (MB), peak = 592.95 (MB)
[INFO DRT-0194] Start detail routing.
[INFO DRT-0195] Start 0th optimization iteration.
    Completing 10% with 0 violations.
    elapsed time = 00:00:00, memory = 593.18 (MB).
    Completing 20% with 0 violations.
    elapsed time = 00:00:00, memory = 593.18 (MB).
    Completing 30% with 29 violations.
    elapsed time = 00:00:02, memory = 593.18 (MB).
    Completing 40% with 29 violations.
    elapsed time = 00:00:03, memory = 593.18 (MB).
    Completing 50% with 29 violations.
    elapsed time = 00:00:04, memory = 593.18 (MB).
    Completing 60% with 29 violations.
    elapsed time = 00:00:04, memory = 593.18 (MB).
    Completing 70% with 29 violations.
    elapsed time = 00:00:06, memory = 593.18 (MB).
    Completing 80% with 64 violations.
    elapsed time = 00:00:08, memory = 593.18 (MB).
    Completing 90% with 64 violations.
    elapsed time = 00:00:09, memory = 593.18 (MB).
    Completing 100% with 67 violations.
    elapsed time = 00:00:10, memory = 593.18 (MB).
[INFO DRT-0199]   Number of violations = 79.
Viol/Layer        met1   met2
Metal Spacing        2      1
Recheck              5      7
Short               49     15
[INFO DRT-0267] cpu time = 00:00:19, elapsed time = 00:00:11, memory = 745.57 (MB), peak = 745.33 (MB)
Total wire length = 31241 um.
Total wire length on LAYER li1 = 0 um.
Total wire length on LAYER met1 = 15606 um.
Total wire length on LAYER met2 = 14624 um.
Total wire length on LAYER met3 = 795 um.
Total wire length on LAYER met4 = 214 um.
Total wire length on LAYER met5 = 0 um.
Total number of vias = 5798.
Up-via summary (total 5798):

-----------------------
 FR_MASTERSLICE       0
            li1    2806
           met1    2746
           met2     160
           met3      86
           met4       0
-----------------------
               5798


[INFO DRT-0195] Start 1st optimization iteration.
    Completing 10% with 79 violations.
    elapsed time = 00:00:00, memory = 745.57 (MB).
    Completing 20% with 79 violations.
    elapsed time = 00:00:00, memory = 745.57 (MB).
    Completing 30% with 80 violations.
    elapsed time = 00:00:01, memory = 745.57 (MB).
    Completing 40% with 80 violations.
    elapsed time = 00:00:02, memory = 745.57 (MB).
    Completing 50% with 80 violations.
    elapsed time = 00:00:03, memory = 745.57 (MB).
    Completing 60% with 78 violations.
    elapsed time = 00:00:03, memory = 745.57 (MB).
    Completing 70% with 78 violations.
    elapsed time = 00:00:04, memory = 745.57 (MB).
    Completing 80% with 70 violations.
    elapsed time = 00:00:06, memory = 745.57 (MB).
    Completing 90% with 70 violations.
    elapsed time = 00:00:07, memory = 745.57 (MB).
    Completing 100% with 58 violations.
    elapsed time = 00:00:09, memory = 745.57 (MB).
[INFO DRT-0199]   Number of violations = 58.
Viol/Layer        met1   met2
Metal Spacing        4      0
Short               51      3
[INFO DRT-0267] cpu time = 00:00:17, elapsed time = 00:00:10, memory = 745.69 (MB), peak = 745.45 (MB)
Total wire length = 31239 um.
Total wire length on LAYER li1 = 0 um.
Total wire length on LAYER met1 = 15605 um.
Total wire length on LAYER met2 = 14624 um.
Total wire length on LAYER met3 = 795 um.
Total wire length on LAYER met4 = 214 um.
Total wire length on LAYER met5 = 0 um.
Total number of vias = 5793.
Up-via summary (total 5793):

-----------------------
 FR_MASTERSLICE       0
            li1    2806
           met1    2741
           met2     160
           met3      86
           met4       0
-----------------------
               5793


[INFO DRT-0195] Start 2nd optimization iteration.
    Completing 10% with 58 violations.
    elapsed time = 00:00:00, memory = 745.69 (MB).
    Completing 20% with 58 violations.
    elapsed time = 00:00:00, memory = 745.69 (MB).
    Completing 30% with 58 violations.
    elapsed time = 00:00:00, memory = 745.69 (MB).
    Completing 40% with 58 violations.
    elapsed time = 00:00:00, memory = 745.69 (MB).
    Completing 50% with 58 violations.
    elapsed time = 00:00:02, memory = 745.69 (MB).
    Completing 60% with 39 violations.
    elapsed time = 00:00:02, memory = 745.69 (MB).
    Completing 70% with 39 violations.
    elapsed time = 00:00:02, memory = 745.69 (MB).
    Completing 80% with 39 violations.
    elapsed time = 00:00:02, memory = 745.69 (MB).
    Completing 90% with 39 violations.
    elapsed time = 00:00:02, memory = 745.69 (MB).
    Completing 100% with 37 violations.
    elapsed time = 00:00:03, memory = 745.69 (MB).
[INFO DRT-0199]   Number of violations = 37.
Viol/Layer        met1   met2
Short               34      3
[INFO DRT-0267] cpu time = 00:00:05, elapsed time = 00:00:03, memory = 745.69 (MB), peak = 745.45 (MB)
Total wire length = 31242 um.
Total wire length on LAYER li1 = 0 um.
Total wire length on LAYER met1 = 15605 um.
Total wire length on LAYER met2 = 14626 um.
Total wire length on LAYER met3 = 795 um.
Total wire length on LAYER met4 = 214 um.
Total wire length on LAYER met5 = 0 um.
Total number of vias = 5793.
Up-via summary (total 5793):

-----------------------
 FR_MASTERSLICE       0
            li1    2806
           met1    2741
           met2     160
           met3      86
           met4       0
-----------------------
               5793


[INFO DRT-0195] Start 3rd guides tiles iteration.
    Completing 20% with 37 violations.
    elapsed time = 00:00:00, memory = 745.69 (MB).
    Completing 40% with 37 violations.
    elapsed time = 00:00:01, memory = 745.69 (MB).
    Completing 60% with 0 violations.
    elapsed time = 00:00:01, memory = 745.69 (MB).
    Completing 80% with 0 violations.
    elapsed time = 00:00:01, memory = 745.69 (MB).
    Completing 100% with 0 violations.
    elapsed time = 00:00:01, memory = 745.69 (MB).
[INFO DRT-0199]   Number of violations = 0.
[INFO DRT-0267] cpu time = 00:00:02, elapsed time = 00:00:01, memory = 745.69 (MB), peak = 745.45 (MB)
Total wire length = 31237 um.
Total wire length on LAYER li1 = 0 um.
Total wire length on LAYER met1 = 14962 um.
Total wire length on LAYER met2 = 14642 um.
Total wire length on LAYER met3 = 1417 um.
Total wire length on LAYER met4 = 214 um.
Total wire length on LAYER met5 = 0 um.
Total number of vias = 5813.
Up-via summary (total 5813):

-----------------------
 FR_MASTERSLICE       0
            li1    2808
           met1    2751
           met2     168
           met3      86
           met4       0
-----------------------
               5813


[INFO DRT-0198] Complete detail routing.
Total wire length = 31237 um.
Total wire length on LAYER li1 = 0 um.
Total wire length on LAYER met1 = 14962 um.
Total wire length on LAYER met2 = 14642 um.
Total wire length on LAYER met3 = 1417 um.
Total wire length on LAYER met4 = 214 um.
Total wire length on LAYER met5 = 0 um.
Total number of vias = 5813.
Up-via summary (total 5813):

-----------------------
 FR_MASTERSLICE       0
            li1    2808
           met1    2751
           met2     168
           met3      86
           met4       0
-----------------------
               5813


[INFO DRT-0267] cpu time = 00:00:44, elapsed time = 00:00:26, memory = 745.73 (MB), peak = 745.58 (MB)

[INFO DRT-0180] Post processing.
+ check_antennas 
[INFO ANT-0002] Found 0 net violations.
[INFO ANT-0001] Found 0 pin violations.
Setting global connections for newly added cells…
[INFO] Setting global connections...
^.*sram_even_words$ matched with u_top.dataMemory.sram_even_words
^.*sram_odd_words$ matched with u_top.dataMemory.sram_odd_words
[INFO ODB-0403] 56 connections made, 0 conflicts skipped.
Updating metrics…
Cell type report:                       Count       Area
  Macro                                     2  569076.95
  Fill cell                              1526    5727.99
  Tap cell                              11929   14925.56
  Antenna cell                             14      35.03
  Buffer                                  322    1611.55
  Clock buffer                             32     658.13
  Timing Repair Buffer                    112     972.18
  Inverter                                 34     130.12
  Sequential cell                         130    2833.97
  Multi-Input combinational cell          422    3439.55
  Total                                 14523  599411.04
Writing OpenROAD database to '/home/ayesha/Downloads/riscv_mmu_fast_synthesis_project_an/riscv_mmu_fast_synthesis_project/runs/RUN_2026-09-13_10-44-24/46-openroad-detailedrouting/SoC_Hardened.odb'…
Writing netlist to '/home/ayesha/Downloads/riscv_mmu_fast_synthesis_project_an/riscv_mmu_fast_synthesis_project/runs/RUN_2026-09-13_10-44-24/46-openroad-detailedrouting/SoC_Hardened.nl.v'…
Writing powered netlist to '/home/ayesha/Downloads/riscv_mmu_fast_synthesis_project_an/riscv_mmu_fast_synthesis_project/runs/RUN_2026-09-13_10-44-24/46-openroad-detailedrouting/SoC_Hardened.pnl.v'…
Writing layout to '/home/ayesha/Downloads/riscv_mmu_fast_synthesis_project_an/riscv_mmu_fast_synthesis_project/runs/RUN_2026-09-13_10-44-24/46-openroad-detailedrouting/SoC_Hardened.def'…
Writing timing constraints to '/home/ayesha/Downloads/riscv_mmu_fast_synthesis_project_an/riscv_mmu_fast_synthesis_project/runs/RUN_2026-09-13_10-44-24/46-openroad-detailedrouting/SoC_Hardened.sdc'…
