Net: _0673_
  Pin:   _1851_/A (sky130_fd_sc_hd__buf_2)
    Layer: mcon
      Partial area ratio:    0.18
      Required ratio:    3.00 (Gate area) 
      Cumulative area ratio:    0.18
      Required ratio:    0.00 (Cumulative area) 

    Layer: met1
      Partial area ratio:   82.18
      Required ratio:    0.00 (Gate area) 
      Cumulative area ratio:   82.18
      Required ratio:    0.00 (Cumulative area) 
      Partial area ratio:  409.72
      Required ratio:  400.00 (Side area) (VIOLATED)
      Cumulative area ratio:  409.72
      Required ratio:    0.00 (Cumulative side area) 

    Layer: via
      Partial area ratio:    0.28
      Required ratio:    6.00 (Gate area) 
      Cumulative area ratio:    0.46
      Required ratio:    0.00 (Cumulative area) 

    Layer: met2
      Partial area ratio:  390.64
      Required ratio:    0.00 (Gate area) 
      Cumulative area ratio:  472.82
      Required ratio:    0.00 (Cumulative area) 
      Partial area ratio: 1952.34
      Required ratio: 2857.40 (Side area) 
      Cumulative area ratio: 2362.06
      Required ratio:    0.00 (Cumulative side area) 



Net: reset
  Pin:   _1826_/A (sky130_fd_sc_hd__buf_2)
    Layer: mcon
      Partial area ratio:    0.18
      Required ratio:    3.00 (Gate area) 
      Cumulative area ratio:    0.18
      Required ratio:    0.00 (Cumulative area) 

    Layer: met1
      Partial area ratio:  142.09
      Required ratio:    0.00 (Gate area) 
      Cumulative area ratio:  142.09
      Required ratio:    0.00 (Cumulative area) 
      Partial area ratio:  709.27
      Required ratio:  400.00 (Side area) (VIOLATED)
      Cumulative area ratio:  709.27
      Required ratio:    0.00 (Cumulative side area) 

    Layer: via
      Partial area ratio:    0.28
      Required ratio:    6.00 (Gate area) 
      Cumulative area ratio:    0.46
      Required ratio:    0.00 (Cumulative area) 

    Layer: met2
      Partial area ratio:  506.08
      Required ratio:    0.00 (Gate area) 
      Cumulative area ratio:  648.16
      Required ratio:    0.00 (Cumulative area) 
      Partial area ratio: 2529.51
      Required ratio:  400.00 (Side area) (VIOLATED)
      Cumulative area ratio: 3238.78
      Required ratio:    0.00 (Cumulative side area) 



Net: u_top.dataMemory.clear_active
  Pin:   _1699_/A (sky130_fd_sc_hd__buf_2)
    Layer: mcon
      Partial area ratio:    0.18
      Required ratio:    3.00 (Gate area) 
      Cumulative area ratio:    0.18
      Required ratio:    0.00 (Cumulative area) 

    Layer: met1
      Partial area ratio:    4.43
      Required ratio:    0.00 (Gate area) 
      Cumulative area ratio:    4.43
      Required ratio:    0.00 (Cumulative area) 
      Partial area ratio:   20.97
      Required ratio:  400.00 (Side area) 
      Cumulative area ratio:   20.97
      Required ratio:    0.00 (Cumulative side area) 

    Layer: via
      Partial area ratio:    0.28
      Required ratio:    6.00 (Gate area) 
      Cumulative area ratio:    0.46
      Required ratio:    0.00 (Cumulative area) 

    Layer: met2
      Partial area ratio:   20.14
      Required ratio:    0.00 (Gate area) 
      Cumulative area ratio:   24.57
      Required ratio:    0.00 (Cumulative area) 
      Partial area ratio:   99.52
      Required ratio: 3128.00 (Side area) 
      Cumulative area ratio:  120.49
      Required ratio:    0.00 (Cumulative side area) 

    Layer: via2
      Partial area ratio:    0.25
      Required ratio:   53.52 (Gate area) 
      Cumulative area ratio:    0.72
      Required ratio:    0.00 (Cumulative area) 

    Layer: met3
      Partial area ratio: 1134.76
      Required ratio:    0.00 (Gate area) 
      Cumulative area ratio: 1159.33
      Required ratio:    0.00 (Cumulative area) 
      Partial area ratio: 6060.98
      Required ratio: 3128.00 (Side area) (VIOLATED)
      Cumulative area ratio: 6181.47
      Required ratio:    0.00 (Cumulative side area) 



[INFO ANT-0002] Found 3 net violations.
[INFO ANT-0001] Found 3 pin violations.
