Clock: clk
Sources: clk 
Generated: no
Virtual: yes
Propagated: no
Period: 10.000000

===========================================================================
report_clock_properties
============================================================================
Clock                   Period          Waveform
----------------------------------------------------
clk                  10.000000    0.000000  5.000000

===========================================================================
report_clock_latency
============================================================================
Clock clk
rise -> rise
    min     max
0.000000 0.000000 source latency
1.494207         network latency u_top.dataMemory.sram_odd_words/clk1
        1.780817 network latency u_top.dataMemory.sram_even_words/clk0
---------------
1.494207 1.780817 latency
        0.286610 skew

fall -> fall
    min     max
0.000000 0.000000 source latency
0.715402         network latency u_top.dataMemory.sram_odd_words/clk1
        0.909820 network latency u_top.dataMemory.sram_even_words/clk0
---------------
0.715402 0.909820 latency
        0.194418 skew



===========================================================================
report_clock_min_period
============================================================================
clk period_min = 4.45 fmax = 224.53
