Clock: clk
Sources: clk 
Generated: no
Virtual: no
Propagated: no
Period: 10.000000

===========================================================================
report_clock_properties
============================================================================
Clock                   Period          Waveform
----------------------------------------------------
clk                  10.000000    0.000000  5.000000

===========================================================================
report_clock_latency
============================================================================
Clock clk
rise -> rise
    min     max
0.000000 0.000000 source latency
0.623420         network latency _1444_/CLK
        0.689043 network latency _1444_/CLK
---------------
0.623420 0.689043 latency
        0.065623 skew

fall -> fall
    min     max
0.000000 0.000000 source latency
0.269683         network latency _1444_/CLK
        0.298071 network latency _1444_/CLK
---------------
0.269683 0.298071 latency
        0.028388 skew



===========================================================================
report_clock_min_period
============================================================================
clk period_min = 1.71 fmax = 583.14
