
===========================================================================
 report_power
============================================================================
======================= nom_ff_n40C_1v95 Corner ===================================

Group                    Internal    Switching      Leakage        Total
                            Power        Power        Power        Power (Watts)
------------------------------------------------------------------------
Sequential           6.129205e-04 4.195537e-07 2.698467e-09 6.133427e-04   5.2%
Combinational        1.204380e-05 1.416167e-05 8.107192e-09 2.621359e-05   0.2%
Clock                0.000000e+00 0.000000e+00 0.000000e+00 0.000000e+00   0.0%
Macro                1.104672e-02 0.000000e+00 3.545200e-05 1.108217e-02  94.5%
Pad                  0.000000e+00 0.000000e+00 0.000000e+00 0.000000e+00   0.0%
------------------------------------------------------------------------
Total                1.167168e-02 1.458123e-05 3.546281e-05 1.172173e-02 100.0%
                            99.6%         0.1%         0.3%

