Clock: clk
Sources: clk 
Generated: no
Virtual: yes
Propagated: no
Period: 10.000000

===========================================================================
report_clock_properties
============================================================================
Clock                   Period          Waveform
----------------------------------------------------
clk                  10.000000    0.000000  5.000000

===========================================================================
report_clock_latency
============================================================================
Clock clk
rise -> rise
    min     max
0.000000 0.000000 source latency
0.644286         network latency u_top.dataMemory.sram_even_words/clk1
        0.934290 network latency _1567_/CLK
---------------
0.644286 0.934290 latency
        0.290004 skew

fall -> fall
    min     max
0.000000 0.000000 source latency
0.511424         network latency u_top.dataMemory.sram_even_words/clk1
        0.821800 network latency _1567_/CLK
---------------
0.511424 0.821800 latency
        0.310376 skew



===========================================================================
report_clock_min_period
============================================================================
clk period_min = 5.87 fmax = 170.41
