Clock: clk
Sources: clk 
Generated: no
Virtual: no
Propagated: no
Period: 10.000000

===========================================================================
report_clock_properties
============================================================================
Clock                   Period          Waveform
----------------------------------------------------
clk                  10.000000    0.000000  5.000000

===========================================================================
report_clock_latency
============================================================================
Clock clk
rise -> rise
    min     max
0.000000 0.000000 source latency
1.197558         network latency _1444_/CLK
        1.323617 network latency _1444_/CLK
---------------
1.197558 1.323617 latency
        0.126059 skew

fall -> fall
    min     max
0.000000 0.000000 source latency
0.678917         network latency _1444_/CLK
        0.750382 network latency _1444_/CLK
---------------
0.678917 0.750382 latency
        0.071465 skew



===========================================================================
report_clock_min_period
============================================================================
clk period_min = 7.90 fmax = 126.59
