
===========================================================================
 report_power
============================================================================
======================= nom_ss_100C_1v60 Corner ===================================

Group                    Internal    Switching      Leakage        Total
                            Power        Power        Power        Power (Watts)
------------------------------------------------------------------------
Sequential           4.002026e-04 2.636602e-07 1.989836e-06 4.024561e-04   3.5%
Combinational        8.406975e-06 9.144541e-06 3.838097e-06 2.138961e-05   0.2%
Clock                0.000000e+00 0.000000e+00 0.000000e+00 0.000000e+00   0.0%
Macro                1.104672e-02 0.000000e+00 3.545200e-05 1.108217e-02  96.3%
Pad                  0.000000e+00 0.000000e+00 0.000000e+00 0.000000e+00   0.0%
------------------------------------------------------------------------
Total                1.145533e-02 9.408202e-06 4.127993e-05 1.150602e-02 100.0%
                            99.6%         0.1%         0.4%

