
===========================================================================
report_checks -unconstrained
===========================================================================
======================= max_ff_n40C_1v95 Corner ===================================

Startpoint: reset (input port clocked by clk)
Endpoint: _1562_ (recovery check against rising-edge clock clk)
Path Group: asynchronous
Path Type: max

Fanout         Cap        Slew       Delay        Time   Description
---------------------------------------------------------------------------------------------
                                  0.000000    0.000000   clock clk (rise edge)
                                  0.000000    0.000000   clock network delay (propagated)
                                  2.000000    2.000000 v input external delay
     3    0.130120    0.198748    0.184725    2.184725 v reset (in)
                                                         reset (net)
                      0.261132    0.000000    2.184725 v _1826_/A (sky130_fd_sc_hd__buf_2)
     5    0.037715    0.073158    0.212882    2.397607 v _1826_/X (sky130_fd_sc_hd__buf_2)
                                                         _0629_ (net)
                      0.073533    0.004712    2.402320 v _1090_/A (sky130_fd_sc_hd__inv_2)
     4    0.052174    0.180098    0.164752    2.567072 ^ _1090_/Y (sky130_fd_sc_hd__inv_2)
                                                         _0291_ (net)
                      0.180183    0.003447    2.570519 ^ fanout64/A (sky130_fd_sc_hd__clkdlybuf4s25_1)
     9    0.030287    0.230534    0.338114    2.908633 ^ fanout64/X (sky130_fd_sc_hd__clkdlybuf4s25_1)
                                                         net64 (net)
                      0.230554    0.002402    2.911035 ^ _1983_/A (sky130_fd_sc_hd__buf_2)
     1    0.004741    0.030910    0.101870    3.012905 ^ _1983_/X (sky130_fd_sc_hd__buf_2)
                                                         _0877_ (net)
                      0.030916    0.000290    3.013195 ^ _1562_/RESET_B (sky130_fd_sc_hd__dfrtp_2)
                                              3.013195   data arrival time

                                 10.000000   10.000000   clock clk (rise edge)
                                  0.000000   10.000000   clock source latency
     2    0.167456    0.567414    0.419691   10.419691 ^ clk (in)
                                                         clk (net)
                      0.620849    0.000000   10.419691 ^ clkbuf_regs_0_clk/A (sky130_fd_sc_hd__clkbuf_16)
     1    0.008695    0.040317    0.123141   10.542831 ^ clkbuf_regs_0_clk/X (sky130_fd_sc_hd__clkbuf_16)
                                                         clk_regs (net)
                      0.040321    0.000653   10.543485 ^ clkbuf_0_clk_regs/A (sky130_fd_sc_hd__clkbuf_16)
     8    0.082625    0.076162    0.114534   10.658019 ^ clkbuf_0_clk_regs/X (sky130_fd_sc_hd__clkbuf_16)
                                                         clknet_0_clk_regs (net)
                      0.076888    0.005603   10.663621 ^ clkbuf_3_2_0_clk_regs/A (sky130_fd_sc_hd__clkbuf_8)
     2    0.019290    0.037340    0.094417   10.758039 ^ clkbuf_3_2_0_clk_regs/X (sky130_fd_sc_hd__clkbuf_8)
                                                         clknet_3_2_0_clk_regs (net)
                      0.037406    0.001291   10.759330 ^ clkbuf_4_4__f_clk_regs/A (sky130_fd_sc_hd__clkbuf_16)
     9    0.031010    0.038784    0.088830   10.848160 ^ clkbuf_4_4__f_clk_regs/X (sky130_fd_sc_hd__clkbuf_16)
                                                         clknet_4_4__leaf_clk_regs (net)
                      0.038815    0.000997   10.849156 ^ _1562_/CLK (sky130_fd_sc_hd__dfrtp_2)
                                 -0.100000   10.749157   clock uncertainty
                                  0.000000   10.749157   clock reconvergence pessimism
                                  0.134920   10.884076   library recovery time
                                             10.884076   data required time
---------------------------------------------------------------------------------------------
                                             10.884076   data required time
                                             -3.013195   data arrival time
---------------------------------------------------------------------------------------------
                                              7.870881   slack (MET)


Startpoint: _1542_ (rising edge-triggered flip-flop clocked by clk)
Endpoint: gpio[3] (output port clocked by clk)
Path Group: clk
Path Type: max

Fanout         Cap        Slew       Delay        Time   Description
---------------------------------------------------------------------------------------------
                                  0.000000    0.000000   clock clk (rise edge)
                                  0.000000    0.000000   clock source latency
     2    0.167456    0.567414    0.463869    0.463869 ^ clk (in)
                                                         clk (net)
                      0.620849    0.000000    0.463869 ^ clkbuf_regs_0_clk/A (sky130_fd_sc_hd__clkbuf_16)
     1    0.008695    0.040317    0.136103    0.599972 ^ clkbuf_regs_0_clk/X (sky130_fd_sc_hd__clkbuf_16)
                                                         clk_regs (net)
                      0.040321    0.000722    0.600694 ^ clkbuf_0_clk_regs/A (sky130_fd_sc_hd__clkbuf_16)
     8    0.082625    0.076162    0.126589    0.727283 ^ clkbuf_0_clk_regs/X (sky130_fd_sc_hd__clkbuf_16)
                                                         clknet_0_clk_regs (net)
                      0.076917    0.006315    0.733598 ^ clkbuf_3_5_0_clk_regs/A (sky130_fd_sc_hd__clkbuf_8)
     2    0.019718    0.037701    0.105028    0.838626 ^ clkbuf_3_5_0_clk_regs/X (sky130_fd_sc_hd__clkbuf_8)
                                                         clknet_3_5_0_clk_regs (net)
                      0.037734    0.001038    0.839664 ^ clkbuf_4_11__f_clk_regs/A (sky130_fd_sc_hd__clkbuf_16)
     8    0.030207    0.038519    0.097113    0.936777 ^ clkbuf_4_11__f_clk_regs/X (sky130_fd_sc_hd__clkbuf_16)
                                                         clknet_4_11__leaf_clk_regs (net)
                      0.038606    0.001483    0.938260 ^ _1542_/CLK (sky130_fd_sc_hd__dfxtp_4)
     3    0.026587    0.064867    0.252490    1.190750 ^ _1542_/Q (sky130_fd_sc_hd__dfxtp_4)
                                                         u_top.RV32I_Logic.Single_Cycle_Datapath.pcREG.q[12] (net)
                      0.064957    0.002225    1.192976 ^ rebuffer183/A (sky130_fd_sc_hd__buf_2)
     2    0.015664    0.062068    0.105640    1.298616 ^ rebuffer183/X (sky130_fd_sc_hd__buf_2)
                                                         net182 (net)
                      0.062126    0.001210    1.299826 ^ rebuffer168/A (sky130_fd_sc_hd__buf_2)
     2    0.010906    0.045994    0.092595    1.392421 ^ rebuffer168/X (sky130_fd_sc_hd__buf_2)
                                                         net167 (net)
                      0.046004    0.000686    1.393106 ^ _1126_/B (sky130_fd_sc_hd__nand2b_2)
     2    0.014833    0.053539    0.057342    1.450448 v _1126_/Y (sky130_fd_sc_hd__nand2b_2)
                                                         _0462_ (net)
                      0.053548    0.000718    1.451167 v fanout50/A (sky130_fd_sc_hd__buf_6)
    10    0.045620    0.039508    0.108175    1.559341 v fanout50/X (sky130_fd_sc_hd__buf_6)
                                                         net50 (net)
                      0.040395    0.004857    1.564198 v _1162_/A2 (sky130_fd_sc_hd__o22a_2)
     1    0.007685    0.034687    0.146903    1.711101 v _1162_/X (sky130_fd_sc_hd__o22a_2)
                                                         _0498_ (net)
                      0.034695    0.000533    1.711634 v _1163_/C1 (sky130_fd_sc_hd__o221a_4)
     4    0.023603    0.050106    0.092489    1.804123 v _1163_/X (sky130_fd_sc_hd__o221a_4)
                                                         _0499_ (net)
                      0.050242    0.001544    1.805667 v _1240_/B (sky130_fd_sc_hd__and2_2)
     1    0.002621    0.026105    0.125451    1.931118 v _1240_/X (sky130_fd_sc_hd__and2_2)
                                                         _0555_ (net)
                      0.026105    0.000198    1.931316 v _1253_/B1 (sky130_fd_sc_hd__o221a_2)
     1    0.007260    0.039839    0.162492    2.093809 v _1253_/X (sky130_fd_sc_hd__o221a_2)
                                                         _0568_ (net)
                      0.039858    0.000601    2.094409 v _1257_/B1 (sky130_fd_sc_hd__o211a_4)
     1    0.001965    0.025344    0.088255    2.182664 v _1257_/X (sky130_fd_sc_hd__o211a_4)
                                                         _0572_ (net)
                      0.025344    0.000094    2.182758 v _1258_/D (sky130_fd_sc_hd__and4b_2)
     2    0.023430    0.064462    0.194744    2.377502 v _1258_/X (sky130_fd_sc_hd__and4b_2)
                                                         _0573_ (net)
                      0.064504    0.001631    2.379133 v rebuffer170/A (sky130_fd_sc_hd__buf_6)
     1    0.008092    0.018083    0.091658    2.470791 v rebuffer170/X (sky130_fd_sc_hd__buf_6)
                                                         net169 (net)
                      0.018086    0.000645    2.471437 v _1259_/D (sky130_fd_sc_hd__nor4_4)
     3    0.028947    0.335882    0.250113    2.721550 ^ _1259_/Y (sky130_fd_sc_hd__nor4_4)
                                                         _0574_ (net)
                      0.335993    0.004979    2.726530 ^ _1262_/A (sky130_fd_sc_hd__nor2_4)
     1    0.072942    0.132799    0.098366    2.824895 v _1262_/Y (sky130_fd_sc_hd__nor2_4)
                                                         _0694_ (net)
                      0.143152    0.030131    2.855027 v wire3/A (sky130_fd_sc_hd__buf_8)
     1    0.034203    0.031898    0.140615    2.995642 v wire3/X (sky130_fd_sc_hd__buf_8)
                                                         gpio[3] (net)
                      0.032016    0.001743    2.997385 v gpio[3] (out)
                                              2.997385   data arrival time

                                 10.000000   10.000000   clock clk (rise edge)
                                  0.000000   10.000000   clock network delay (propagated)
                                 -0.100000    9.900001   clock uncertainty
                                  0.000000    9.900001   clock reconvergence pessimism
                                 -2.000000    7.900000   output external delay
                                              7.900000   data required time
---------------------------------------------------------------------------------------------
                                              7.900000   data required time
                                             -2.997385   data arrival time
---------------------------------------------------------------------------------------------
                                              4.902615   slack (MET)




===========================================================================
report_checks --slack_max -0.01
============================================================================
======================= max_ff_n40C_1v95 Corner ===================================

No paths found.


===========================================================================
 report_check_types -max_slew -max_cap -max_fanout -violators
============================================================================
======================= max_ff_n40C_1v95 Corner ===================================

max slew

Pin                                        Limit        Slew       Slack
------------------------------------------------------------------------
u_top.dataMemory.sram_odd_words/wmask0[3]    0.040000    0.103897   -0.063897 (VIOLATED)
u_top.dataMemory.sram_odd_words/addr0[0]    0.040000    0.103523   -0.063523 (VIOLATED)
u_top.dataMemory.sram_odd_words/wmask0[2]    0.040000    0.101895   -0.061895 (VIOLATED)
u_top.dataMemory.sram_odd_words/addr0[3]    0.040000    0.101830   -0.061830 (VIOLATED)
u_top.dataMemory.sram_even_words/wmask0[3]    0.040000    0.101634   -0.061634 (VIOLATED)
u_top.dataMemory.sram_even_words/addr0[4]    0.040000    0.100531   -0.060531 (VIOLATED)
u_top.dataMemory.sram_even_words/addr0[2]    0.040000    0.099673   -0.059673 (VIOLATED)
u_top.dataMemory.sram_odd_words/addr0[8]    0.040000    0.099634   -0.059634 (VIOLATED)
u_top.dataMemory.sram_odd_words/wmask0[1]    0.040000    0.099270   -0.059270 (VIOLATED)
u_top.dataMemory.sram_even_words/addr0[6]    0.040000    0.098415   -0.058415 (VIOLATED)
u_top.dataMemory.sram_even_words/wmask0[1]    0.040000    0.098333   -0.058333 (VIOLATED)
u_top.dataMemory.sram_odd_words/addr0[7]    0.040000    0.098068   -0.058068 (VIOLATED)
u_top.dataMemory.sram_even_words/addr0[8]    0.040000    0.097807   -0.057807 (VIOLATED)
u_top.dataMemory.sram_odd_words/addr0[1]    0.040000    0.097641   -0.057641 (VIOLATED)
u_top.dataMemory.sram_even_words/addr0[7]    0.040000    0.096685   -0.056685 (VIOLATED)
u_top.dataMemory.sram_even_words/wmask0[2]    0.040000    0.095875   -0.055875 (VIOLATED)
u_top.dataMemory.sram_odd_words/addr0[6]    0.040000    0.095857   -0.055857 (VIOLATED)
u_top.dataMemory.sram_even_words/addr0[5]    0.040000    0.095533   -0.055533 (VIOLATED)
u_top.dataMemory.sram_odd_words/addr0[5]    0.040000    0.095348   -0.055348 (VIOLATED)
u_top.dataMemory.sram_even_words/addr0[3]    0.040000    0.095272   -0.055272 (VIOLATED)
u_top.dataMemory.sram_even_words/addr0[0]    0.040000    0.095171   -0.055171 (VIOLATED)
u_top.dataMemory.sram_odd_words/addr0[4]    0.040000    0.094963   -0.054963 (VIOLATED)
u_top.dataMemory.sram_odd_words/addr0[2]    0.040000    0.094596   -0.054596 (VIOLATED)
u_top.dataMemory.sram_even_words/addr0[1]    0.040000    0.094374   -0.054374 (VIOLATED)
u_top.dataMemory.sram_even_words/wmask0[0]    0.040000    0.094276   -0.054276 (VIOLATED)
u_top.dataMemory.sram_odd_words/wmask0[0]    0.040000    0.094140   -0.054140 (VIOLATED)

max fanout

Pin                                   Limit Fanout  Slack
---------------------------------------------------------
_1573_/Q                                 10     14     -4 (VIOLATED)



===========================================================================
report_parasitic_annotation -report_unannotated
============================================================================
Found 250 unannotated drivers.
 _1667_/X
 _1667__154/HI
 _1668_/X
 _1668__155/HI
 _1669_/X
 _1669__156/HI
 _1670_/X
 _1670__157/HI
 _1671__163/LO
 _1673__158/HI
 _1675_/X
 _1676_/X
 _1677_/X
 _1678_/X
 _1679_/X
 _1680_/X
 _1681_/X
 _1682_/X
 _1683_/X
 _1684_/X
 _1684__159/HI
 _1685_/X
 _1686_/X
 _1687_/X
 _1688_/X
 _1688__160/HI
 _1689_/X
 _1690_/X
 _1691_/X
 _1692_/X
 _1692__161/HI
 _1693_/X
 _1694_/X
 _1695_/X
 _1696_/X
 _1696__162/HI
 _1697__164/LO
 clkload0/X
 clkload1/X
 clkload2/X
 u_top.dataMemory.sram_even_words/dout0[0]
 u_top.dataMemory.sram_even_words/dout0[10]
 u_top.dataMemory.sram_even_words/dout0[11]
 u_top.dataMemory.sram_even_words/dout0[12]
 u_top.dataMemory.sram_even_words/dout0[13]
 u_top.dataMemory.sram_even_words/dout0[14]
 u_top.dataMemory.sram_even_words/dout0[15]
 u_top.dataMemory.sram_even_words/dout0[16]
 u_top.dataMemory.sram_even_words/dout0[17]
 u_top.dataMemory.sram_even_words/dout0[18]
 u_top.dataMemory.sram_even_words/dout0[19]
 u_top.dataMemory.sram_even_words/dout0[1]
 u_top.dataMemory.sram_even_words/dout0[20]
 u_top.dataMemory.sram_even_words/dout0[21]
 u_top.dataMemory.sram_even_words/dout0[22]
 u_top.dataMemory.sram_even_words/dout0[23]
 u_top.dataMemory.sram_even_words/dout0[24]
 u_top.dataMemory.sram_even_words/dout0[25]
 u_top.dataMemory.sram_even_words/dout0[26]
 u_top.dataMemory.sram_even_words/dout0[27]
 u_top.dataMemory.sram_even_words/dout0[28]
 u_top.dataMemory.sram_even_words/dout0[29]
 u_top.dataMemory.sram_even_words/dout0[2]
 u_top.dataMemory.sram_even_words/dout0[30]
 u_top.dataMemory.sram_even_words/dout0[31]
 u_top.dataMemory.sram_even_words/dout0[3]
 u_top.dataMemory.sram_even_words/dout0[4]
 u_top.dataMemory.sram_even_words/dout0[5]
 u_top.dataMemory.sram_even_words/dout0[6]
 u_top.dataMemory.sram_even_words/dout0[7]
 u_top.dataMemory.sram_even_words/dout0[8]
 u_top.dataMemory.sram_even_words/dout0[9]
 u_top.dataMemory.sram_even_words/dout1[0]
 u_top.dataMemory.sram_even_words/dout1[10]
 u_top.dataMemory.sram_even_words/dout1[11]
 u_top.dataMemory.sram_even_words/dout1[12]
 u_top.dataMemory.sram_even_words/dout1[13]
 u_top.dataMemory.sram_even_words/dout1[14]
 u_top.dataMemory.sram_even_words/dout1[15]
 u_top.dataMemory.sram_even_words/dout1[16]
 u_top.dataMemory.sram_even_words/dout1[17]
 u_top.dataMemory.sram_even_words/dout1[18]
 u_top.dataMemory.sram_even_words/dout1[19]
 u_top.dataMemory.sram_even_words/dout1[1]
 u_top.dataMemory.sram_even_words/dout1[20]
 u_top.dataMemory.sram_even_words/dout1[21]
 u_top.dataMemory.sram_even_words/dout1[22]
 u_top.dataMemory.sram_even_words/dout1[23]
 u_top.dataMemory.sram_even_words/dout1[24]
 u_top.dataMemory.sram_even_words/dout1[25]
 u_top.dataMemory.sram_even_words/dout1[26]
 u_top.dataMemory.sram_even_words/dout1[27]
 u_top.dataMemory.sram_even_words/dout1[28]
 u_top.dataMemory.sram_even_words/dout1[29]
 u_top.dataMemory.sram_even_words/dout1[2]
 u_top.dataMemory.sram_even_words/dout1[30]
 u_top.dataMemory.sram_even_words/dout1[31]
 u_top.dataMemory.sram_even_words/dout1[3]
 u_top.dataMemory.sram_even_words/dout1[4]
 u_top.dataMemory.sram_even_words/dout1[5]
 u_top.dataMemory.sram_even_words/dout1[6]
 u_top.dataMemory.sram_even_words/dout1[7]
 u_top.dataMemory.sram_even_words/dout1[8]
 u_top.dataMemory.sram_even_words/dout1[9]
 u_top.dataMemory.sram_even_words_100/HI
 u_top.dataMemory.sram_even_words_101/HI
 u_top.dataMemory.sram_even_words_102/HI
 u_top.dataMemory.sram_even_words_103/HI
 u_top.dataMemory.sram_even_words_104/HI
 u_top.dataMemory.sram_even_words_105/HI
 u_top.dataMemory.sram_even_words_106/HI
 u_top.dataMemory.sram_even_words_107/HI
 u_top.dataMemory.sram_even_words_108/HI
 u_top.dataMemory.sram_even_words_109/HI
 u_top.dataMemory.sram_even_words_110/HI
 u_top.dataMemory.sram_even_words_111/HI
 u_top.dataMemory.sram_even_words_112/HI
 u_top.dataMemory.sram_even_words_72/HI
 u_top.dataMemory.sram_even_words_73/HI
 u_top.dataMemory.sram_even_words_74/HI
 u_top.dataMemory.sram_even_words_75/HI
 u_top.dataMemory.sram_even_words_76/HI
 u_top.dataMemory.sram_even_words_77/HI
 u_top.dataMemory.sram_even_words_78/HI
 u_top.dataMemory.sram_even_words_79/HI
 u_top.dataMemory.sram_even_words_80/HI
 u_top.dataMemory.sram_even_words_81/HI
 u_top.dataMemory.sram_even_words_82/HI
 u_top.dataMemory.sram_even_words_83/HI
 u_top.dataMemory.sram_even_words_84/HI
 u_top.dataMemory.sram_even_words_85/HI
 u_top.dataMemory.sram_even_words_86/HI
 u_top.dataMemory.sram_even_words_87/HI
 u_top.dataMemory.sram_even_words_88/HI
 u_top.dataMemory.sram_even_words_89/HI
 u_top.dataMemory.sram_even_words_90/HI
 u_top.dataMemory.sram_even_words_91/HI
 u_top.dataMemory.sram_even_words_92/HI
 u_top.dataMemory.sram_even_words_93/HI
 u_top.dataMemory.sram_even_words_94/HI
 u_top.dataMemory.sram_even_words_95/HI
 u_top.dataMemory.sram_even_words_96/HI
 u_top.dataMemory.sram_even_words_97/HI
 u_top.dataMemory.sram_even_words_98/HI
 u_top.dataMemory.sram_even_words_99/HI
 u_top.dataMemory.sram_odd_words/dout0[0]
 u_top.dataMemory.sram_odd_words/dout0[10]
 u_top.dataMemory.sram_odd_words/dout0[11]
 u_top.dataMemory.sram_odd_words/dout0[12]
 u_top.dataMemory.sram_odd_words/dout0[13]
 u_top.dataMemory.sram_odd_words/dout0[14]
 u_top.dataMemory.sram_odd_words/dout0[15]
 u_top.dataMemory.sram_odd_words/dout0[16]
 u_top.dataMemory.sram_odd_words/dout0[17]
 u_top.dataMemory.sram_odd_words/dout0[18]
 u_top.dataMemory.sram_odd_words/dout0[19]
 u_top.dataMemory.sram_odd_words/dout0[1]
 u_top.dataMemory.sram_odd_words/dout0[20]
 u_top.dataMemory.sram_odd_words/dout0[21]
 u_top.dataMemory.sram_odd_words/dout0[22]
 u_top.dataMemory.sram_odd_words/dout0[23]
 u_top.dataMemory.sram_odd_words/dout0[24]
 u_top.dataMemory.sram_odd_words/dout0[25]
 u_top.dataMemory.sram_odd_words/dout0[26]
 u_top.dataMemory.sram_odd_words/dout0[27]
 u_top.dataMemory.sram_odd_words/dout0[28]
 u_top.dataMemory.sram_odd_words/dout0[29]
 u_top.dataMemory.sram_odd_words/dout0[2]
 u_top.dataMemory.sram_odd_words/dout0[30]
 u_top.dataMemory.sram_odd_words/dout0[31]
 u_top.dataMemory.sram_odd_words/dout0[3]
 u_top.dataMemory.sram_odd_words/dout0[4]
 u_top.dataMemory.sram_odd_words/dout0[5]
 u_top.dataMemory.sram_odd_words/dout0[6]
 u_top.dataMemory.sram_odd_words/dout0[7]
 u_top.dataMemory.sram_odd_words/dout0[8]
 u_top.dataMemory.sram_odd_words/dout0[9]
 u_top.dataMemory.sram_odd_words/dout1[0]
 u_top.dataMemory.sram_odd_words/dout1[10]
 u_top.dataMemory.sram_odd_words/dout1[11]
 u_top.dataMemory.sram_odd_words/dout1[12]
 u_top.dataMemory.sram_odd_words/dout1[13]
 u_top.dataMemory.sram_odd_words/dout1[14]
 u_top.dataMemory.sram_odd_words/dout1[15]
 u_top.dataMemory.sram_odd_words/dout1[16]
 u_top.dataMemory.sram_odd_words/dout1[17]
 u_top.dataMemory.sram_odd_words/dout1[18]
 u_top.dataMemory.sram_odd_words/dout1[19]
 u_top.dataMemory.sram_odd_words/dout1[1]
 u_top.dataMemory.sram_odd_words/dout1[20]
 u_top.dataMemory.sram_odd_words/dout1[21]
 u_top.dataMemory.sram_odd_words/dout1[22]
 u_top.dataMemory.sram_odd_words/dout1[23]
 u_top.dataMemory.sram_odd_words/dout1[24]
 u_top.dataMemory.sram_odd_words/dout1[25]
 u_top.dataMemory.sram_odd_words/dout1[26]
 u_top.dataMemory.sram_odd_words/dout1[27]
 u_top.dataMemory.sram_odd_words/dout1[28]
 u_top.dataMemory.sram_odd_words/dout1[29]
 u_top.dataMemory.sram_odd_words/dout1[2]
 u_top.dataMemory.sram_odd_words/dout1[30]
 u_top.dataMemory.sram_odd_words/dout1[31]
 u_top.dataMemory.sram_odd_words/dout1[3]
 u_top.dataMemory.sram_odd_words/dout1[4]
 u_top.dataMemory.sram_odd_words/dout1[5]
 u_top.dataMemory.sram_odd_words/dout1[6]
 u_top.dataMemory.sram_odd_words/dout1[7]
 u_top.dataMemory.sram_odd_words/dout1[8]
 u_top.dataMemory.sram_odd_words/dout1[9]
 u_top.dataMemory.sram_odd_words_113/HI
 u_top.dataMemory.sram_odd_words_114/HI
 u_top.dataMemory.sram_odd_words_115/HI
 u_top.dataMemory.sram_odd_words_116/HI
 u_top.dataMemory.sram_odd_words_117/HI
 u_top.dataMemory.sram_odd_words_118/HI
 u_top.dataMemory.sram_odd_words_119/HI
 u_top.dataMemory.sram_odd_words_120/HI
 u_top.dataMemory.sram_odd_words_121/HI
 u_top.dataMemory.sram_odd_words_122/HI
 u_top.dataMemory.sram_odd_words_123/HI
 u_top.dataMemory.sram_odd_words_124/HI
 u_top.dataMemory.sram_odd_words_125/HI
 u_top.dataMemory.sram_odd_words_126/HI
 u_top.dataMemory.sram_odd_words_127/HI
 u_top.dataMemory.sram_odd_words_128/HI
 u_top.dataMemory.sram_odd_words_129/HI
 u_top.dataMemory.sram_odd_words_130/HI
 u_top.dataMemory.sram_odd_words_131/HI
 u_top.dataMemory.sram_odd_words_132/HI
 u_top.dataMemory.sram_odd_words_133/HI
 u_top.dataMemory.sram_odd_words_134/HI
 u_top.dataMemory.sram_odd_words_135/HI
 u_top.dataMemory.sram_odd_words_136/HI
 u_top.dataMemory.sram_odd_words_137/HI
 u_top.dataMemory.sram_odd_words_138/HI
 u_top.dataMemory.sram_odd_words_139/HI
 u_top.dataMemory.sram_odd_words_140/HI
 u_top.dataMemory.sram_odd_words_141/HI
 u_top.dataMemory.sram_odd_words_142/HI
 u_top.dataMemory.sram_odd_words_143/HI
 u_top.dataMemory.sram_odd_words_144/HI
 u_top.dataMemory.sram_odd_words_145/HI
 u_top.dataMemory.sram_odd_words_146/HI
 u_top.dataMemory.sram_odd_words_147/HI
 u_top.dataMemory.sram_odd_words_148/HI
 u_top.dataMemory.sram_odd_words_149/HI
 u_top.dataMemory.sram_odd_words_150/HI
 u_top.dataMemory.sram_odd_words_151/HI
 u_top.dataMemory.sram_odd_words_152/HI
 u_top.dataMemory.sram_odd_words_153/HI
Found 0 partially unannotated drivers.

===========================================================================
max slew violation count 26
max fanout violation count 1
max cap violation count 0
============================================================================

===========================================================================
check_setup -verbose -unconstrained_endpoints -multiple_clock -no_clock -no_input_delay -loops -generated_clocks
===========================================================================
