Clock: clk
Sources: clk 
Generated: no
Virtual: yes
Propagated: no
Period: 10.000000

===========================================================================
report_clock_properties
============================================================================
Clock                   Period          Waveform
----------------------------------------------------
clk                  10.000000    0.000000  5.000000

===========================================================================
report_clock_latency
============================================================================
Clock clk
rise -> rise
    min     max
0.000000 0.000000 source latency
0.715216         network latency u_top.dataMemory.sram_even_words/clk1
        0.942724 network latency _1567_/CLK
---------------
0.715216 0.942724 latency
        0.227507 skew

fall -> fall
    min     max
0.000000 0.000000 source latency
0.584290         network latency u_top.dataMemory.sram_even_words/clk1
        0.821298 network latency _1567_/CLK
---------------
0.584290 0.821298 latency
        0.237008 skew



===========================================================================
report_clock_min_period
============================================================================
clk period_min = 3.02 fmax = 331.18
