[WARNING ORD-0039] .openroad ignored with -python
Unannotated report:
['report_parasitic_annotation -report_unannotated\n',
 '============================================================================\n',
 'Found 250 unannotated drivers.\n',
 ' _1667_/X\n',
 ' _1667__154/HI\n',
 ' _1668_/X\n',
 ' _1668__155/HI\n',
 ' _1669_/X\n',
 ' _1669__156/HI\n',
 ' _1670_/X\n',
 ' _1670__157/HI\n',
 ' _1671__163/LO\n',
 ' _1673__158/HI\n',
 ' _1675_/X\n',
 ' _1676_/X\n',
 ' _1677_/X\n',
 ' _1678_/X\n',
 ' _1679_/X\n',
 ' _1680_/X\n',
 ' _1681_/X\n',
 ' _1682_/X\n',
 ' _1683_/X\n',
 ' _1684_/X\n',
 ' _1684__159/HI\n',
 ' _1685_/X\n',
 ' _1686_/X\n',
 ' _1687_/X\n',
 ' _1688_/X\n',
 ' _1688__160/HI\n',
 ' _1689_/X\n',
 ' _1690_/X\n',
 ' _1691_/X\n',
 ' _1692_/X\n',
 ' _1692__161/HI\n',
 ' _1693_/X\n',
 ' _1694_/X\n',
 ' _1695_/X\n',
 ' _1696_/X\n',
 ' _1696__162/HI\n',
 ' _1697__164/LO\n',
 ' clkload0/X\n',
 ' clkload1/X\n',
 ' clkload2/X\n',
 ' u_top.dataMemory.sram_even_words/dout0[0]\n',
 ' u_top.dataMemory.sram_even_words/dout0[10]\n',
 ' u_top.dataMemory.sram_even_words/dout0[11]\n',
 ' u_top.dataMemory.sram_even_words/dout0[12]\n',
 ' u_top.dataMemory.sram_even_words/dout0[13]\n',
 ' u_top.dataMemory.sram_even_words/dout0[14]\n',
 ' u_top.dataMemory.sram_even_words/dout0[15]\n',
 ' u_top.dataMemory.sram_even_words/dout0[16]\n',
 ' u_top.dataMemory.sram_even_words/dout0[17]\n',
 ' u_top.dataMemory.sram_even_words/dout0[18]\n',
 ' u_top.dataMemory.sram_even_words/dout0[19]\n',
 ' u_top.dataMemory.sram_even_words/dout0[1]\n',
 ' u_top.dataMemory.sram_even_words/dout0[20]\n',
 ' u_top.dataMemory.sram_even_words/dout0[21]\n',
 ' u_top.dataMemory.sram_even_words/dout0[22]\n',
 ' u_top.dataMemory.sram_even_words/dout0[23]\n',
 ' u_top.dataMemory.sram_even_words/dout0[24]\n',
 ' u_top.dataMemory.sram_even_words/dout0[25]\n',
 ' u_top.dataMemory.sram_even_words/dout0[26]\n',
 ' u_top.dataMemory.sram_even_words/dout0[27]\n',
 ' u_top.dataMemory.sram_even_words/dout0[28]\n',
 ' u_top.dataMemory.sram_even_words/dout0[29]\n',
 ' u_top.dataMemory.sram_even_words/dout0[2]\n',
 ' u_top.dataMemory.sram_even_words/dout0[30]\n',
 ' u_top.dataMemory.sram_even_words/dout0[31]\n',
 ' u_top.dataMemory.sram_even_words/dout0[3]\n',
 ' u_top.dataMemory.sram_even_words/dout0[4]\n',
 ' u_top.dataMemory.sram_even_words/dout0[5]\n',
 ' u_top.dataMemory.sram_even_words/dout0[6]\n',
 ' u_top.dataMemory.sram_even_words/dout0[7]\n',
 ' u_top.dataMemory.sram_even_words/dout0[8]\n',
 ' u_top.dataMemory.sram_even_words/dout0[9]\n',
 ' u_top.dataMemory.sram_even_words/dout1[0]\n',
 ' u_top.dataMemory.sram_even_words/dout1[10]\n',
 ' u_top.dataMemory.sram_even_words/dout1[11]\n',
 ' u_top.dataMemory.sram_even_words/dout1[12]\n',
 ' u_top.dataMemory.sram_even_words/dout1[13]\n',
 ' u_top.dataMemory.sram_even_words/dout1[14]\n',
 ' u_top.dataMemory.sram_even_words/dout1[15]\n',
 ' u_top.dataMemory.sram_even_words/dout1[16]\n',
 ' u_top.dataMemory.sram_even_words/dout1[17]\n',
 ' u_top.dataMemory.sram_even_words/dout1[18]\n',
 ' u_top.dataMemory.sram_even_words/dout1[19]\n',
 ' u_top.dataMemory.sram_even_words/dout1[1]\n',
 ' u_top.dataMemory.sram_even_words/dout1[20]\n',
 ' u_top.dataMemory.sram_even_words/dout1[21]\n',
 ' u_top.dataMemory.sram_even_words/dout1[22]\n',
 ' u_top.dataMemory.sram_even_words/dout1[23]\n',
 ' u_top.dataMemory.sram_even_words/dout1[24]\n',
 ' u_top.dataMemory.sram_even_words/dout1[25]\n',
 ' u_top.dataMemory.sram_even_words/dout1[26]\n',
 ' u_top.dataMemory.sram_even_words/dout1[27]\n',
 ' u_top.dataMemory.sram_even_words/dout1[28]\n',
 ' u_top.dataMemory.sram_even_words/dout1[29]\n',
 ' u_top.dataMemory.sram_even_words/dout1[2]\n',
 ' u_top.dataMemory.sram_even_words/dout1[30]\n',
 ' u_top.dataMemory.sram_even_words/dout1[31]\n',
 ' u_top.dataMemory.sram_even_words/dout1[3]\n',
 ' u_top.dataMemory.sram_even_words/dout1[4]\n',
 ' u_top.dataMemory.sram_even_words/dout1[5]\n',
 ' u_top.dataMemory.sram_even_words/dout1[6]\n',
 ' u_top.dataMemory.sram_even_words/dout1[7]\n',
 ' u_top.dataMemory.sram_even_words/dout1[8]\n',
 ' u_top.dataMemory.sram_even_words/dout1[9]\n',
 ' u_top.dataMemory.sram_even_words_100/HI\n',
 ' u_top.dataMemory.sram_even_words_101/HI\n',
 ' u_top.dataMemory.sram_even_words_102/HI\n',
 ' u_top.dataMemory.sram_even_words_103/HI\n',
 ' u_top.dataMemory.sram_even_words_104/HI\n',
 ' u_top.dataMemory.sram_even_words_105/HI\n',
 ' u_top.dataMemory.sram_even_words_106/HI\n',
 ' u_top.dataMemory.sram_even_words_107/HI\n',
 ' u_top.dataMemory.sram_even_words_108/HI\n',
 ' u_top.dataMemory.sram_even_words_109/HI\n',
 ' u_top.dataMemory.sram_even_words_110/HI\n',
 ' u_top.dataMemory.sram_even_words_111/HI\n',
 ' u_top.dataMemory.sram_even_words_112/HI\n',
 ' u_top.dataMemory.sram_even_words_72/HI\n',
 ' u_top.dataMemory.sram_even_words_73/HI\n',
 ' u_top.dataMemory.sram_even_words_74/HI\n',
 ' u_top.dataMemory.sram_even_words_75/HI\n',
 ' u_top.dataMemory.sram_even_words_76/HI\n',
 ' u_top.dataMemory.sram_even_words_77/HI\n',
 ' u_top.dataMemory.sram_even_words_78/HI\n',
 ' u_top.dataMemory.sram_even_words_79/HI\n',
 ' u_top.dataMemory.sram_even_words_80/HI\n',
 ' u_top.dataMemory.sram_even_words_81/HI\n',
 ' u_top.dataMemory.sram_even_words_82/HI\n',
 ' u_top.dataMemory.sram_even_words_83/HI\n',
 ' u_top.dataMemory.sram_even_words_84/HI\n',
 ' u_top.dataMemory.sram_even_words_85/HI\n',
 ' u_top.dataMemory.sram_even_words_86/HI\n',
 ' u_top.dataMemory.sram_even_words_87/HI\n',
 ' u_top.dataMemory.sram_even_words_88/HI\n',
 ' u_top.dataMemory.sram_even_words_89/HI\n',
 ' u_top.dataMemory.sram_even_words_90/HI\n',
 ' u_top.dataMemory.sram_even_words_91/HI\n',
 ' u_top.dataMemory.sram_even_words_92/HI\n',
 ' u_top.dataMemory.sram_even_words_93/HI\n',
 ' u_top.dataMemory.sram_even_words_94/HI\n',
 ' u_top.dataMemory.sram_even_words_95/HI\n',
 ' u_top.dataMemory.sram_even_words_96/HI\n',
 ' u_top.dataMemory.sram_even_words_97/HI\n',
 ' u_top.dataMemory.sram_even_words_98/HI\n',
 ' u_top.dataMemory.sram_even_words_99/HI\n',
 ' u_top.dataMemory.sram_odd_words/dout0[0]\n',
 ' u_top.dataMemory.sram_odd_words/dout0[10]\n',
 ' u_top.dataMemory.sram_odd_words/dout0[11]\n',
 ' u_top.dataMemory.sram_odd_words/dout0[12]\n',
 ' u_top.dataMemory.sram_odd_words/dout0[13]\n',
 ' u_top.dataMemory.sram_odd_words/dout0[14]\n',
 ' u_top.dataMemory.sram_odd_words/dout0[15]\n',
 ' u_top.dataMemory.sram_odd_words/dout0[16]\n',
 ' u_top.dataMemory.sram_odd_words/dout0[17]\n',
 ' u_top.dataMemory.sram_odd_words/dout0[18]\n',
 ' u_top.dataMemory.sram_odd_words/dout0[19]\n',
 ' u_top.dataMemory.sram_odd_words/dout0[1]\n',
 ' u_top.dataMemory.sram_odd_words/dout0[20]\n',
 ' u_top.dataMemory.sram_odd_words/dout0[21]\n',
 ' u_top.dataMemory.sram_odd_words/dout0[22]\n',
 ' u_top.dataMemory.sram_odd_words/dout0[23]\n',
 ' u_top.dataMemory.sram_odd_words/dout0[24]\n',
 ' u_top.dataMemory.sram_odd_words/dout0[25]\n',
 ' u_top.dataMemory.sram_odd_words/dout0[26]\n',
 ' u_top.dataMemory.sram_odd_words/dout0[27]\n',
 ' u_top.dataMemory.sram_odd_words/dout0[28]\n',
 ' u_top.dataMemory.sram_odd_words/dout0[29]\n',
 ' u_top.dataMemory.sram_odd_words/dout0[2]\n',
 ' u_top.dataMemory.sram_odd_words/dout0[30]\n',
 ' u_top.dataMemory.sram_odd_words/dout0[31]\n',
 ' u_top.dataMemory.sram_odd_words/dout0[3]\n',
 ' u_top.dataMemory.sram_odd_words/dout0[4]\n',
 ' u_top.dataMemory.sram_odd_words/dout0[5]\n',
 ' u_top.dataMemory.sram_odd_words/dout0[6]\n',
 ' u_top.dataMemory.sram_odd_words/dout0[7]\n',
 ' u_top.dataMemory.sram_odd_words/dout0[8]\n',
 ' u_top.dataMemory.sram_odd_words/dout0[9]\n',
 ' u_top.dataMemory.sram_odd_words/dout1[0]\n',
 ' u_top.dataMemory.sram_odd_words/dout1[10]\n',
 ' u_top.dataMemory.sram_odd_words/dout1[11]\n',
 ' u_top.dataMemory.sram_odd_words/dout1[12]\n',
 ' u_top.dataMemory.sram_odd_words/dout1[13]\n',
 ' u_top.dataMemory.sram_odd_words/dout1[14]\n',
 ' u_top.dataMemory.sram_odd_words/dout1[15]\n',
 ' u_top.dataMemory.sram_odd_words/dout1[16]\n',
 ' u_top.dataMemory.sram_odd_words/dout1[17]\n',
 ' u_top.dataMemory.sram_odd_words/dout1[18]\n',
 ' u_top.dataMemory.sram_odd_words/dout1[19]\n',
 ' u_top.dataMemory.sram_odd_words/dout1[1]\n',
 ' u_top.dataMemory.sram_odd_words/dout1[20]\n',
 ' u_top.dataMemory.sram_odd_words/dout1[21]\n',
 ' u_top.dataMemory.sram_odd_words/dout1[22]\n',
 ' u_top.dataMemory.sram_odd_words/dout1[23]\n',
 ' u_top.dataMemory.sram_odd_words/dout1[24]\n',
 ' u_top.dataMemory.sram_odd_words/dout1[25]\n',
 ' u_top.dataMemory.sram_odd_words/dout1[26]\n',
 ' u_top.dataMemory.sram_odd_words/dout1[27]\n',
 ' u_top.dataMemory.sram_odd_words/dout1[28]\n',
 ' u_top.dataMemory.sram_odd_words/dout1[29]\n',
 ' u_top.dataMemory.sram_odd_words/dout1[2]\n',
 ' u_top.dataMemory.sram_odd_words/dout1[30]\n',
 ' u_top.dataMemory.sram_odd_words/dout1[31]\n',
 ' u_top.dataMemory.sram_odd_words/dout1[3]\n',
 ' u_top.dataMemory.sram_odd_words/dout1[4]\n',
 ' u_top.dataMemory.sram_odd_words/dout1[5]\n',
 ' u_top.dataMemory.sram_odd_words/dout1[6]\n',
 ' u_top.dataMemory.sram_odd_words/dout1[7]\n',
 ' u_top.dataMemory.sram_odd_words/dout1[8]\n',
 ' u_top.dataMemory.sram_odd_words/dout1[9]\n',
 ' u_top.dataMemory.sram_odd_words_113/HI\n',
 ' u_top.dataMemory.sram_odd_words_114/HI\n',
 ' u_top.dataMemory.sram_odd_words_115/HI\n',
 ' u_top.dataMemory.sram_odd_words_116/HI\n',
 ' u_top.dataMemory.sram_odd_words_117/HI\n',
 ' u_top.dataMemory.sram_odd_words_118/HI\n',
 ' u_top.dataMemory.sram_odd_words_119/HI\n',
 ' u_top.dataMemory.sram_odd_words_120/HI\n',
 ' u_top.dataMemory.sram_odd_words_121/HI\n',
 ' u_top.dataMemory.sram_odd_words_122/HI\n',
 ' u_top.dataMemory.sram_odd_words_123/HI\n',
 ' u_top.dataMemory.sram_odd_words_124/HI\n',
 ' u_top.dataMemory.sram_odd_words_125/HI\n',
 ' u_top.dataMemory.sram_odd_words_126/HI\n',
 ' u_top.dataMemory.sram_odd_words_127/HI\n',
 ' u_top.dataMemory.sram_odd_words_128/HI\n',
 ' u_top.dataMemory.sram_odd_words_129/HI\n',
 ' u_top.dataMemory.sram_odd_words_130/HI\n',
 ' u_top.dataMemory.sram_odd_words_131/HI\n',
 ' u_top.dataMemory.sram_odd_words_132/HI\n',
 ' u_top.dataMemory.sram_odd_words_133/HI\n',
 ' u_top.dataMemory.sram_odd_words_134/HI\n',
 ' u_top.dataMemory.sram_odd_words_135/HI\n',
 ' u_top.dataMemory.sram_odd_words_136/HI\n',
 ' u_top.dataMemory.sram_odd_words_137/HI\n',
 ' u_top.dataMemory.sram_odd_words_138/HI\n',
 ' u_top.dataMemory.sram_odd_words_139/HI\n',
 ' u_top.dataMemory.sram_odd_words_140/HI\n',
 ' u_top.dataMemory.sram_odd_words_141/HI\n',
 ' u_top.dataMemory.sram_odd_words_142/HI\n',
 ' u_top.dataMemory.sram_odd_words_143/HI\n',
 ' u_top.dataMemory.sram_odd_words_144/HI\n',
 ' u_top.dataMemory.sram_odd_words_145/HI\n',
 ' u_top.dataMemory.sram_odd_words_146/HI\n',
 ' u_top.dataMemory.sram_odd_words_147/HI\n',
 ' u_top.dataMemory.sram_odd_words_148/HI\n',
 ' u_top.dataMemory.sram_odd_words_149/HI\n',
 ' u_top.dataMemory.sram_odd_words_150/HI\n',
 ' u_top.dataMemory.sram_odd_words_151/HI\n',
 ' u_top.dataMemory.sram_odd_words_152/HI\n',
 ' u_top.dataMemory.sram_odd_words_153/HI\n',
 'Found 0 partially unannotated drivers.\n',
 '\n']
Reported nets:
['_1667_/X',
 '_1667__154/HI',
 '_1668_/X',
 '_1668__155/HI',
 '_1669_/X',
 '_1669__156/HI',
 '_1670_/X',
 '_1670__157/HI',
 '_1671__163/LO',
 '_1673__158/HI',
 '_1675_/X',
 '_1676_/X',
 '_1677_/X',
 '_1678_/X',
 '_1679_/X',
 '_1680_/X',
 '_1681_/X',
 '_1682_/X',
 '_1683_/X',
 '_1684_/X',
 '_1684__159/HI',
 '_1685_/X',
 '_1686_/X',
 '_1687_/X',
 '_1688_/X',
 '_1688__160/HI',
 '_1689_/X',
 '_1690_/X',
 '_1691_/X',
 '_1692_/X',
 '_1692__161/HI',
 '_1693_/X',
 '_1694_/X',
 '_1695_/X',
 '_1696_/X',
 '_1696__162/HI',
 '_1697__164/LO',
 'clkload0/X',
 'clkload1/X',
 'clkload2/X',
 'u_top.dataMemory.sram_even_words/dout0[0]',
 'u_top.dataMemory.sram_even_words/dout0[10]',
 'u_top.dataMemory.sram_even_words/dout0[11]',
 'u_top.dataMemory.sram_even_words/dout0[12]',
 'u_top.dataMemory.sram_even_words/dout0[13]',
 'u_top.dataMemory.sram_even_words/dout0[14]',
 'u_top.dataMemory.sram_even_words/dout0[15]',
 'u_top.dataMemory.sram_even_words/dout0[16]',
 'u_top.dataMemory.sram_even_words/dout0[17]',
 'u_top.dataMemory.sram_even_words/dout0[18]',
 'u_top.dataMemory.sram_even_words/dout0[19]',
 'u_top.dataMemory.sram_even_words/dout0[1]',
 'u_top.dataMemory.sram_even_words/dout0[20]',
 'u_top.dataMemory.sram_even_words/dout0[21]',
 'u_top.dataMemory.sram_even_words/dout0[22]',
 'u_top.dataMemory.sram_even_words/dout0[23]',
 'u_top.dataMemory.sram_even_words/dout0[24]',
 'u_top.dataMemory.sram_even_words/dout0[25]',
 'u_top.dataMemory.sram_even_words/dout0[26]',
 'u_top.dataMemory.sram_even_words/dout0[27]',
 'u_top.dataMemory.sram_even_words/dout0[28]',
 'u_top.dataMemory.sram_even_words/dout0[29]',
 'u_top.dataMemory.sram_even_words/dout0[2]',
 'u_top.dataMemory.sram_even_words/dout0[30]',
 'u_top.dataMemory.sram_even_words/dout0[31]',
 'u_top.dataMemory.sram_even_words/dout0[3]',
 'u_top.dataMemory.sram_even_words/dout0[4]',
 'u_top.dataMemory.sram_even_words/dout0[5]',
 'u_top.dataMemory.sram_even_words/dout0[6]',
 'u_top.dataMemory.sram_even_words/dout0[7]',
 'u_top.dataMemory.sram_even_words/dout0[8]',
 'u_top.dataMemory.sram_even_words/dout0[9]',
 'u_top.dataMemory.sram_even_words/dout1[0]',
 'u_top.dataMemory.sram_even_words/dout1[10]',
 'u_top.dataMemory.sram_even_words/dout1[11]',
 'u_top.dataMemory.sram_even_words/dout1[12]',
 'u_top.dataMemory.sram_even_words/dout1[13]',
 'u_top.dataMemory.sram_even_words/dout1[14]',
 'u_top.dataMemory.sram_even_words/dout1[15]',
 'u_top.dataMemory.sram_even_words/dout1[16]',
 'u_top.dataMemory.sram_even_words/dout1[17]',
 'u_top.dataMemory.sram_even_words/dout1[18]',
 'u_top.dataMemory.sram_even_words/dout1[19]',
 'u_top.dataMemory.sram_even_words/dout1[1]',
 'u_top.dataMemory.sram_even_words/dout1[20]',
 'u_top.dataMemory.sram_even_words/dout1[21]',
 'u_top.dataMemory.sram_even_words/dout1[22]',
 'u_top.dataMemory.sram_even_words/dout1[23]',
 'u_top.dataMemory.sram_even_words/dout1[24]',
 'u_top.dataMemory.sram_even_words/dout1[25]',
 'u_top.dataMemory.sram_even_words/dout1[26]',
 'u_top.dataMemory.sram_even_words/dout1[27]',
 'u_top.dataMemory.sram_even_words/dout1[28]',
 'u_top.dataMemory.sram_even_words/dout1[29]',
 'u_top.dataMemory.sram_even_words/dout1[2]',
 'u_top.dataMemory.sram_even_words/dout1[30]',
 'u_top.dataMemory.sram_even_words/dout1[31]',
 'u_top.dataMemory.sram_even_words/dout1[3]',
 'u_top.dataMemory.sram_even_words/dout1[4]',
 'u_top.dataMemory.sram_even_words/dout1[5]',
 'u_top.dataMemory.sram_even_words/dout1[6]',
 'u_top.dataMemory.sram_even_words/dout1[7]',
 'u_top.dataMemory.sram_even_words/dout1[8]',
 'u_top.dataMemory.sram_even_words/dout1[9]',
 'u_top.dataMemory.sram_even_words_100/HI',
 'u_top.dataMemory.sram_even_words_101/HI',
 'u_top.dataMemory.sram_even_words_102/HI',
 'u_top.dataMemory.sram_even_words_103/HI',
 'u_top.dataMemory.sram_even_words_104/HI',
 'u_top.dataMemory.sram_even_words_105/HI',
 'u_top.dataMemory.sram_even_words_106/HI',
 'u_top.dataMemory.sram_even_words_107/HI',
 'u_top.dataMemory.sram_even_words_108/HI',
 'u_top.dataMemory.sram_even_words_109/HI',
 'u_top.dataMemory.sram_even_words_110/HI',
 'u_top.dataMemory.sram_even_words_111/HI',
 'u_top.dataMemory.sram_even_words_112/HI',
 'u_top.dataMemory.sram_even_words_72/HI',
 'u_top.dataMemory.sram_even_words_73/HI',
 'u_top.dataMemory.sram_even_words_74/HI',
 'u_top.dataMemory.sram_even_words_75/HI',
 'u_top.dataMemory.sram_even_words_76/HI',
 'u_top.dataMemory.sram_even_words_77/HI',
 'u_top.dataMemory.sram_even_words_78/HI',
 'u_top.dataMemory.sram_even_words_79/HI',
 'u_top.dataMemory.sram_even_words_80/HI',
 'u_top.dataMemory.sram_even_words_81/HI',
 'u_top.dataMemory.sram_even_words_82/HI',
 'u_top.dataMemory.sram_even_words_83/HI',
 'u_top.dataMemory.sram_even_words_84/HI',
 'u_top.dataMemory.sram_even_words_85/HI',
 'u_top.dataMemory.sram_even_words_86/HI',
 'u_top.dataMemory.sram_even_words_87/HI',
 'u_top.dataMemory.sram_even_words_88/HI',
 'u_top.dataMemory.sram_even_words_89/HI',
 'u_top.dataMemory.sram_even_words_90/HI',
 'u_top.dataMemory.sram_even_words_91/HI',
 'u_top.dataMemory.sram_even_words_92/HI',
 'u_top.dataMemory.sram_even_words_93/HI',
 'u_top.dataMemory.sram_even_words_94/HI',
 'u_top.dataMemory.sram_even_words_95/HI',
 'u_top.dataMemory.sram_even_words_96/HI',
 'u_top.dataMemory.sram_even_words_97/HI',
 'u_top.dataMemory.sram_even_words_98/HI',
 'u_top.dataMemory.sram_even_words_99/HI',
 'u_top.dataMemory.sram_odd_words/dout0[0]',
 'u_top.dataMemory.sram_odd_words/dout0[10]',
 'u_top.dataMemory.sram_odd_words/dout0[11]',
 'u_top.dataMemory.sram_odd_words/dout0[12]',
 'u_top.dataMemory.sram_odd_words/dout0[13]',
 'u_top.dataMemory.sram_odd_words/dout0[14]',
 'u_top.dataMemory.sram_odd_words/dout0[15]',
 'u_top.dataMemory.sram_odd_words/dout0[16]',
 'u_top.dataMemory.sram_odd_words/dout0[17]',
 'u_top.dataMemory.sram_odd_words/dout0[18]',
 'u_top.dataMemory.sram_odd_words/dout0[19]',
 'u_top.dataMemory.sram_odd_words/dout0[1]',
 'u_top.dataMemory.sram_odd_words/dout0[20]',
 'u_top.dataMemory.sram_odd_words/dout0[21]',
 'u_top.dataMemory.sram_odd_words/dout0[22]',
 'u_top.dataMemory.sram_odd_words/dout0[23]',
 'u_top.dataMemory.sram_odd_words/dout0[24]',
 'u_top.dataMemory.sram_odd_words/dout0[25]',
 'u_top.dataMemory.sram_odd_words/dout0[26]',
 'u_top.dataMemory.sram_odd_words/dout0[27]',
 'u_top.dataMemory.sram_odd_words/dout0[28]',
 'u_top.dataMemory.sram_odd_words/dout0[29]',
 'u_top.dataMemory.sram_odd_words/dout0[2]',
 'u_top.dataMemory.sram_odd_words/dout0[30]',
 'u_top.dataMemory.sram_odd_words/dout0[31]',
 'u_top.dataMemory.sram_odd_words/dout0[3]',
 'u_top.dataMemory.sram_odd_words/dout0[4]',
 'u_top.dataMemory.sram_odd_words/dout0[5]',
 'u_top.dataMemory.sram_odd_words/dout0[6]',
 'u_top.dataMemory.sram_odd_words/dout0[7]',
 'u_top.dataMemory.sram_odd_words/dout0[8]',
 'u_top.dataMemory.sram_odd_words/dout0[9]',
 'u_top.dataMemory.sram_odd_words/dout1[0]',
 'u_top.dataMemory.sram_odd_words/dout1[10]',
 'u_top.dataMemory.sram_odd_words/dout1[11]',
 'u_top.dataMemory.sram_odd_words/dout1[12]',
 'u_top.dataMemory.sram_odd_words/dout1[13]',
 'u_top.dataMemory.sram_odd_words/dout1[14]',
 'u_top.dataMemory.sram_odd_words/dout1[15]',
 'u_top.dataMemory.sram_odd_words/dout1[16]',
 'u_top.dataMemory.sram_odd_words/dout1[17]',
 'u_top.dataMemory.sram_odd_words/dout1[18]',
 'u_top.dataMemory.sram_odd_words/dout1[19]',
 'u_top.dataMemory.sram_odd_words/dout1[1]',
 'u_top.dataMemory.sram_odd_words/dout1[20]',
 'u_top.dataMemory.sram_odd_words/dout1[21]',
 'u_top.dataMemory.sram_odd_words/dout1[22]',
 'u_top.dataMemory.sram_odd_words/dout1[23]',
 'u_top.dataMemory.sram_odd_words/dout1[24]',
 'u_top.dataMemory.sram_odd_words/dout1[25]',
 'u_top.dataMemory.sram_odd_words/dout1[26]',
 'u_top.dataMemory.sram_odd_words/dout1[27]',
 'u_top.dataMemory.sram_odd_words/dout1[28]',
 'u_top.dataMemory.sram_odd_words/dout1[29]',
 'u_top.dataMemory.sram_odd_words/dout1[2]',
 'u_top.dataMemory.sram_odd_words/dout1[30]',
 'u_top.dataMemory.sram_odd_words/dout1[31]',
 'u_top.dataMemory.sram_odd_words/dout1[3]',
 'u_top.dataMemory.sram_odd_words/dout1[4]',
 'u_top.dataMemory.sram_odd_words/dout1[5]',
 'u_top.dataMemory.sram_odd_words/dout1[6]',
 'u_top.dataMemory.sram_odd_words/dout1[7]',
 'u_top.dataMemory.sram_odd_words/dout1[8]',
 'u_top.dataMemory.sram_odd_words/dout1[9]',
 'u_top.dataMemory.sram_odd_words_113/HI',
 'u_top.dataMemory.sram_odd_words_114/HI',
 'u_top.dataMemory.sram_odd_words_115/HI',
 'u_top.dataMemory.sram_odd_words_116/HI',
 'u_top.dataMemory.sram_odd_words_117/HI',
 'u_top.dataMemory.sram_odd_words_118/HI',
 'u_top.dataMemory.sram_odd_words_119/HI',
 'u_top.dataMemory.sram_odd_words_120/HI',
 'u_top.dataMemory.sram_odd_words_121/HI',
 'u_top.dataMemory.sram_odd_words_122/HI',
 'u_top.dataMemory.sram_odd_words_123/HI',
 'u_top.dataMemory.sram_odd_words_124/HI',
 'u_top.dataMemory.sram_odd_words_125/HI',
 'u_top.dataMemory.sram_odd_words_126/HI',
 'u_top.dataMemory.sram_odd_words_127/HI',
 'u_top.dataMemory.sram_odd_words_128/HI',
 'u_top.dataMemory.sram_odd_words_129/HI',
 'u_top.dataMemory.sram_odd_words_130/HI',
 'u_top.dataMemory.sram_odd_words_131/HI',
 'u_top.dataMemory.sram_odd_words_132/HI',
 'u_top.dataMemory.sram_odd_words_133/HI',
 'u_top.dataMemory.sram_odd_words_134/HI',
 'u_top.dataMemory.sram_odd_words_135/HI',
 'u_top.dataMemory.sram_odd_words_136/HI',
 'u_top.dataMemory.sram_odd_words_137/HI',
 'u_top.dataMemory.sram_odd_words_138/HI',
 'u_top.dataMemory.sram_odd_words_139/HI',
 'u_top.dataMemory.sram_odd_words_140/HI',
 'u_top.dataMemory.sram_odd_words_141/HI',
 'u_top.dataMemory.sram_odd_words_142/HI',
 'u_top.dataMemory.sram_odd_words_143/HI',
 'u_top.dataMemory.sram_odd_words_144/HI',
 'u_top.dataMemory.sram_odd_words_145/HI',
 'u_top.dataMemory.sram_odd_words_146/HI',
 'u_top.dataMemory.sram_odd_words_147/HI',
 'u_top.dataMemory.sram_odd_words_148/HI',
 'u_top.dataMemory.sram_odd_words_149/HI',
 'u_top.dataMemory.sram_odd_words_150/HI',
 'u_top.dataMemory.sram_odd_words_151/HI',
 'u_top.dataMemory.sram_odd_words_152/HI',
 'u_top.dataMemory.sram_odd_words_153/HI']
Filtered nets:
[]
done
