
===========================================================================
 report_power
============================================================================
======================= max_ff_n40C_1v95 Corner ===================================

Group                    Internal    Switching      Leakage        Total
                            Power        Power        Power        Power (Watts)
------------------------------------------------------------------------
Sequential           6.056624e-04 5.780249e-07 2.736295e-09 6.062431e-04   4.8%
Combinational        2.187841e-05 3.563180e-05 9.532482e-09 5.751974e-05   0.5%
Clock                5.190061e-04 3.998227e-04 7.951311e-07 9.196239e-04   7.3%
Macro                1.104672e-02 0.000000e+00 3.545200e-05 1.108217e-02  87.5%
Pad                  0.000000e+00 0.000000e+00 0.000000e+00 0.000000e+00   0.0%
------------------------------------------------------------------------
Total                1.219327e-02 4.360325e-04 3.625941e-05 1.266556e-02 100.0%
                            96.3%         3.4%         0.3%

