#Unconstrained setup timing startpoint/endpoint

timing_node_id node_type node_name
-------------- --------- ---------
0 .input CLK100MHZ.inpad[0]
1 .input btn_mode[0].inpad[0]
2 .input btn_mode[1].inpad[0]
3 .input btn_reset.inpad[0]
199 FDPE_ZINI $auto$ff.cc:266:slice$16686.Q[0]
1157 FDCE_ZINI $auto$ff.cc:266:slice$16120.CLR[0]
1158 FDCE_ZINI $auto$ff.cc:266:slice$16121.CLR[0]
1159 FDCE_ZINI $auto$ff.cc:266:slice$16452.CLR[0]
1160 FDCE_ZINI $auto$ff.cc:266:slice$16453.CLR[0]
1161 FDCE_ZINI $auto$ff.cc:266:slice$16454.CLR[0]
1162 FDCE_ZINI $auto$ff.cc:266:slice$16455.CLR[0]
1163 FDCE_ZINI $auto$ff.cc:266:slice$16456.CLR[0]
1164 FDCE_ZINI $auto$ff.cc:266:slice$16457.CLR[0]
1165 FDCE_ZINI $auto$ff.cc:266:slice$16458.CLR[0]
1166 FDPE_ZINI $auto$ff.cc:266:slice$16461.PRE[0]
1167 FDPE_ZINI $auto$ff.cc:266:slice$16462.PRE[0]
1168 FDPE_ZINI $auto$ff.cc:266:slice$16463.PRE[0]
1169 FDPE_ZINI $auto$ff.cc:266:slice$16464.PRE[0]
1170 FDPE_ZINI $auto$ff.cc:266:slice$16465.PRE[0]
1171 FDPE_ZINI $auto$ff.cc:266:slice$16466.PRE[0]
1172 FDPE_ZINI $auto$ff.cc:266:slice$16467.PRE[0]
1173 FDPE_ZINI $auto$ff.cc:266:slice$16468.PRE[0]
1174 FDCE_ZINI $auto$ff.cc:266:slice$16653.CLR[0]
1175 FDCE_ZINI $auto$ff.cc:266:slice$16654.CLR[0]
1176 FDCE_ZINI $auto$ff.cc:266:slice$16655.CLR[0]
1177 FDCE_ZINI $auto$ff.cc:266:slice$16656.CLR[0]
1178 FDCE_ZINI $auto$ff.cc:266:slice$16657.CLR[0]
1179 FDCE_ZINI $auto$ff.cc:266:slice$16658.CLR[0]
1180 FDCE_ZINI $auto$ff.cc:266:slice$16659.CLR[0]
1181 FDCE_ZINI $auto$ff.cc:266:slice$16660.CLR[0]
1182 FDCE_ZINI $auto$ff.cc:266:slice$16661.CLR[0]
1183 FDCE_ZINI $auto$ff.cc:266:slice$16662.CLR[0]
1184 FDCE_ZINI $auto$ff.cc:266:slice$16663.CLR[0]
1185 FDCE_ZINI $auto$ff.cc:266:slice$16664.CLR[0]
1186 FDCE_ZINI $auto$ff.cc:266:slice$16665.CLR[0]
1187 FDCE_ZINI $auto$ff.cc:266:slice$16666.CLR[0]
1188 FDCE_ZINI $auto$ff.cc:266:slice$16667.CLR[0]
1189 FDCE_ZINI $auto$ff.cc:266:slice$16668.CLR[0]
1190 FDCE_ZINI $auto$ff.cc:266:slice$16669.CLR[0]
1191 FDCE_ZINI $auto$ff.cc:266:slice$16670.CLR[0]
1192 FDCE_ZINI $auto$ff.cc:266:slice$16671.CLR[0]
1193 FDCE_ZINI $auto$ff.cc:266:slice$16672.CLR[0]
1194 FDCE_ZINI $auto$ff.cc:266:slice$16673.CLR[0]
1195 FDCE_ZINI $auto$ff.cc:266:slice$16674.CLR[0]
1196 FDCE_ZINI $auto$ff.cc:266:slice$16675.CLR[0]
1197 FDCE_ZINI $auto$ff.cc:266:slice$16676.CLR[0]
1198 FDCE_ZINI $auto$ff.cc:266:slice$16677.CLR[0]
1199 FDCE_ZINI $auto$ff.cc:266:slice$16678.CLR[0]
1200 FDCE_ZINI $auto$ff.cc:266:slice$16679.CLR[0]
1201 FDCE_ZINI $auto$ff.cc:266:slice$16680.CLR[0]
1202 FDCE_ZINI $auto$ff.cc:266:slice$16681.CLR[0]
1203 FDCE_ZINI $auto$ff.cc:266:slice$16682.CLR[0]
1204 FDCE_ZINI $auto$ff.cc:266:slice$16683.CLR[0]
1205 FDCE_ZINI $auto$ff.cc:266:slice$16684.CLR[0]
1206 FDCE_ZINI $auto$ff.cc:266:slice$16685.CLR[0]
1207 FDPE_ZINI $auto$ff.cc:266:slice$16686.PRE[0]
1208 FDCE_ZINI $auto$ff.cc:266:slice$16687.CLR[0]
1209 FDCE_ZINI $auto$ff.cc:266:slice$16688.CLR[0]
1210 FDCE_ZINI $auto$ff.cc:266:slice$16689.CLR[0]
1211 FDCE_ZINI $auto$ff.cc:266:slice$16690.CLR[0]
1212 FDCE_ZINI $auto$ff.cc:266:slice$16706.CLR[0]
1224 .output out:uart_tx.outpad[0]
1225 .output out:led[0].outpad[0]
1226 .output out:led[1].outpad[0]
1227 .output out:led[2].outpad[0]
1236 .output out:led[3].outpad[0]

#End of unconstrained setup startpoint/endpoint report
