[WARNING ORD-0039] .openroad ignored with -python
                                Cells by Master                                 
┏━━━━━━━━━━━━━━━━━━━━━━━━━━━━━━━━━━━━━━━━━━━━━━━━━━━━━━━━━━━━━━━┳━━━━━━━━━━━━━━┓
┃ Cell                                                          ┃ Count        ┃
┡━━━━━━━━━━━━━━━━━━━━━━━━━━━━━━━━━━━━━━━━━━━━━━━━━━━━━━━━━━━━━━━╇━━━━━━━━━━━━━━┩
│ sky130_fd_sc_hd__a2111o_2                                     │ 1            │
│ sky130_fd_sc_hd__a2111oi_2                                    │ 1            │
│ sky130_fd_sc_hd__a211o_2                                      │ 1            │
│ sky130_fd_sc_hd__a21boi_2                                     │ 1            │
│ sky130_fd_sc_hd__a21o_2                                       │ 12           │
│ sky130_fd_sc_hd__a21oi_2                                      │ 12           │
│ sky130_fd_sc_hd__a22o_2                                       │ 17           │
│ sky130_fd_sc_hd__a31o_2                                       │ 2            │
│ sky130_fd_sc_hd__a32o_2                                       │ 8            │
│ sky130_fd_sc_hd__a41o_2                                       │ 1            │
│ sky130_fd_sc_hd__and2_2                                       │ 87           │
│ sky130_fd_sc_hd__and2b_2                                      │ 5            │
│ sky130_fd_sc_hd__and3_2                                       │ 20           │
│ sky130_fd_sc_hd__and3_4                                       │ 1            │
│ sky130_fd_sc_hd__and3b_2                                      │ 10           │
│ sky130_fd_sc_hd__and4_2                                       │ 12           │
│ sky130_fd_sc_hd__and4_4                                       │ 1            │
│ sky130_fd_sc_hd__and4b_2                                      │ 2            │
│ sky130_fd_sc_hd__buf_1                                        │ 16           │
│ sky130_fd_sc_hd__buf_12                                       │ 2            │
│ sky130_fd_sc_hd__buf_2                                        │ 339          │
│ sky130_fd_sc_hd__buf_4                                        │ 4            │
│ sky130_fd_sc_hd__buf_6                                        │ 9            │
│ sky130_fd_sc_hd__buf_8                                        │ 5            │
│ sky130_fd_sc_hd__clkbuf_16                                    │ 21           │
│ sky130_fd_sc_hd__clkbuf_2                                     │ 2            │
│ sky130_fd_sc_hd__clkbuf_4                                     │ 3            │
│ sky130_fd_sc_hd__clkbuf_8                                     │ 8            │
│ sky130_fd_sc_hd__clkdlybuf4s25_1                              │ 57           │
│ sky130_fd_sc_hd__conb_1                                       │ 93           │
│ sky130_fd_sc_hd__decap_3                                      │ 208402       │
│ sky130_fd_sc_hd__dfrtp_2                                      │ 11           │
│ sky130_fd_sc_hd__dfstp_4                                      │ 1            │
│ sky130_fd_sc_hd__dfxtp_2                                      │ 116          │
│ sky130_fd_sc_hd__dfxtp_4                                      │ 2            │
│ sky130_fd_sc_hd__diode_2                                      │ 14           │
│ sky130_fd_sc_hd__fill_1                                       │ 11356        │
│ sky130_fd_sc_hd__fill_2                                       │ 1061         │
│ sky130_fd_sc_hd__inv_2                                        │ 33           │
│ sky130_fd_sc_hd__inv_4                                        │ 1            │
│ sky130_fd_sc_hd__mux2_1                                       │ 1            │
│ sky130_fd_sc_hd__mux4_2                                       │ 7            │
│ sky130_fd_sc_hd__nand2_2                                      │ 10           │
│ sky130_fd_sc_hd__nand2b_2                                     │ 2            │
│ sky130_fd_sc_hd__nand2b_4                                     │ 1            │
│ sky130_fd_sc_hd__nand3_2                                      │ 2            │
│ sky130_fd_sc_hd__nand3b_2                                     │ 4            │
│ sky130_fd_sc_hd__nand4_4                                      │ 2            │
│ sky130_fd_sc_hd__nor2_2                                       │ 23           │
│ sky130_fd_sc_hd__nor2_4                                       │ 2            │
│ sky130_fd_sc_hd__nor4_4                                       │ 1            │
│ sky130_fd_sc_hd__o2111a_2                                     │ 7            │
│ sky130_fd_sc_hd__o211a_2                                      │ 3            │
│ sky130_fd_sc_hd__o211a_4                                      │ 1            │
│ sky130_fd_sc_hd__o21a_2                                       │ 3            │
│ sky130_fd_sc_hd__o21ai_2                                      │ 17           │
│ sky130_fd_sc_hd__o21ba_2                                      │ 1            │
│ sky130_fd_sc_hd__o221a_2                                      │ 7            │
│ sky130_fd_sc_hd__o221a_4                                      │ 4            │
│ sky130_fd_sc_hd__o221ai_2                                     │ 1            │
│ sky130_fd_sc_hd__o22a_2                                       │ 11           │
│ sky130_fd_sc_hd__o2bb2a_2                                     │ 1            │
│ sky130_fd_sc_hd__o31ai_2                                      │ 1            │
│ sky130_fd_sc_hd__or2_2                                        │ 6            │
│ sky130_fd_sc_hd__or2_4                                        │ 4            │
│ sky130_fd_sc_hd__or3_4                                        │ 2            │
│ sky130_fd_sc_hd__or3b_4                                       │ 6            │
│ sky130_fd_sc_hd__tapvpwrvgnd_1                                │ 11929        │
│ sky130_fd_sc_hd__xnor2_2                                      │ 4            │
│ sky130_fd_sc_hd__xor2_2                                       │ 1            │
│ sky130_sram_2kbyte_1rw1r_32x512_8                             │ 2            │
└───────────────────────────────────────────────────────────────┴──────────────┘
                               Cells by Function                                
┏━━━━━━━━━━━━━━━━━━━━━━━━━━━━━━━━━━━━━━━━━━━━━━━━━━━━━━━━━━━━━━┳━━━━━━━━━━━━━━━┓
┃ Cell Function                                                ┃ Count         ┃
┡━━━━━━━━━━━━━━━━━━━━━━━━━━━━━━━━━━━━━━━━━━━━━━━━━━━━━━━━━━━━━━╇━━━━━━━━━━━━━━━┩
│ sky130_fd_sc_hd__a2111o                                      │ 1             │
│ sky130_fd_sc_hd__a2111oi                                     │ 1             │
│ sky130_fd_sc_hd__a211o                                       │ 1             │
│ sky130_fd_sc_hd__a21boi                                      │ 1             │
│ sky130_fd_sc_hd__a21o                                        │ 12            │
│ sky130_fd_sc_hd__a21oi                                       │ 12            │
│ sky130_fd_sc_hd__a22o                                        │ 17            │
│ sky130_fd_sc_hd__a31o                                        │ 2             │
│ sky130_fd_sc_hd__a32o                                        │ 8             │
│ sky130_fd_sc_hd__a41o                                        │ 1             │
│ sky130_fd_sc_hd__and2                                        │ 87            │
│ sky130_fd_sc_hd__and2b                                       │ 5             │
│ sky130_fd_sc_hd__and3                                        │ 21            │
│ sky130_fd_sc_hd__and3b                                       │ 10            │
│ sky130_fd_sc_hd__and4                                        │ 13            │
│ sky130_fd_sc_hd__and4b                                       │ 2             │
│ sky130_fd_sc_hd__buf                                         │ 375           │
│ sky130_fd_sc_hd__clkbuf                                      │ 34            │
│ sky130_fd_sc_hd__clkdlybuf4s25                               │ 57            │
│ sky130_fd_sc_hd__conb                                        │ 93            │
│ sky130_fd_sc_hd__decap                                       │ 208402        │
│ sky130_fd_sc_hd__dfrtp                                       │ 11            │
│ sky130_fd_sc_hd__dfstp                                       │ 1             │
│ sky130_fd_sc_hd__dfxtp                                       │ 118           │
│ sky130_fd_sc_hd__diode                                       │ 14            │
│ sky130_fd_sc_hd__fill                                        │ 12417         │
│ sky130_fd_sc_hd__inv                                         │ 34            │
│ sky130_fd_sc_hd__mux2                                        │ 1             │
│ sky130_fd_sc_hd__mux4                                        │ 7             │
│ sky130_fd_sc_hd__nand2                                       │ 10            │
│ sky130_fd_sc_hd__nand2b                                      │ 3             │
│ sky130_fd_sc_hd__nand3                                       │ 2             │
│ sky130_fd_sc_hd__nand3b                                      │ 4             │
│ sky130_fd_sc_hd__nand4                                       │ 2             │
│ sky130_fd_sc_hd__nor2                                        │ 25            │
│ sky130_fd_sc_hd__nor4                                        │ 1             │
│ sky130_fd_sc_hd__o2111a                                      │ 7             │
│ sky130_fd_sc_hd__o211a                                       │ 4             │
│ sky130_fd_sc_hd__o21a                                        │ 3             │
│ sky130_fd_sc_hd__o21ai                                       │ 17            │
│ sky130_fd_sc_hd__o21ba                                       │ 1             │
│ sky130_fd_sc_hd__o221a                                       │ 11            │
│ sky130_fd_sc_hd__o221ai                                      │ 1             │
│ sky130_fd_sc_hd__o22a                                        │ 11            │
│ sky130_fd_sc_hd__o2bb2a                                      │ 1             │
│ sky130_fd_sc_hd__o31ai                                       │ 1             │
│ sky130_fd_sc_hd__or2                                         │ 10            │
│ sky130_fd_sc_hd__or3                                         │ 2             │
│ sky130_fd_sc_hd__or3b                                        │ 6             │
│ sky130_fd_sc_hd__tapvpwrvgnd                                 │ 11929         │
│ sky130_fd_sc_hd__xnor2                                       │ 4             │
│ sky130_fd_sc_hd__xor2                                        │ 1             │
└──────────────────────────────────────────────────────────────┴───────────────┘
                                  Cells by SCL                                  
┏━━━━━━━━━━━━━━━━━━━━━━━━━━━━━━━━━━━━━━━━━━━━━━━━━━━━━┳━━━━━━━━━━━━━━━━━━━━━━━━┓
┃ SCL                                                 ┃ Count                  ┃
┡━━━━━━━━━━━━━━━━━━━━━━━━━━━━━━━━━━━━━━━━━━━━━━━━━━━━━╇━━━━━━━━━━━━━━━━━━━━━━━━┩
│ sky130_fd_sc_hd                                     │ 233814                 │
└─────────────────────────────────────────────────────┴────────────────────────┘
                             Buffers by Cell Master                             
┏━━━━━━━━━━━━━━━━━━━━━━━━━━━━━━━━━━━━━━━━━━━━━━━━━━━━━━━━━━━━━━━━┳━━━━━━━━━━━━━┓
┃ Buffer                                                         ┃ Count       ┃
┡━━━━━━━━━━━━━━━━━━━━━━━━━━━━━━━━━━━━━━━━━━━━━━━━━━━━━━━━━━━━━━━━╇━━━━━━━━━━━━━┩
│ sky130_fd_sc_hd__buf_1                                         │ 16          │
│ sky130_fd_sc_hd__buf_12                                        │ 2           │
│ sky130_fd_sc_hd__buf_2                                         │ 339         │
│ sky130_fd_sc_hd__buf_4                                         │ 4           │
│ sky130_fd_sc_hd__buf_6                                         │ 9           │
│ sky130_fd_sc_hd__buf_8                                         │ 5           │
│ sky130_fd_sc_hd__clkbuf_16                                     │ 21          │
│ sky130_fd_sc_hd__clkbuf_2                                      │ 2           │
│ sky130_fd_sc_hd__clkbuf_4                                      │ 3           │
│ sky130_fd_sc_hd__clkbuf_8                                      │ 8           │
│ sky130_fd_sc_hd__clkdlybuf4s25_1                               │ 57          │
└────────────────────────────────────────────────────────────────┴─────────────┘
